Component: ARM Compiler 6.15 Tool: armlink [5dd79300]

==============================================================================

Section Cross References

    stm32l4xx_hal.o(.text.HAL_Init) refers to stm32l4xx_hal_cortex.o(.text.HAL_NVIC_SetPriorityGrouping) for HAL_NVIC_SetPriorityGrouping
    stm32l4xx_hal.o(.text.HAL_Init) refers to stm32l4xx_hal.o(.text.HAL_InitTick) for HAL_InitTick
    stm32l4xx_hal.o(.text.HAL_Init) refers to stm32l4xx_hal_msp.o(.text.HAL_MspInit) for HAL_MspInit
    stm32l4xx_hal.o(.ARM.exidx.text.HAL_Init) refers to stm32l4xx_hal.o(.text.HAL_Init) for [Anonymous Symbol]
    stm32l4xx_hal.o(.text.HAL_InitTick) refers to stm32l4xx_hal.o(.data.uwTickFreq) for uwTickFreq
    stm32l4xx_hal.o(.text.HAL_InitTick) refers to system_stm32l4xx.o(.data.SystemCoreClock) for SystemCoreClock
    stm32l4xx_hal.o(.text.HAL_InitTick) refers to stm32l4xx_hal_cortex.o(.text.HAL_SYSTICK_Config) for HAL_SYSTICK_Config
    stm32l4xx_hal.o(.text.HAL_InitTick) refers to stm32l4xx_hal_cortex.o(.text.HAL_NVIC_SetPriority) for HAL_NVIC_SetPriority
    stm32l4xx_hal.o(.text.HAL_InitTick) refers to stm32l4xx_hal.o(.data.uwTickPrio) for uwTickPrio
    stm32l4xx_hal.o(.ARM.exidx.text.HAL_InitTick) refers to stm32l4xx_hal.o(.text.HAL_InitTick) for [Anonymous Symbol]
    stm32l4xx_hal.o(.ARM.exidx.text.HAL_MspInit) refers to stm32l4xx_hal.o(.text.HAL_MspInit) for [Anonymous Symbol]
    stm32l4xx_hal.o(.text.HAL_DeInit) refers to stm32l4xx_hal.o(.text.HAL_MspDeInit) for HAL_MspDeInit
    stm32l4xx_hal.o(.ARM.exidx.text.HAL_DeInit) refers to stm32l4xx_hal.o(.text.HAL_DeInit) for [Anonymous Symbol]
    stm32l4xx_hal.o(.ARM.exidx.text.HAL_MspDeInit) refers to stm32l4xx_hal.o(.text.HAL_MspDeInit) for [Anonymous Symbol]
    stm32l4xx_hal.o(.text.HAL_IncTick) refers to stm32l4xx_hal.o(.data.uwTickFreq) for uwTickFreq
    stm32l4xx_hal.o(.text.HAL_IncTick) refers to stm32l4xx_hal.o(.bss.uwTick) for uwTick
    stm32l4xx_hal.o(.ARM.exidx.text.HAL_IncTick) refers to stm32l4xx_hal.o(.text.HAL_IncTick) for [Anonymous Symbol]
    stm32l4xx_hal.o(.text.HAL_GetTick) refers to stm32l4xx_hal.o(.bss.uwTick) for uwTick
    stm32l4xx_hal.o(.ARM.exidx.text.HAL_GetTick) refers to stm32l4xx_hal.o(.text.HAL_GetTick) for [Anonymous Symbol]
    stm32l4xx_hal.o(.text.HAL_GetTickPrio) refers to stm32l4xx_hal.o(.data.uwTickPrio) for uwTickPrio
    stm32l4xx_hal.o(.ARM.exidx.text.HAL_GetTickPrio) refers to stm32l4xx_hal.o(.text.HAL_GetTickPrio) for [Anonymous Symbol]
    stm32l4xx_hal.o(.text.HAL_SetTickFreq) refers to stm32l4xx_hal.o(.data.uwTickFreq) for uwTickFreq
    stm32l4xx_hal.o(.text.HAL_SetTickFreq) refers to stm32l4xx_hal.o(.data.uwTickPrio) for uwTickPrio
    stm32l4xx_hal.o(.text.HAL_SetTickFreq) refers to stm32l4xx_hal.o(.text.HAL_InitTick) for HAL_InitTick
    stm32l4xx_hal.o(.ARM.exidx.text.HAL_SetTickFreq) refers to stm32l4xx_hal.o(.text.HAL_SetTickFreq) for [Anonymous Symbol]
    stm32l4xx_hal.o(.text.HAL_GetTickFreq) refers to stm32l4xx_hal.o(.data.uwTickFreq) for uwTickFreq
    stm32l4xx_hal.o(.ARM.exidx.text.HAL_GetTickFreq) refers to stm32l4xx_hal.o(.text.HAL_GetTickFreq) for [Anonymous Symbol]
    stm32l4xx_hal.o(.text.HAL_Delay) refers to stm32l4xx_hal.o(.text.HAL_GetTick) for HAL_GetTick
    stm32l4xx_hal.o(.text.HAL_Delay) refers to stm32l4xx_hal.o(.data.uwTickFreq) for uwTickFreq
    stm32l4xx_hal.o(.ARM.exidx.text.HAL_Delay) refers to stm32l4xx_hal.o(.text.HAL_Delay) for [Anonymous Symbol]
    stm32l4xx_hal.o(.ARM.exidx.text.HAL_SuspendTick) refers to stm32l4xx_hal.o(.text.HAL_SuspendTick) for [Anonymous Symbol]
    stm32l4xx_hal.o(.ARM.exidx.text.HAL_ResumeTick) refers to stm32l4xx_hal.o(.text.HAL_ResumeTick) for [Anonymous Symbol]
    stm32l4xx_hal.o(.ARM.exidx.text.HAL_GetHalVersion) refers to stm32l4xx_hal.o(.text.HAL_GetHalVersion) for [Anonymous Symbol]
    stm32l4xx_hal.o(.ARM.exidx.text.HAL_GetREVID) refers to stm32l4xx_hal.o(.text.HAL_GetREVID) for [Anonymous Symbol]
    stm32l4xx_hal.o(.ARM.exidx.text.HAL_GetDEVID) refers to stm32l4xx_hal.o(.text.HAL_GetDEVID) for [Anonymous Symbol]
    stm32l4xx_hal.o(.ARM.exidx.text.HAL_GetUIDw0) refers to stm32l4xx_hal.o(.text.HAL_GetUIDw0) for [Anonymous Symbol]
    stm32l4xx_hal.o(.ARM.exidx.text.HAL_GetUIDw1) refers to stm32l4xx_hal.o(.text.HAL_GetUIDw1) for [Anonymous Symbol]
    stm32l4xx_hal.o(.ARM.exidx.text.HAL_GetUIDw2) refers to stm32l4xx_hal.o(.text.HAL_GetUIDw2) for [Anonymous Symbol]
    stm32l4xx_hal.o(.ARM.exidx.text.HAL_DBGMCU_EnableDBGSleepMode) refers to stm32l4xx_hal.o(.text.HAL_DBGMCU_EnableDBGSleepMode) for [Anonymous Symbol]
    stm32l4xx_hal.o(.ARM.exidx.text.HAL_DBGMCU_DisableDBGSleepMode) refers to stm32l4xx_hal.o(.text.HAL_DBGMCU_DisableDBGSleepMode) for [Anonymous Symbol]
    stm32l4xx_hal.o(.ARM.exidx.text.HAL_DBGMCU_EnableDBGStopMode) refers to stm32l4xx_hal.o(.text.HAL_DBGMCU_EnableDBGStopMode) for [Anonymous Symbol]
[...]
    Removing stm32l4xx_hal_i2c.o(.ARM.exidx.text.I2C_ITMasterCplt), (8 bytes).
    Removing stm32l4xx_hal_i2c.o(.text.I2C_ITSlaveCplt), (568 bytes).
    Removing stm32l4xx_hal_i2c.o(.ARM.exidx.text.I2C_ITSlaveCplt), (8 bytes).
    Removing stm32l4xx_hal_i2c.o(.text.I2C_ITListenCplt), (158 bytes).
    Removing stm32l4xx_hal_i2c.o(.ARM.exidx.text.I2C_ITListenCplt), (8 bytes).
    Removing stm32l4xx_hal_i2c.o(.text.I2C_ITSlaveSeqCplt), (200 bytes).
    Removing stm32l4xx_hal_i2c.o(.ARM.exidx.text.I2C_ITSlaveSeqCplt), (8 bytes).
    Removing stm32l4xx_hal_i2c.o(.text.I2C_ITAddrCplt), (300 bytes).
    Removing stm32l4xx_hal_i2c.o(.ARM.exidx.text.I2C_ITAddrCplt), (8 bytes).
    Removing stm32l4xx_hal_i2c.o(.text.I2C_TreatErrorCallback), (82 bytes).
    Removing stm32l4xx_hal_i2c.o(.ARM.exidx.text.I2C_TreatErrorCallback), (8 bytes).
    Removing stm32l4xx_hal_i2c.o(.text.I2C_IsAcknowledgeFailed), (240 bytes).
    Removing stm32l4xx_hal_i2c.o(.ARM.exidx.text.I2C_IsAcknowledgeFailed), (8 bytes).
    Removing stm32l4xx_hal_i2c_ex.o(.text), (0 bytes).
    Removing stm32l4xx_hal_i2c_ex.o(.text.HAL_I2CEx_ConfigAnalogFilter), (152 bytes).
    Removing stm32l4xx_hal_i2c_ex.o(.ARM.exidx.text.HAL_I2CEx_ConfigAnalogFilter), (8 bytes).
    Removing stm32l4xx_hal_i2c_ex.o(.text.HAL_I2CEx_ConfigDigitalFilter), (162 bytes).
    Removing stm32l4xx_hal_i2c_ex.o(.ARM.exidx.text.HAL_I2CEx_ConfigDigitalFilter), (8 bytes).
    Removing stm32l4xx_hal_i2c_ex.o(.text.HAL_I2CEx_EnableWakeUp), (138 bytes).
    Removing stm32l4xx_hal_i2c_ex.o(.ARM.exidx.text.HAL_I2CEx_EnableWakeUp), (8 bytes).
    Removing stm32l4xx_hal_i2c_ex.o(.text.HAL_I2CEx_DisableWakeUp), (138 bytes).
    Removing stm32l4xx_hal_i2c_ex.o(.ARM.exidx.text.HAL_I2CEx_DisableWakeUp), (8 bytes).
    Removing stm32l4xx_hal_i2c_ex.o(.text.HAL_I2CEx_EnableFastModePlus), (52 bytes).
    Removing stm32l4xx_hal_i2c_ex.o(.ARM.exidx.text.HAL_I2CEx_EnableFastModePlus), (8 bytes).
    Removing stm32l4xx_hal_i2c_ex.o(.text.HAL_I2CEx_DisableFastModePlus), (54 bytes).
    Removing stm32l4xx_hal_i2c_ex.o(.ARM.exidx.text.HAL_I2CEx_DisableFastModePlus), (8 bytes).
    Removing stm32l4xx_hal_iwdg.o(.text), (0 bytes).
    Removing stm32l4xx_hal_lptim.o(.text), (0 bytes).
    Removing stm32l4xx_hal_pwr.o(.text), (0 bytes).
    Removing stm32l4xx_hal_pwr.o(.text.HAL_PWR_DeInit), (26 bytes).
    Removing stm32l4xx_hal_pwr.o(.ARM.exidx.text.HAL_PWR_DeInit), (8 bytes).
    Removing stm32l4xx_hal_pwr.o(.text.HAL_PWR_EnableBkUpAccess), (18 bytes).
    Removing stm32l4xx_hal_pwr.o(.ARM.exidx.text.HAL_PWR_EnableBkUpAccess), (8 bytes).
    Removing stm32l4xx_hal_pwr.o(.text.HAL_PWR_DisableBkUpAccess), (18 bytes).
    Removing stm32l4xx_hal_pwr.o(.ARM.exidx.text.HAL_PWR_DisableBkUpAccess), (8 bytes).
    Removing stm32l4xx_hal_pwr.o(.text.HAL_PWR_ConfigPVD), (216 bytes).
    Removing stm32l4xx_hal_pwr.o(.ARM.exidx.text.HAL_PWR_ConfigPVD), (8 bytes).
    Removing stm32l4xx_hal_pwr.o(.text.HAL_PWR_EnablePVD), (18 bytes).
    Removing stm32l4xx_hal_pwr.o(.ARM.exidx.text.HAL_PWR_EnablePVD), (8 bytes).
    Removing stm32l4xx_hal_pwr.o(.text.HAL_PWR_DisablePVD), (18 bytes).
    Removing stm32l4xx_hal_pwr.o(.ARM.exidx.text.HAL_PWR_DisablePVD), (8 bytes).
    Removing stm32l4xx_hal_pwr.o(.text.HAL_PWR_EnableWakeUpPin), (56 bytes).
    Removing stm32l4xx_hal_pwr.o(.ARM.exidx.text.HAL_PWR_EnableWakeUpPin), (8 bytes).
    Removing stm32l4xx_hal_pwr.o(.text.HAL_PWR_DisableWakeUpPin), (32 bytes).
    Removing stm32l4xx_hal_pwr.o(.ARM.exidx.text.HAL_PWR_DisableWakeUpPin), (8 bytes).
    Removing stm32l4xx_hal_pwr.o(.text.HAL_PWR_EnterSLEEPMode), (128 bytes).
    Removing stm32l4xx_hal_pwr.o(.ARM.exidx.text.HAL_PWR_EnterSLEEPMode), (8 bytes).
    Removing stm32l4xx_hal_pwr.o(.text.HAL_PWR_EnterSTOPMode), (46 bytes).
    Removing stm32l4xx_hal_pwr.o(.ARM.exidx.text.HAL_PWR_EnterSTOPMode), (8 bytes).
    Removing stm32l4xx_hal_pwr.o(.text.HAL_PWR_EnterSTANDBYMode), (38 bytes).
    Removing stm32l4xx_hal_pwr.o(.ARM.exidx.text.HAL_PWR_EnterSTANDBYMode), (8 bytes).
    Removing stm32l4xx_hal_pwr.o(.text.HAL_PWR_EnableSleepOnExit), (18 bytes).
    Removing stm32l4xx_hal_pwr.o(.ARM.exidx.text.HAL_PWR_EnableSleepOnExit), (8 bytes).
    Removing stm32l4xx_hal_pwr.o(.text.HAL_PWR_DisableSleepOnExit), (18 bytes).
    Removing stm32l4xx_hal_pwr.o(.ARM.exidx.text.HAL_PWR_DisableSleepOnExit), (8 bytes).
    Removing stm32l4xx_hal_pwr.o(.text.HAL_PWR_EnableSEVOnPend), (18 bytes).
    Removing stm32l4xx_hal_pwr.o(.ARM.exidx.text.HAL_PWR_EnableSEVOnPend), (8 bytes).
    Removing stm32l4xx_hal_pwr.o(.text.HAL_PWR_DisableSEVOnPend), (18 bytes).
    Removing stm32l4xx_hal_pwr.o(.ARM.exidx.text.HAL_PWR_DisableSEVOnPend), (8 bytes).
    Removing stm32l4xx_hal_pwr.o(.text.HAL_PWR_PVDCallback), (2 bytes).
    Removing stm32l4xx_hal_pwr.o(.ARM.exidx.text.HAL_PWR_PVDCallback), (8 bytes).
    Removing stm32l4xx_hal_pwr_ex.o(.text), (0 bytes).
    Removing stm32l4xx_hal_pwr_ex.o(.ARM.exidx.text.HAL_PWREx_GetVoltageRange), (8 bytes).
    Removing stm32l4xx_hal_pwr_ex.o(.ARM.exidx.text.HAL_PWREx_ControlVoltageScaling), (8 bytes).
    Removing stm32l4xx_hal_pwr_ex.o(.text.HAL_PWREx_EnableBatteryCharging), (36 bytes).
    Removing stm32l4xx_hal_pwr_ex.o(.ARM.exidx.text.HAL_PWREx_EnableBatteryCharging), (8 bytes).
    Removing stm32l4xx_hal_pwr_ex.o(.text.HAL_PWREx_DisableBatteryCharging), (18 bytes).
    Removing stm32l4xx_hal_pwr_ex.o(.ARM.exidx.text.HAL_PWREx_DisableBatteryCharging), (8 bytes).
    Removing stm32l4xx_hal_pwr_ex.o(.text.HAL_PWREx_EnableVddUSB), (18 bytes).
    Removing stm32l4xx_hal_pwr_ex.o(.ARM.exidx.text.HAL_PWREx_EnableVddUSB), (8 bytes).
    Removing stm32l4xx_hal_pwr_ex.o(.text.HAL_PWREx_DisableVddUSB), (18 bytes).
    Removing stm32l4xx_hal_pwr_ex.o(.ARM.exidx.text.HAL_PWREx_DisableVddUSB), (8 bytes).
    Removing stm32l4xx_hal_pwr_ex.o(.text.HAL_PWREx_EnableInternalWakeUpLine), (18 bytes).
    Removing stm32l4xx_hal_pwr_ex.o(.ARM.exidx.text.HAL_PWREx_EnableInternalWakeUpLine), (8 bytes).
    Removing stm32l4xx_hal_pwr_ex.o(.text.HAL_PWREx_DisableInternalWakeUpLine), (18 bytes).
    Removing stm32l4xx_hal_pwr_ex.o(.ARM.exidx.text.HAL_PWREx_DisableInternalWakeUpLine), (8 bytes).
    Removing stm32l4xx_hal_pwr_ex.o(.text.HAL_PWREx_EnableGPIOPullUp), (254 bytes).
    Removing stm32l4xx_hal_pwr_ex.o(.ARM.exidx.text.HAL_PWREx_EnableGPIOPullUp), (8 bytes).
    Removing stm32l4xx_hal_pwr_ex.o(.text.HAL_PWREx_DisableGPIOPullUp), (162 bytes).
    Removing stm32l4xx_hal_pwr_ex.o(.ARM.exidx.text.HAL_PWREx_DisableGPIOPullUp), (8 bytes).
    Removing stm32l4xx_hal_pwr_ex.o(.text.HAL_PWREx_EnableGPIOPullDown), (254 bytes).
    Removing stm32l4xx_hal_pwr_ex.o(.ARM.exidx.text.HAL_PWREx_EnableGPIOPullDown), (8 bytes).
    Removing stm32l4xx_hal_pwr_ex.o(.text.HAL_PWREx_DisableGPIOPullDown), (166 bytes).
    Removing stm32l4xx_hal_pwr_ex.o(.ARM.exidx.text.HAL_PWREx_DisableGPIOPullDown), (8 bytes).
    Removing stm32l4xx_hal_pwr_ex.o(.text.HAL_PWREx_EnablePullUpPullDownConfig), (18 bytes).
    Removing stm32l4xx_hal_pwr_ex.o(.ARM.exidx.text.HAL_PWREx_EnablePullUpPullDownConfig), (8 bytes).
    Removing stm32l4xx_hal_pwr_ex.o(.text.HAL_PWREx_DisablePullUpPullDownConfig), (18 bytes).
    Removing stm32l4xx_hal_pwr_ex.o(.ARM.exidx.text.HAL_PWREx_DisablePullUpPullDownConfig), (8 bytes).
    Removing stm32l4xx_hal_pwr_ex.o(.text.HAL_PWREx_EnableSRAM2ContentRetention), (12 bytes).
    Removing stm32l4xx_hal_pwr_ex.o(.ARM.exidx.text.HAL_PWREx_EnableSRAM2ContentRetention), (8 bytes).
    Removing stm32l4xx_hal_pwr_ex.o(.text.HAL_PWREx_SetSRAM2ContentRetention), (84 bytes).
    Removing stm32l4xx_hal_pwr_ex.o(.ARM.exidx.text.HAL_PWREx_SetSRAM2ContentRetention), (8 bytes).
    Removing stm32l4xx_hal_pwr_ex.o(.text.HAL_PWREx_DisableSRAM2ContentRetention), (10 bytes).
    Removing stm32l4xx_hal_pwr_ex.o(.ARM.exidx.text.HAL_PWREx_DisableSRAM2ContentRetention), (8 bytes).
    Removing stm32l4xx_hal_pwr_ex.o(.text.HAL_PWREx_EnableBORPVD_ULP), (18 bytes).
    Removing stm32l4xx_hal_pwr_ex.o(.ARM.exidx.text.HAL_PWREx_EnableBORPVD_ULP), (8 bytes).
    Removing stm32l4xx_hal_pwr_ex.o(.text.HAL_PWREx_DisableBORPVD_ULP), (18 bytes).
    Removing stm32l4xx_hal_pwr_ex.o(.ARM.exidx.text.HAL_PWREx_DisableBORPVD_ULP), (8 bytes).
    Removing stm32l4xx_hal_pwr_ex.o(.text.HAL_PWREx_EnableExtSMPS_0V95), (18 bytes).
    Removing stm32l4xx_hal_pwr_ex.o(.ARM.exidx.text.HAL_PWREx_EnableExtSMPS_0V95), (8 bytes).
    Removing stm32l4xx_hal_pwr_ex.o(.text.HAL_PWREx_DisableExtSMPS_0V95), (18 bytes).
    Removing stm32l4xx_hal_pwr_ex.o(.ARM.exidx.text.HAL_PWREx_DisableExtSMPS_0V95), (8 bytes).
    Removing stm32l4xx_hal_pwr_ex.o(.text.HAL_PWREx_EnablePVM1), (18 bytes).
    Removing stm32l4xx_hal_pwr_ex.o(.ARM.exidx.text.HAL_PWREx_EnablePVM1), (8 bytes).
    Removing stm32l4xx_hal_pwr_ex.o(.text.HAL_PWREx_DisablePVM1), (18 bytes).
    Removing stm32l4xx_hal_pwr_ex.o(.ARM.exidx.text.HAL_PWREx_DisablePVM1), (8 bytes).
    Removing stm32l4xx_hal_pwr_ex.o(.text.HAL_PWREx_EnablePVM3), (18 bytes).
    Removing stm32l4xx_hal_pwr_ex.o(.ARM.exidx.text.HAL_PWREx_EnablePVM3), (8 bytes).
    Removing stm32l4xx_hal_pwr_ex.o(.text.HAL_PWREx_DisablePVM3), (18 bytes).
    Removing stm32l4xx_hal_pwr_ex.o(.ARM.exidx.text.HAL_PWREx_DisablePVM3), (8 bytes).
    Removing stm32l4xx_hal_pwr_ex.o(.text.HAL_PWREx_EnablePVM4), (18 bytes).
    Removing stm32l4xx_hal_pwr_ex.o(.ARM.exidx.text.HAL_PWREx_EnablePVM4), (8 bytes).
    Removing stm32l4xx_hal_pwr_ex.o(.text.HAL_PWREx_DisablePVM4), (18 bytes).
    Removing stm32l4xx_hal_pwr_ex.o(.ARM.exidx.text.HAL_PWREx_DisablePVM4), (8 bytes).
    Removing stm32l4xx_hal_pwr_ex.o(.text.HAL_PWREx_ConfigPVM), (614 bytes).
    Removing stm32l4xx_hal_pwr_ex.o(.ARM.exidx.text.HAL_PWREx_ConfigPVM), (8 bytes).
    Removing stm32l4xx_hal_pwr_ex.o(.text.HAL_PWREx_EnableLowPowerRunMode), (18 bytes).
    Removing stm32l4xx_hal_pwr_ex.o(.ARM.exidx.text.HAL_PWREx_EnableLowPowerRunMode), (8 bytes).
    Removing stm32l4xx_hal_pwr_ex.o(.text.HAL_PWREx_DisableLowPowerRunMode), (148 bytes).
    Removing stm32l4xx_hal_pwr_ex.o(.ARM.exidx.text.HAL_PWREx_DisableLowPowerRunMode), (8 bytes).
    Removing stm32l4xx_hal_pwr_ex.o(.text.HAL_PWREx_EnterSTOP0Mode), (82 bytes).
    Removing stm32l4xx_hal_pwr_ex.o(.ARM.exidx.text.HAL_PWREx_EnterSTOP0Mode), (8 bytes).
    Removing stm32l4xx_hal_pwr_ex.o(.text.HAL_PWREx_EnterSTOP1Mode), (84 bytes).
    Removing stm32l4xx_hal_pwr_ex.o(.ARM.exidx.text.HAL_PWREx_EnterSTOP1Mode), (8 bytes).
    Removing stm32l4xx_hal_pwr_ex.o(.text.HAL_PWREx_EnterSTOP2Mode), (84 bytes).
    Removing stm32l4xx_hal_pwr_ex.o(.ARM.exidx.text.HAL_PWREx_EnterSTOP2Mode), (8 bytes).
    Removing stm32l4xx_hal_pwr_ex.o(.text.HAL_PWREx_EnterSHUTDOWNMode), (38 bytes).
    Removing stm32l4xx_hal_pwr_ex.o(.ARM.exidx.text.HAL_PWREx_EnterSHUTDOWNMode), (8 bytes).
    Removing stm32l4xx_hal_pwr_ex.o(.text.HAL_PWREx_PVD_PVM_IRQHandler), (150 bytes).
    Removing stm32l4xx_hal_pwr_ex.o(.ARM.exidx.text.HAL_PWREx_PVD_PVM_IRQHandler), (8 bytes).
    Removing stm32l4xx_hal_pwr_ex.o(.text.HAL_PWREx_PVM1Callback), (2 bytes).
    Removing stm32l4xx_hal_pwr_ex.o(.ARM.exidx.text.HAL_PWREx_PVM1Callback), (8 bytes).
    Removing stm32l4xx_hal_pwr_ex.o(.text.HAL_PWREx_PVM3Callback), (2 bytes).
    Removing stm32l4xx_hal_pwr_ex.o(.ARM.exidx.text.HAL_PWREx_PVM3Callback), (8 bytes).
    Removing stm32l4xx_hal_pwr_ex.o(.text.HAL_PWREx_PVM4Callback), (2 bytes).
    Removing stm32l4xx_hal_pwr_ex.o(.ARM.exidx.text.HAL_PWREx_PVM4Callback), (8 bytes).
    Removing stm32l4xx_hal_qspi.o(.text), (0 bytes).
    Removing stm32l4xx_hal_rcc.o(.text), (0 bytes).
    Removing stm32l4xx_hal_rcc.o(.text.HAL_RCC_DeInit), (362 bytes).
    Removing stm32l4xx_hal_rcc.o(.ARM.exidx.text.HAL_RCC_DeInit), (8 bytes).
    Removing stm32l4xx_hal_rcc.o(.ARM.exidx.text.HAL_RCC_OscConfig), (8 bytes).
    Removing stm32l4xx_hal_rcc.o(.ARM.exidx.text.RCC_SetFlashLatencyFromMSIRange), (8 bytes).
    Removing stm32l4xx_hal_rcc.o(.ARM.exidx.text.HAL_RCC_GetSysClockFreq), (8 bytes).
    Removing stm32l4xx_hal_rcc.o(.ARM.exidx.text.HAL_RCC_ClockConfig), (8 bytes).
    Removing stm32l4xx_hal_rcc.o(.text.HAL_RCC_MCOConfig), (96 bytes).
    Removing stm32l4xx_hal_rcc.o(.ARM.exidx.text.HAL_RCC_MCOConfig), (8 bytes).
    Removing stm32l4xx_hal_rcc.o(.ARM.exidx.text.HAL_RCC_GetHCLKFreq), (8 bytes).
    Removing stm32l4xx_hal_rcc.o(.ARM.exidx.text.HAL_RCC_GetPCLK1Freq), (8 bytes).
    Removing stm32l4xx_hal_rcc.o(.ARM.exidx.text.HAL_RCC_GetPCLK2Freq), (8 bytes).
    Removing stm32l4xx_hal_rcc.o(.text.HAL_RCC_GetOscConfig), (524 bytes).
    Removing stm32l4xx_hal_rcc.o(.ARM.exidx.text.HAL_RCC_GetOscConfig), (8 bytes).
    Removing stm32l4xx_hal_rcc.o(.text.HAL_RCC_GetClockConfig), (84 bytes).
    Removing stm32l4xx_hal_rcc.o(.ARM.exidx.text.HAL_RCC_GetClockConfig), (8 bytes).
    Removing stm32l4xx_hal_rcc.o(.text.HAL_RCC_EnableCSS), (18 bytes).
    Removing stm32l4xx_hal_rcc.o(.ARM.exidx.text.HAL_RCC_EnableCSS), (8 bytes).
    Removing stm32l4xx_hal_rcc.o(.text.HAL_RCC_NMI_IRQHandler), (42 bytes).
    Removing stm32l4xx_hal_rcc.o(.ARM.exidx.text.HAL_RCC_NMI_IRQHandler), (8 bytes).
    Removing stm32l4xx_hal_rcc.o(.text.HAL_RCC_CSSCallback), (2 bytes).
    Removing stm32l4xx_hal_rcc.o(.ARM.exidx.text.HAL_RCC_CSSCallback), (8 bytes).
    Removing stm32l4xx_hal_rcc_ex.o(.text), (0 bytes).
    Removing stm32l4xx_hal_rcc_ex.o(.ARM.exidx.text.HAL_RCCEx_PeriphCLKConfig), (8 bytes).
    Removing stm32l4xx_hal_rcc_ex.o(.text.HAL_RCCEx_GetPeriphCLKConfig), (156 bytes).
    Removing stm32l4xx_hal_rcc_ex.o(.ARM.exidx.text.HAL_RCCEx_GetPeriphCLKConfig), (8 bytes).
    Removing stm32l4xx_hal_rcc_ex.o(.text.HAL_RCCEx_GetPeriphCLKFreq), (2058 bytes).
    Removing stm32l4xx_hal_rcc_ex.o(.ARM.exidx.text.HAL_RCCEx_GetPeriphCLKFreq), (8 bytes).
    Removing stm32l4xx_hal_rcc_ex.o(.text.HAL_RCCEx_WakeUpStopCLKConfig), (28 bytes).
    Removing stm32l4xx_hal_rcc_ex.o(.ARM.exidx.text.HAL_RCCEx_WakeUpStopCLKConfig), (8 bytes).
    Removing stm32l4xx_hal_rcc_ex.o(.text.HAL_RCCEx_StandbyMSIRangeConfig), (30 bytes).
    Removing stm32l4xx_hal_rcc_ex.o(.ARM.exidx.text.HAL_RCCEx_StandbyMSIRangeConfig), (8 bytes).
    Removing stm32l4xx_hal_rcc_ex.o(.text.HAL_RCCEx_EnableLSECSS), (18 bytes).
    Removing stm32l4xx_hal_rcc_ex.o(.ARM.exidx.text.HAL_RCCEx_EnableLSECSS), (8 bytes).
    Removing stm32l4xx_hal_rcc_ex.o(.text.HAL_RCCEx_DisableLSECSS), (34 bytes).
    Removing stm32l4xx_hal_rcc_ex.o(.ARM.exidx.text.HAL_RCCEx_DisableLSECSS), (8 bytes).
    Removing stm32l4xx_hal_rcc_ex.o(.text.HAL_RCCEx_EnableLSECSS_IT), (66 bytes).
    Removing stm32l4xx_hal_rcc_ex.o(.ARM.exidx.text.HAL_RCCEx_EnableLSECSS_IT), (8 bytes).
    Removing stm32l4xx_hal_rcc_ex.o(.text.HAL_RCCEx_LSECSS_IRQHandler), (42 bytes).
    Removing stm32l4xx_hal_rcc_ex.o(.ARM.exidx.text.HAL_RCCEx_LSECSS_IRQHandler), (8 bytes).
    Removing stm32l4xx_hal_rcc_ex.o(.text.HAL_RCCEx_LSECSS_Callback), (2 bytes).
    Removing stm32l4xx_hal_rcc_ex.o(.ARM.exidx.text.HAL_RCCEx_LSECSS_Callback), (8 bytes).
    Removing stm32l4xx_hal_rcc_ex.o(.text.HAL_RCCEx_EnableLSCO), (230 bytes).
    Removing stm32l4xx_hal_rcc_ex.o(.ARM.exidx.text.HAL_RCCEx_EnableLSCO), (8 bytes).
    Removing stm32l4xx_hal_rcc_ex.o(.text.HAL_RCCEx_DisableLSCO), (164 bytes).
    Removing stm32l4xx_hal_rcc_ex.o(.ARM.exidx.text.HAL_RCCEx_DisableLSCO), (8 bytes).
    Removing stm32l4xx_hal_rcc_ex.o(.text.HAL_RCCEx_EnableMSIPLLMode), (18 bytes).
    Removing stm32l4xx_hal_rcc_ex.o(.ARM.exidx.text.HAL_RCCEx_EnableMSIPLLMode), (8 bytes).
    Removing stm32l4xx_hal_rcc_ex.o(.text.HAL_RCCEx_DisableMSIPLLMode), (18 bytes).
    Removing stm32l4xx_hal_rcc_ex.o(.ARM.exidx.text.HAL_RCCEx_DisableMSIPLLMode), (8 bytes).
    Removing stm32l4xx_hal_rcc_ex.o(.text.HAL_RCCEx_CRSConfig), (112 bytes).
    Removing stm32l4xx_hal_rcc_ex.o(.ARM.exidx.text.HAL_RCCEx_CRSConfig), (8 bytes).
    Removing stm32l4xx_hal_rcc_ex.o(.text.HAL_RCCEx_CRSSoftwareSynchronizationGenerate), (18 bytes).
    Removing stm32l4xx_hal_rcc_ex.o(.ARM.exidx.text.HAL_RCCEx_CRSSoftwareSynchronizationGenerate), (8 bytes).
    Removing stm32l4xx_hal_rcc_ex.o(.text.HAL_RCCEx_CRSGetSynchronizationInfo), (68 bytes).
    Removing stm32l4xx_hal_rcc_ex.o(.ARM.exidx.text.HAL_RCCEx_CRSGetSynchronizationInfo), (8 bytes).
    Removing stm32l4xx_hal_rcc_ex.o(.text.HAL_RCCEx_CRSWaitSynchronization), (334 bytes).
    Removing stm32l4xx_hal_rcc_ex.o(.ARM.exidx.text.HAL_RCCEx_CRSWaitSynchronization), (8 bytes).
    Removing stm32l4xx_hal_rcc_ex.o(.text.HAL_RCCEx_CRS_IRQHandler), (278 bytes).
    Removing stm32l4xx_hal_rcc_ex.o(.ARM.exidx.text.HAL_RCCEx_CRS_IRQHandler), (8 bytes).
    Removing stm32l4xx_hal_rcc_ex.o(.text.HAL_RCCEx_CRS_SyncOkCallback), (2 bytes).
    Removing stm32l4xx_hal_rcc_ex.o(.ARM.exidx.text.HAL_RCCEx_CRS_SyncOkCallback), (8 bytes).
    Removing stm32l4xx_hal_rcc_ex.o(.text.HAL_RCCEx_CRS_SyncWarnCallback), (2 bytes).
    Removing stm32l4xx_hal_rcc_ex.o(.ARM.exidx.text.HAL_RCCEx_CRS_SyncWarnCallback), (8 bytes).
    Removing stm32l4xx_hal_rcc_ex.o(.text.HAL_RCCEx_CRS_ExpectedSyncCallback), (2 bytes).
    Removing stm32l4xx_hal_rcc_ex.o(.ARM.exidx.text.HAL_RCCEx_CRS_ExpectedSyncCallback), (8 bytes).
    Removing stm32l4xx_hal_rcc_ex.o(.text.HAL_RCCEx_CRS_ErrorCallback), (8 bytes).
    Removing stm32l4xx_hal_rcc_ex.o(.ARM.exidx.text.HAL_RCCEx_CRS_ErrorCallback), (8 bytes).
    Removing stm32l4xx_hal_rtc.o(.text), (0 bytes).
    Removing stm32l4xx_hal_rtc_ex.o(.text), (0 bytes).
    Removing stm32l4xx_hal_spi.o(.text), (0 bytes).
    Removing stm32l4xx_hal_spi_ex.o(.text), (0 bytes).
    Removing stm32l4xx_hal_tim.o(.text), (0 bytes).
    Removing stm32l4xx_hal_tim_ex.o(.text), (0 bytes).
    Removing stm32l4xx_hal_uart.o(.text), (0 bytes).
    Removing stm32l4xx_hal_uart.o(.ARM.exidx.text.HAL_UART_Init), (8 bytes).
    Removing stm32l4xx_hal_uart.o(.text.HAL_UART_MspInit), (8 bytes).
    Removing stm32l4xx_hal_uart.o(.ARM.exidx.text.HAL_UART_MspInit), (8 bytes).
    Removing stm32l4xx_hal_uart.o(.ARM.exidx.text.UART_SetConfig), (8 bytes).
    Removing stm32l4xx_hal_uart.o(.ARM.exidx.text.UART_AdvFeatureConfig), (8 bytes).
    Removing stm32l4xx_hal_uart.o(.ARM.exidx.text.UART_CheckIdleState), (8 bytes).
    Removing stm32l4xx_hal_uart.o(.text.HAL_HalfDuplex_Init), (172 bytes).
    Removing stm32l4xx_hal_uart.o(.ARM.exidx.text.HAL_HalfDuplex_Init), (8 bytes).
    Removing stm32l4xx_hal_uart.o(.text.HAL_LIN_Init), (232 bytes).
    Removing stm32l4xx_hal_uart.o(.ARM.exidx.text.HAL_LIN_Init), (8 bytes).
    Removing stm32l4xx_hal_uart.o(.text.HAL_MultiProcessor_Init), (224 bytes).
    Removing stm32l4xx_hal_uart.o(.ARM.exidx.text.HAL_MultiProcessor_Init), (8 bytes).
    Removing stm32l4xx_hal_uart.o(.text.HAL_UART_DeInit), (110 bytes).
    Removing stm32l4xx_hal_uart.o(.ARM.exidx.text.HAL_UART_DeInit), (8 bytes).
    Removing stm32l4xx_hal_uart.o(.text.HAL_UART_MspDeInit), (8 bytes).
    Removing stm32l4xx_hal_uart.o(.ARM.exidx.text.HAL_UART_MspDeInit), (8 bytes).
    Removing stm32l4xx_hal_uart.o(.text.HAL_UART_Transmit), (350 bytes).
    Removing stm32l4xx_hal_uart.o(.ARM.exidx.text.HAL_UART_Transmit), (8 bytes).
    Removing stm32l4xx_hal_uart.o(.ARM.exidx.text.UART_WaitOnFlagUntilTimeout), (8 bytes).
    Removing stm32l4xx_hal_uart.o(.text.HAL_UART_Receive), (486 bytes).
    Removing stm32l4xx_hal_uart.o(.ARM.exidx.text.HAL_UART_Receive), (8 bytes).
    Removing stm32l4xx_hal_uart.o(.text.HAL_UART_Transmit_IT), (222 bytes).
    Removing stm32l4xx_hal_uart.o(.ARM.exidx.text.HAL_UART_Transmit_IT), (8 bytes).
    Removing stm32l4xx_hal_uart.o(.text.UART_TxISR_16BIT), (100 bytes).
    Removing stm32l4xx_hal_uart.o(.ARM.exidx.text.UART_TxISR_16BIT), (8 bytes).
    Removing stm32l4xx_hal_uart.o(.text.UART_TxISR_8BIT), (90 bytes).
    Removing stm32l4xx_hal_uart.o(.ARM.exidx.text.UART_TxISR_8BIT), (8 bytes).
    Removing stm32l4xx_hal_uart.o(.text.HAL_UART_Receive_IT), (388 bytes).
    Removing stm32l4xx_hal_uart.o(.ARM.exidx.text.HAL_UART_Receive_IT), (8 bytes).
    Removing stm32l4xx_hal_uart.o(.text.UART_RxISR_16BIT), (152 bytes).
    Removing stm32l4xx_hal_uart.o(.ARM.exidx.text.UART_RxISR_16BIT), (8 bytes).
    Removing stm32l4xx_hal_uart.o(.text.UART_RxISR_8BIT), (148 bytes).
    Removing stm32l4xx_hal_uart.o(.ARM.exidx.text.UART_RxISR_8BIT), (8 bytes).
    Removing stm32l4xx_hal_uart.o(.text.HAL_UART_Transmit_DMA), (304 bytes).
    Removing stm32l4xx_hal_uart.o(.ARM.exidx.text.HAL_UART_Transmit_DMA), (8 bytes).
    Removing stm32l4xx_hal_uart.o(.text.UART_DMATransmitCplt), (72 bytes).
    Removing stm32l4xx_hal_uart.o(.ARM.exidx.text.UART_DMATransmitCplt), (8 bytes).
    Removing stm32l4xx_hal_uart.o(.text.UART_DMATxHalfCplt), (22 bytes).
    Removing stm32l4xx_hal_uart.o(.ARM.exidx.text.UART_DMATxHalfCplt), (8 bytes).
    Removing stm32l4xx_hal_uart.o(.text.UART_DMAError), (120 bytes).
    Removing stm32l4xx_hal_uart.o(.ARM.exidx.text.UART_DMAError), (8 bytes).
    Removing stm32l4xx_hal_uart.o(.text.HAL_UART_Receive_DMA), (304 bytes).
    Removing stm32l4xx_hal_uart.o(.ARM.exidx.text.HAL_UART_Receive_DMA), (8 bytes).
    Removing stm32l4xx_hal_uart.o(.text.UART_DMAReceiveCplt), (88 bytes).
    Removing stm32l4xx_hal_uart.o(.ARM.exidx.text.UART_DMAReceiveCplt), (8 bytes).
    Removing stm32l4xx_hal_uart.o(.text.UART_DMARxHalfCplt), (22 bytes).
    Removing stm32l4xx_hal_uart.o(.ARM.exidx.text.UART_DMARxHalfCplt), (8 bytes).
    Removing stm32l4xx_hal_uart.o(.text.HAL_UART_DMAPause), (174 bytes).
    Removing stm32l4xx_hal_uart.o(.ARM.exidx.text.HAL_UART_DMAPause), (8 bytes).
    Removing stm32l4xx_hal_uart.o(.text.HAL_UART_DMAResume), (146 bytes).
    Removing stm32l4xx_hal_uart.o(.ARM.exidx.text.HAL_UART_DMAResume), (8 bytes).
    Removing stm32l4xx_hal_uart.o(.text.HAL_UART_DMAStop), (230 bytes).
    Removing stm32l4xx_hal_uart.o(.ARM.exidx.text.HAL_UART_DMAStop), (8 bytes).
    Removing stm32l4xx_hal_uart.o(.text.UART_EndTxTransfer), (26 bytes).
    Removing stm32l4xx_hal_uart.o(.ARM.exidx.text.UART_EndTxTransfer), (8 bytes).
    Removing stm32l4xx_hal_uart.o(.text.UART_EndRxTransfer), (44 bytes).
    Removing stm32l4xx_hal_uart.o(.ARM.exidx.text.UART_EndRxTransfer), (8 bytes).
    Removing stm32l4xx_hal_uart.o(.text.HAL_UART_Abort), (276 bytes).
    Removing stm32l4xx_hal_uart.o(.ARM.exidx.text.HAL_UART_Abort), (8 bytes).
    Removing stm32l4xx_hal_uart.o(.text.HAL_UART_AbortTransmit), (138 bytes).
    Removing stm32l4xx_hal_uart.o(.ARM.exidx.text.HAL_UART_AbortTransmit), (8 bytes).
    Removing stm32l4xx_hal_uart.o(.text.HAL_UART_AbortReceive), (170 bytes).
    Removing stm32l4xx_hal_uart.o(.ARM.exidx.text.HAL_UART_AbortReceive), (8 bytes).
    Removing stm32l4xx_hal_uart.o(.text.HAL_UART_Abort_IT), (360 bytes).
    Removing stm32l4xx_hal_uart.o(.ARM.exidx.text.HAL_UART_Abort_IT), (8 bytes).
    Removing stm32l4xx_hal_uart.o(.text.UART_DMATxAbortCallback), (94 bytes).
    Removing stm32l4xx_hal_uart.o(.ARM.exidx.text.UART_DMATxAbortCallback), (8 bytes).
    Removing stm32l4xx_hal_uart.o(.text.UART_DMARxAbortCallback), (106 bytes).
    Removing stm32l4xx_hal_uart.o(.ARM.exidx.text.UART_DMARxAbortCallback), (8 bytes).
    Removing stm32l4xx_hal_uart.o(.text.HAL_UART_AbortCpltCallback), (8 bytes).
    Removing stm32l4xx_hal_uart.o(.ARM.exidx.text.HAL_UART_AbortCpltCallback), (8 bytes).
    Removing stm32l4xx_hal_uart.o(.text.HAL_UART_AbortTransmit_IT), (154 bytes).
    Removing stm32l4xx_hal_uart.o(.ARM.exidx.text.HAL_UART_AbortTransmit_IT), (8 bytes).
    Removing stm32l4xx_hal_uart.o(.text.UART_DMATxOnlyAbortCallback), (36 bytes).
    Removing stm32l4xx_hal_uart.o(.ARM.exidx.text.UART_DMATxOnlyAbortCallback), (8 bytes).
    Removing stm32l4xx_hal_uart.o(.text.HAL_UART_AbortTransmitCpltCallback), (8 bytes).
    Removing stm32l4xx_hal_uart.o(.ARM.exidx.text.HAL_UART_AbortTransmitCpltCallback), (8 bytes).
    Removing stm32l4xx_hal_uart.o(.text.HAL_UART_AbortReceive_IT), (194 bytes).
    Removing stm32l4xx_hal_uart.o(.ARM.exidx.text.HAL_UART_AbortReceive_IT), (8 bytes).
    Removing stm32l4xx_hal_uart.o(.text.UART_DMARxOnlyAbortCallback), (56 bytes).
    Removing stm32l4xx_hal_uart.o(.ARM.exidx.text.UART_DMARxOnlyAbortCallback), (8 bytes).
    Removing stm32l4xx_hal_uart.o(.text.HAL_UART_AbortReceiveCpltCallback), (8 bytes).
    Removing stm32l4xx_hal_uart.o(.ARM.exidx.text.HAL_UART_AbortReceiveCpltCallback), (8 bytes).
    Removing stm32l4xx_hal_uart.o(.text.HAL_UART_IRQHandler), (694 bytes).
    Removing stm32l4xx_hal_uart.o(.ARM.exidx.text.HAL_UART_IRQHandler), (8 bytes).
    Removing stm32l4xx_hal_uart.o(.text.UART_DMAAbortOnError), (36 bytes).
    Removing stm32l4xx_hal_uart.o(.ARM.exidx.text.UART_DMAAbortOnError), (8 bytes).
    Removing stm32l4xx_hal_uart.o(.text.HAL_UART_ErrorCallback), (8 bytes).
    Removing stm32l4xx_hal_uart.o(.ARM.exidx.text.HAL_UART_ErrorCallback), (8 bytes).
    Removing stm32l4xx_hal_uart.o(.text.UART_EndTransmit_IT), (40 bytes).
    Removing stm32l4xx_hal_uart.o(.ARM.exidx.text.UART_EndTransmit_IT), (8 bytes).
    Removing stm32l4xx_hal_uart.o(.text.HAL_UART_TxCpltCallback), (8 bytes).
    Removing stm32l4xx_hal_uart.o(.ARM.exidx.text.HAL_UART_TxCpltCallback), (8 bytes).
    Removing stm32l4xx_hal_uart.o(.text.HAL_UART_TxHalfCpltCallback), (8 bytes).
    Removing stm32l4xx_hal_uart.o(.ARM.exidx.text.HAL_UART_TxHalfCpltCallback), (8 bytes).
    Removing stm32l4xx_hal_uart.o(.text.HAL_UART_RxCpltCallback), (8 bytes).
    Removing stm32l4xx_hal_uart.o(.ARM.exidx.text.HAL_UART_RxCpltCallback), (8 bytes).
    Removing stm32l4xx_hal_uart.o(.text.HAL_UART_RxHalfCpltCallback), (8 bytes).
    Removing stm32l4xx_hal_uart.o(.ARM.exidx.text.HAL_UART_RxHalfCpltCallback), (8 bytes).
    Removing stm32l4xx_hal_uart.o(.text.HAL_UART_ReceiverTimeout_Config), (50 bytes).
    Removing stm32l4xx_hal_uart.o(.ARM.exidx.text.HAL_UART_ReceiverTimeout_Config), (8 bytes).
    Removing stm32l4xx_hal_uart.o(.text.HAL_UART_EnableReceiverTimeout), (134 bytes).
    Removing stm32l4xx_hal_uart.o(.ARM.exidx.text.HAL_UART_EnableReceiverTimeout), (8 bytes).
    Removing stm32l4xx_hal_uart.o(.text.HAL_UART_DisableReceiverTimeout), (134 bytes).
    Removing stm32l4xx_hal_uart.o(.ARM.exidx.text.HAL_UART_DisableReceiverTimeout), (8 bytes).
    Removing stm32l4xx_hal_uart.o(.text.HAL_MultiProcessor_EnableMuteMode), (84 bytes).
    Removing stm32l4xx_hal_uart.o(.ARM.exidx.text.HAL_MultiProcessor_EnableMuteMode), (8 bytes).
    Removing stm32l4xx_hal_uart.o(.text.HAL_MultiProcessor_DisableMuteMode), (84 bytes).
    Removing stm32l4xx_hal_uart.o(.ARM.exidx.text.HAL_MultiProcessor_DisableMuteMode), (8 bytes).
    Removing stm32l4xx_hal_uart.o(.text.HAL_MultiProcessor_EnterMuteMode), (20 bytes).
    Removing stm32l4xx_hal_uart.o(.ARM.exidx.text.HAL_MultiProcessor_EnterMuteMode), (8 bytes).
    Removing stm32l4xx_hal_uart.o(.text.HAL_HalfDuplex_EnableTransmitter), (102 bytes).
    Removing stm32l4xx_hal_uart.o(.ARM.exidx.text.HAL_HalfDuplex_EnableTransmitter), (8 bytes).
    Removing stm32l4xx_hal_uart.o(.text.HAL_HalfDuplex_EnableReceiver), (102 bytes).
    Removing stm32l4xx_hal_uart.o(.ARM.exidx.text.HAL_HalfDuplex_EnableReceiver), (8 bytes).
    Removing stm32l4xx_hal_uart.o(.text.HAL_LIN_SendBreak), (90 bytes).
    Removing stm32l4xx_hal_uart.o(.ARM.exidx.text.HAL_LIN_SendBreak), (8 bytes).
    Removing stm32l4xx_hal_uart.o(.text.HAL_UART_GetState), (26 bytes).
    Removing stm32l4xx_hal_uart.o(.ARM.exidx.text.HAL_UART_GetState), (8 bytes).
    Removing stm32l4xx_hal_uart.o(.text.HAL_UART_GetError), (12 bytes).
    Removing stm32l4xx_hal_uart.o(.ARM.exidx.text.HAL_UART_GetError), (8 bytes).
    Removing stm32l4xx_hal_uart_ex.o(.text), (0 bytes).
    Removing stm32l4xx_hal_uart_ex.o(.text.HAL_RS485Ex_Init), (210 bytes).
    Removing stm32l4xx_hal_uart_ex.o(.ARM.exidx.text.HAL_RS485Ex_Init), (8 bytes).
    Removing stm32l4xx_hal_uart_ex.o(.text.HAL_UARTEx_WakeupCallback), (8 bytes).
    Removing stm32l4xx_hal_uart_ex.o(.ARM.exidx.text.HAL_UARTEx_WakeupCallback), (8 bytes).
    Removing stm32l4xx_hal_uart_ex.o(.text.HAL_UARTEx_EnableClockStopMode), (78 bytes).
    Removing stm32l4xx_hal_uart_ex.o(.ARM.exidx.text.HAL_UARTEx_EnableClockStopMode), (8 bytes).
    Removing stm32l4xx_hal_uart_ex.o(.text.HAL_UARTEx_DisableClockStopMode), (78 bytes).
    Removing stm32l4xx_hal_uart_ex.o(.ARM.exidx.text.HAL_UARTEx_DisableClockStopMode), (8 bytes).
    Removing stm32l4xx_hal_uart_ex.o(.text.HAL_MultiProcessorEx_AddressLength_Set), (94 bytes).
    Removing stm32l4xx_hal_uart_ex.o(.ARM.exidx.text.HAL_MultiProcessorEx_AddressLength_Set), (8 bytes).
    Removing stm32l4xx_hal_uart_ex.o(.text.HAL_UARTEx_StopModeWakeUpSourceConfig), (204 bytes).
    Removing stm32l4xx_hal_uart_ex.o(.ARM.exidx.text.HAL_UARTEx_StopModeWakeUpSourceConfig), (8 bytes).
    Removing stm32l4xx_hal_uart_ex.o(.text.UARTEx_Wakeup_AddressConfig), (62 bytes).
    Removing stm32l4xx_hal_uart_ex.o(.ARM.exidx.text.UARTEx_Wakeup_AddressConfig), (8 bytes).
    Removing stm32l4xx_hal_uart_ex.o(.text.HAL_UARTEx_EnableStopMode), (78 bytes).
    Removing stm32l4xx_hal_uart_ex.o(.ARM.exidx.text.HAL_UARTEx_EnableStopMode), (8 bytes).
    Removing stm32l4xx_hal_uart_ex.o(.text.HAL_UARTEx_DisableStopMode), (78 bytes).
    Removing stm32l4xx_hal_uart_ex.o(.ARM.exidx.text.HAL_UARTEx_DisableStopMode), (8 bytes).
    Removing stm32l4xx_hal_usart.o(.text), (0 bytes).
    Removing stm32l4xx_hal_usart_ex.o(.text), (0 bytes).
    Removing stm32l4xx_hal_wwdg.o(.text), (0 bytes).
    Removing list.o(.text), (0 bytes).
    Removing list.o(.text.List_Init), (78 bytes).
    Removing list.o(.ARM.exidx.text.List_Init), (8 bytes).
    Removing list.o(.text.List_Add_To_End), (218 bytes).
    Removing list.o(.ARM.exidx.text.List_Add_To_End), (8 bytes).
    Removing list.o(.text.List_Add_To_Beginning), (200 bytes).
    Removing list.o(.ARM.exidx.text.List_Add_To_Beginning), (8 bytes).
    Removing list.o(.text.List_Is_Empty), (16 bytes).
    Removing list.o(.ARM.exidx.text.List_Is_Empty), (8 bytes).
    Removing main.o(.text), (0 bytes).
    Removing main.o(.ARM.exidx.text.main), (8 bytes).
    Removing main.o(.ARM.exidx.text.SystemClock_Config), (8 bytes).
    Removing main.o(.ARM.exidx.text.MX_GPIO_Init), (8 bytes).
    Removing main.o(.ARM.exidx.text.MX_USART1_UART_Init), (8 bytes).
    Removing main.o(.ARM.exidx.text.MX_USART2_UART_Init), (8 bytes).
    Removing main.o(.ARM.exidx.text.Error_Handler), (8 bytes).
    Removing main.o(.text.debugPrintln), (70 bytes).
    Removing main.o(.ARM.exidx.text.debugPrintln), (8 bytes).
    Removing main.o(.rodata..L__const.debugPrintln.newline), (2 bytes).
    Removing main.o(.ARM.use_no_argv), (4 bytes).
    Removing print.o(.text), (0 bytes).
    Removing queue.o(.text), (0 bytes).
    Removing queue.o(.text.Queue_Init), (106 bytes).
    Removing queue.o(.ARM.exidx.text.Queue_Init), (8 bytes).
    Removing queue.o(.text.Queue_Append), (114 bytes).
    Removing queue.o(.ARM.exidx.text.Queue_Append), (8 bytes).
    Removing queue.o(.text.Queue_IsFull), (42 bytes).
    Removing queue.o(.ARM.exidx.text.Queue_IsFull), (8 bytes).
    Removing queue.o(.text.Queue_Get), (118 bytes).
    Removing queue.o(.ARM.exidx.text.Queue_Get), (8 bytes).
    Removing queue.o(.text.Queue_IsEmpty), (16 bytes).
    Removing queue.o(.ARM.exidx.text.Queue_IsEmpty), (8 bytes).
    Removing queue.o(.text.Queue_Clear), (2 bytes).
    Removing queue.o(.ARM.exidx.text.Queue_Clear), (8 bytes).
    Removing queue.o(.text.Queue_Size), (98 bytes).
    Removing queue.o(.ARM.exidx.text.Queue_Size), (8 bytes).
    Removing queue.o(.text.Queue_MaxSize), (12 bytes).
    Removing queue.o(.ARM.exidx.text.Queue_MaxSize), (8 bytes).
    Removing stm32l4xx_hal_msp.o(.text), (0 bytes).
    Removing stm32l4xx_hal_msp.o(.ARM.exidx.text.HAL_MspInit), (8 bytes).
    Removing stm32l4xx_hal_msp.o(.ARM.exidx.text.HAL_UART_MspInit), (8 bytes).
    Removing stm32l4xx_hal_msp.o(.text.HAL_UART_MspDeInit), (106 bytes).
    Removing stm32l4xx_hal_msp.o(.ARM.exidx.text.HAL_UART_MspDeInit), (8 bytes).
    Removing stm32l4xx_it.o(.text), (0 bytes).
    Removing stm32l4xx_it.o(.ARM.exidx.text.NMI_Handler), (8 bytes).
    Removing stm32l4xx_it.o(.ARM.exidx.text.HardFault_Handler), (8 bytes).
    Removing stm32l4xx_it.o(.ARM.exidx.text.MemManage_Handler), (8 bytes).
    Removing stm32l4xx_it.o(.ARM.exidx.text.BusFault_Handler), (8 bytes).
    Removing stm32l4xx_it.o(.ARM.exidx.text.UsageFault_Handler), (8 bytes).
    Removing stm32l4xx_it.o(.ARM.exidx.text.SVC_Handler), (8 bytes).
    Removing stm32l4xx_it.o(.ARM.exidx.text.DebugMon_Handler), (8 bytes).
    Removing stm32l4xx_it.o(.ARM.exidx.text.PendSV_Handler), (8 bytes).
    Removing stm32l4xx_it.o(.ARM.exidx.text.SysTick_Handler), (8 bytes).
    Removing stm32l4xx_it.o(.ARM.exidx.text.USART1_IRQHandler), (8 bytes).
    Removing stm32l4xx_it.o(.ARM.exidx.text.USART2_IRQHandler), (8 bytes).
    Removing system_stm32l4xx.o(.text), (0 bytes).
    Removing system_stm32l4xx.o(.ARM.exidx.text.SystemInit), (8 bytes).
    Removing system_stm32l4xx.o(.text.SystemCoreClockUpdate), (398 bytes).
    Removing system_stm32l4xx.o(.ARM.exidx.text.SystemCoreClockUpdate), (8 bytes).
    Removing ublox_gps.o(.text), (0 bytes).
    Removing ublox_gps.o(.text.UBX_GPS_Init), (196 bytes).
    Removing ublox_gps.o(.ARM.exidx.text.UBX_GPS_Init), (8 bytes).
    Removing ublox_gps.o(.text.UBX_Set_Port_Config), (120 bytes).
    Removing ublox_gps.o(.ARM.exidx.text.UBX_Set_Port_Config), (8 bytes).
    Removing ublox_gps.o(.text.UBX_Set_Message_Rate), (76 bytes).
    Removing ublox_gps.o(.ARM.exidx.text.UBX_Set_Message_Rate), (8 bytes).
    Removing ublox_gps.o(.text.UBX_Get_Port_Config), (38 bytes).
    Removing ublox_gps.o(.ARM.exidx.text.UBX_Get_Port_Config), (8 bytes).
    Removing ublox_gps.o(.text.UBX_Send_Packet), (324 bytes).
    Removing ublox_gps.o(.ARM.exidx.text.UBX_Send_Packet), (8 bytes).
    Removing ublox_gps.o(.text.UBX_Manage_Config), (82 bytes).
    Removing ublox_gps.o(.ARM.exidx.text.UBX_Manage_Config), (8 bytes).
    Removing ublox_gps.o(.text.UBX_Get_Message_Rate), (60 bytes).
    Removing ublox_gps.o(.ARM.exidx.text.UBX_Get_Message_Rate), (8 bytes).
    Removing ublox_gps.o(.text.UBX_IRQ_Handler), (162 bytes).
    Removing ublox_gps.o(.ARM.exidx.text.UBX_IRQ_Handler), (8 bytes).
    Removing ublox_gps.o(.text.UBX_Calculate_Checksum), (102 bytes).
    Removing ublox_gps.o(.ARM.exidx.text.UBX_Calculate_Checksum), (8 bytes).
    Removing ublox_gps.o(.bss.huart), (4 bytes).
    Removing ublox_gps.o(.bss.uart_tx_queue), (16 bytes).
    Removing ublox_gps.o(.rodata..L__const.UBX_GPS_Init.portConfig), (20 bytes).
    Removing ublox_r4.o(.text), (0 bytes).
    Removing ublox_r4.o(.text.SARA_R4_Init), (148 bytes).
    Removing ublox_r4.o(.ARM.exidx.text.SARA_R4_Init), (8 bytes).
    Removing ublox_r4.o(.text.SARA_R4_Process_Messages), (2 bytes).
    Removing ublox_r4.o(.ARM.exidx.text.SARA_R4_Process_Messages), (8 bytes).
    Removing ublox_r4.o(.text.SARA_R4_HW_Power_On), (42 bytes).
    Removing ublox_r4.o(.ARM.exidx.text.SARA_R4_HW_Power_On), (8 bytes).
    Removing ublox_r4.o(.text.SARA_R4_HW_Reset), (42 bytes).
    Removing ublox_r4.o(.ARM.exidx.text.SARA_R4_HW_Reset), (8 bytes).
    Removing ublox_r4.o(.text.SARA_R4_Hex_Mode_Config), (34 bytes).
    Removing ublox_r4.o(.ARM.exidx.text.SARA_R4_Hex_Mode_Config), (8 bytes).
    Removing ublox_r4.o(.text.SARA_R4_Send), (174 bytes).
    Removing ublox_r4.o(.ARM.exidx.text.SARA_R4_Send), (8 bytes).
    Removing ublox_r4.o(.text.SARA_R4_Get_Manufacturer_ID), (136 bytes).
    Removing ublox_r4.o(.ARM.exidx.text.SARA_R4_Get_Manufacturer_ID), (8 bytes).
    Removing ublox_r4.o(.text.SARA_R4_Receive), (158 bytes).
    Removing ublox_r4.o(.ARM.exidx.text.SARA_R4_Receive), (8 bytes).
    Removing ublox_r4.o(.text.SARA_R4_Get_Model_ID), (134 bytes).
    Removing ublox_r4.o(.ARM.exidx.text.SARA_R4_Get_Model_ID), (8 bytes).
    Removing ublox_r4.o(.text.SARA_R4_Get_Firmware_ID), (134 bytes).
    Removing ublox_r4.o(.ARM.exidx.text.SARA_R4_Get_Firmware_ID), (8 bytes).
    Removing ublox_r4.o(.text.SARA_R4_Get_IMEI), (134 bytes).
    Removing ublox_r4.o(.ARM.exidx.text.SARA_R4_Get_IMEI), (8 bytes).
    Removing ublox_r4.o(.text.SARA_R4_Get_IMSI), (134 bytes).
    Removing ublox_r4.o(.ARM.exidx.text.SARA_R4_Get_IMSI), (8 bytes).
    Removing ublox_r4.o(.text.SARA_R4_Get_ICCID), (134 bytes).
    Removing ublox_r4.o(.ARM.exidx.text.SARA_R4_Get_ICCID), (8 bytes).
    Removing ublox_r4.o(.text.SARA_R4_Shutdown), (66 bytes).
    Removing ublox_r4.o(.ARM.exidx.text.SARA_R4_Shutdown), (8 bytes).
    Removing ublox_r4.o(.text.SARA_R4_Get_Functionality_Level), (68 bytes).
    Removing ublox_r4.o(.ARM.exidx.text.SARA_R4_Get_Functionality_Level), (8 bytes).
    Removing ublox_r4.o(.text.SARA_R4_Set_Functionality_Level), (20 bytes).
    Removing ublox_r4.o(.ARM.exidx.text.SARA_R4_Set_Functionality_Level), (8 bytes).
    Removing ublox_r4.o(.text.SARA_R4_Get_Indications), (156 bytes).
    Removing ublox_r4.o(.ARM.exidx.text.SARA_R4_Get_Indications), (8 bytes).
    Removing ublox_r4.o(.text.SARA_R4_Set_Event_Reporting), (4 bytes).
    Removing ublox_r4.o(.ARM.exidx.text.SARA_R4_Set_Event_Reporting), (8 bytes).
    Removing ublox_r4.o(.text.SARA_R4_Set_Timezone_Update), (4 bytes).
    Removing ublox_r4.o(.ARM.exidx.text.SARA_R4_Set_Timezone_Update), (8 bytes).
    Removing ublox_r4.o(.text.SARA_R4_Get_Subscriber_Number), (4 bytes).
    Removing ublox_r4.o(.ARM.exidx.text.SARA_R4_Get_Subscriber_Number), (8 bytes).
    Removing ublox_r4.o(.text.SARA_R4_Get_Signal_Quality), (66 bytes).
    Removing ublox_r4.o(.ARM.exidx.text.SARA_R4_Get_Signal_Quality), (8 bytes).
    Removing ublox_r4.o(.text.SARA_R4_Get_Extended_Signal_Quality), (480 bytes).
    Removing ublox_r4.o(.ARM.exidx.text.SARA_R4_Get_Extended_Signal_Quality), (8 bytes).
    Removing ublox_r4.o(.text.SARA_R4_Get_RAT), (118 bytes).
    Removing ublox_r4.o(.ARM.exidx.text.SARA_R4_Get_RAT), (8 bytes).
    Removing ublox_r4.o(.text.SARA_R4_Get_Operator), (126 bytes).
    Removing ublox_r4.o(.ARM.exidx.text.SARA_R4_Get_Operator), (8 bytes).
    Removing ublox_r4.o(.text.SARA_R4_Set_Operator), (10 bytes).
    Removing ublox_r4.o(.ARM.exidx.text.SARA_R4_Set_Operator), (8 bytes).
    Removing ublox_r4.o(.text.SARA_R4_Get_Network_Registration), (116 bytes).
    Removing ublox_r4.o(.ARM.exidx.text.SARA_R4_Get_Network_Registration), (8 bytes).
    Removing ublox_r4.o(.text.SARA_R4_Set_Network_Registration), (4 bytes).
    Removing ublox_r4.o(.ARM.exidx.text.SARA_R4_Set_Network_Registration), (8 bytes).
    Removing ublox_r4.o(.text.SARA_R4_Get_Network_Selection), (116 bytes).
    Removing ublox_r4.o(.ARM.exidx.text.SARA_R4_Get_Network_Selection), (8 bytes).
    Removing ublox_r4.o(.text.SARA_R4_Set_Network_Selection), (4 bytes).
    Removing ublox_r4.o(.ARM.exidx.text.SARA_R4_Set_Network_Selection), (8 bytes).
    Removing ublox_r4.o(.text.SARA_R4_Get_Band_Selection), (4 bytes).
    Removing ublox_r4.o(.ARM.exidx.text.SARA_R4_Get_Band_Selection), (8 bytes).
    Removing ublox_r4.o(.text.SARA_R4_Set_Band_Selection), (4 bytes).
    Removing ublox_r4.o(.ARM.exidx.text.SARA_R4_Set_Band_Selection), (8 bytes).
    Removing ublox_r4.o(.text.SARA_R4_CPRF_Set_TLS), (1064 bytes).
    Removing ublox_r4.o(.ARM.exidx.text.SARA_R4_CPRF_Set_TLS), (8 bytes).
    Removing ublox_r4.o(.text.SARA_R4_Hex_Mode), (104 bytes).
    Removing ublox_r4.o(.ARM.exidx.text.SARA_R4_Hex_Mode), (8 bytes).
    Removing ublox_r4.o(.text.SARA_R4_Clear_Socket), (14 bytes).
    Removing ublox_r4.o(.ARM.exidx.text.SARA_R4_Clear_Socket), (8 bytes).
    Removing ublox_r4.o(.text.SARA_R4_Create_Socket), (152 bytes).
    Removing ublox_r4.o(.ARM.exidx.text.SARA_R4_Create_Socket), (8 bytes).
    Removing ublox_r4.o(.text.SARA_R4_SSL_Mode_Config), (132 bytes).
    Removing ublox_r4.o(.ARM.exidx.text.SARA_R4_SSL_Mode_Config), (8 bytes).
    Removing ublox_r4.o(.text.SARA_R4_Setup_Socket), (4 bytes).
    Removing ublox_r4.o(.ARM.exidx.text.SARA_R4_Setup_Socket), (8 bytes).
    Removing ublox_r4.o(.text.SARA_R4_Connect_Socket), (128 bytes).
    Removing ublox_r4.o(.ARM.exidx.text.SARA_R4_Connect_Socket), (8 bytes).
    Removing ublox_r4.o(.text.SARA_R4_Write_Socket), (22 bytes).
    Removing ublox_r4.o(.ARM.exidx.text.SARA_R4_Write_Socket), (8 bytes).
    Removing ublox_r4.o(.text.SARA_R4_Clear_File), (132 bytes).
    Removing ublox_r4.o(.ARM.exidx.text.SARA_R4_Clear_File), (8 bytes).
    Removing ublox_r4.o(.text.SARA_R4_List_File), (132 bytes).
    Removing ublox_r4.o(.ARM.exidx.text.SARA_R4_List_File), (8 bytes).
    Removing ublox_r4.o(.text.SARA_R4_Download_File), (18 bytes).
    Removing ublox_r4.o(.ARM.exidx.text.SARA_R4_Download_File), (8 bytes).
    Removing ublox_r4.o(.text.SARA_R4_Download_Block), (472 bytes).
    Removing ublox_r4.o(.ARM.exidx.text.SARA_R4_Download_Block), (8 bytes).
    Removing ublox_r4.o(.text.SARA_R4_SendN), (232 bytes).
    Removing ublox_r4.o(.ARM.exidx.text.SARA_R4_SendN), (8 bytes).
    Removing ublox_r4.o(.text.SARA_R4_IRQ_Handler), (534 bytes).
    Removing ublox_r4.o(.ARM.exidx.text.SARA_R4_IRQ_Handler), (8 bytes).
    Removing ublox_r4.o(.text.Convert_From_ASCII), (90 bytes).
    Removing ublox_r4.o(.ARM.exidx.text.Convert_From_ASCII), (8 bytes).
    Removing ublox_r4.o(.rodata.str1.1), (4692 bytes).
    Removing ublox_r4.o(.data.AWS_ADDR), (4 bytes).
    Removing ublox_r4.o(.rodata.AWS_PORT), (2 bytes).
    Removing ublox_r4.o(.data.AWS_ROOT_CA), (4 bytes).
    Removing ublox_r4.o(.data.AWS_PRIVATE_CA), (4 bytes).
    Removing ublox_r4.o(.data.AWS_PRIVATE_KEY), (4 bytes).
    Removing ublox_r4.o(.bss.huart), (4 bytes).
    Removing ublox_r4.o(.bss.cell_tx_queue), (16 bytes).
    Removing ublox_r4.o(.bss.message_queue), (16 bytes).
    Removing ublox_r4.o(.rodata..L__const.SARA_R4_Create_Socket.send), (20 bytes).
    Removing ublox_r4.o(.rodata..L__const.SARA_R4_Clear_File.send), (50 bytes).
    Removing ublox_r4.o(.rodata..L__const.SARA_R4_List_File.send), (50 bytes).
    Removing ublox_r4.o(.rodata..L__const.SARA_R4_Download_Block.snd), (50 bytes).
    Removing ublox_r4.o(.rodata..L__const.SARA_R4_Download_Block.str), (20 bytes).
    Removing ublox_r4.o(.bss.tempMsg), (102 bytes).
    Removing ublox_r4.o(.bss.testing), (30 bytes).
    Removing startup_stm32l422xx.o(HEAP), (1024 bytes).
    Removing jansson_config.o(.text), (0 bytes).
    Removing jansson_config.o(.text.seed_from_timestamp_and_pid), (10 bytes).
    Removing jansson_config.o(.ARM.exidx.text.seed_from_timestamp_and_pid), (8 bytes).
    Removing dadd.o(.text), (350 bytes).
    Removing dmul.o(.text), (234 bytes).
    Removing ddiv.o(.text), (222 bytes).
    Removing dfixul.o(.text), (48 bytes).
    Removing cdrcmple.o(.text), (48 bytes).
    Removing depilogue.o(.text), (186 bytes).

938 unused section(s) (total 68826 bytes) removed from the image.

==============================================================================

Image Symbol Table

    Local Symbols

    Symbol Name                              Value     Ov Type        Size  Object(Section)

    ../clib/division.s                       0x00000000   Number         0  aeabi_sdiv.o ABSOLUTE
    ../clib/microlib/ctype/ctype.c           0x00000000   Number         0  ctype_o.o ABSOLUTE
    ../clib/microlib/ctype/ctype.c           0x00000000   Number         0  isalnum_o.o ABSOLUTE
    ../clib/microlib/ctype/ctype.c           0x00000000   Number         0  isalpha_o.o ABSOLUTE
    ../clib/microlib/ctype/ctype.c           0x00000000   Number         0  isblank_o.o ABSOLUTE
    ../clib/microlib/ctype/ctype.c           0x00000000   Number         0  iscntrl_o.o ABSOLUTE
    ../clib/microlib/ctype/ctype.c           0x00000000   Number         0  isdigit_o.o ABSOLUTE
    ../clib/microlib/ctype/ctype.c           0x00000000   Number         0  isgraph_o.o ABSOLUTE
    ../clib/microlib/ctype/ctype.c           0x00000000   Number         0  islower_o.o ABSOLUTE
    ../clib/microlib/ctype/ctype.c           0x00000000   Number         0  isprint_o.o ABSOLUTE
    ../clib/microlib/ctype/ctype.c           0x00000000   Number         0  ispunct_o.o ABSOLUTE
    ../clib/microlib/ctype/ctype.c           0x00000000   Number         0  isspace_o.o ABSOLUTE
    ../clib/microlib/ctype/ctype.c           0x00000000   Number         0  isupper_o.o ABSOLUTE
    ../clib/microlib/ctype/ctype.c           0x00000000   Number         0  isxdigit_o.o ABSOLUTE
    ../clib/microlib/division.c              0x00000000   Number         0  uldiv.o ABSOLUTE
    ../clib/microlib/division.c              0x00000000   Number         0  uidiv.o ABSOLUTE
    ../clib/microlib/errno.c                 0x00000000   Number         0  errno.o ABSOLUTE
    ../clib/microlib/init/entry.s            0x00000000   Number         0  entry.o ABSOLUTE
    ../clib/microlib/init/entry.s            0x00000000   Number         0  entry2.o ABSOLUTE
    ../clib/microlib/init/entry.s            0x00000000   Number         0  entry5.o ABSOLUTE
    ../clib/microlib/init/entry.s            0x00000000   Number         0  entry7a.o ABSOLUTE
    ../clib/microlib/init/entry.s            0x00000000   Number         0  entry7b.o ABSOLUTE
    ../clib/microlib/init/entry.s            0x00000000   Number         0  entry8a.o ABSOLUTE
    ../clib/microlib/init/entry.s            0x00000000   Number         0  entry8b.o ABSOLUTE
    ../clib/microlib/init/entry.s            0x00000000   Number         0  entry9a.o ABSOLUTE
    ../clib/microlib/init/entry.s            0x00000000   Number         0  entry9b.o ABSOLUTE
    ../clib/microlib/init/entry.s            0x00000000   Number         0  entry10a.o ABSOLUTE
    ../clib/microlib/init/entry.s            0x00000000   Number         0  entry10b.o ABSOLUTE
    ../clib/microlib/init/entry.s            0x00000000   Number         0  entry11a.o ABSOLUTE
    ../clib/microlib/init/entry.s            0x00000000   Number         0  entry11b.o ABSOLUTE
    ../clib/microlib/longlong.c              0x00000000   Number         0  llshl.o ABSOLUTE
    ../clib/microlib/longlong.c              0x00000000   Number         0  llushr.o ABSOLUTE
    ../clib/microlib/longlong.c              0x00000000   Number         0  llsshr.o ABSOLUTE
    ../clib/microlib/malloc/malloc.c         0x00000000   Number         0  malloc.o ABSOLUTE
    ../clib/microlib/malloc/malloc.c         0x00000000   Number         0  mallocr.o ABSOLUTE
    ../clib/microlib/malloc/malloc.c         0x00000000   Number         0  malloca.o ABSOLUTE
    ../clib/microlib/malloc/malloc.c         0x00000000   Number         0  mallocra.o ABSOLUTE
    ../clib/microlib/malloc/mvars.c          0x00000000   Number         0  mvars.o ABSOLUTE
    ../clib/microlib/printf/printf.c         0x00000000   Number         0  printfa.o ABSOLUTE
    ../clib/microlib/stdio/fputc.c           0x00000000   Number         0  fputc.o ABSOLUTE
    ../clib/microlib/stdio/fputc.c           0x00000000   Number         0  fputc_h.o ABSOLUTE
    ../clib/microlib/stdio/semi.s            0x00000000   Number         0  semi.o ABSOLUTE
    ../clib/microlib/stdio/streams.c         0x00000000   Number         0  stdout.o ABSOLUTE
    ../clib/microlib/string/memcpy.c         0x00000000   Number         0  memcpya.o ABSOLUTE
    ../clib/microlib/string/memcpy.c         0x00000000   Number         0  memcpyb.o ABSOLUTE
    ../clib/microlib/string/memset.c         0x00000000   Number         0  memseta.o ABSOLUTE
    ../clib/microlib/string/strchr.c         0x00000000   Number         0  strchr.o ABSOLUTE
    ../clib/microlib/string/strcpy.c         0x00000000   Number         0  strcpy.o ABSOLUTE
    ../clib/microlib/string/strlen.c         0x00000000   Number         0  strlen.o ABSOLUTE
    ../clib/microlib/string/strncat.c        0x00000000   Number         0  strncat.o ABSOLUTE
    ../clib/microlib/stubs.s                 0x00000000   Number         0  iusefp.o ABSOLUTE
    ../clib/microlib/stubs.s                 0x00000000   Number         0  iusesemip.o ABSOLUTE
    ../clib/scanf.c                          0x00000000   Number         0  atoi.o ABSOLUTE
    ../clib/scanf.c                          0x00000000   Number         0  strtol.o ABSOLUTE
    ../clib/scanf.c                          0x00000000   Number         0  _strtoul.o ABSOLUTE
    ../clib/scanf.c                          0x00000000   Number         0  _chval.o ABSOLUTE
    ../fplib/microlib/fpadd.c                0x00000000   Number         0  dadd.o ABSOLUTE
    ../fplib/microlib/fpdiv.c                0x00000000   Number         0  ddiv.o ABSOLUTE
    ../fplib/microlib/fpepilogue.c           0x00000000   Number         0  depilogue.o ABSOLUTE
    ../fplib/microlib/fpfix.c                0x00000000   Number         0  dfixul.o ABSOLUTE
    ../fplib/microlib/fpmul.c                0x00000000   Number         0  dmul.o ABSOLUTE
    cdrcmple.s                               0x00000000   Number         0  cdrcmple.o ABSOLUTE
    dc.s                                     0x00000000   Number         0  dc.o ABSOLUTE
    handlers.s                               0x00000000   Number         0  handlers.o ABSOLUTE
    init.s                                   0x00000000   Number         0  init.o ABSOLUTE
    jansson_config.c                         0x00000000   Number         0  jansson_config.o ABSOLUTE
    list.c                                   0x00000000   Number         0  list.o ABSOLUTE
    main.c                                   0x00000000   Number         0  main.o ABSOLUTE
    print.c                                  0x00000000   Number         0  print.o ABSOLUTE
    queue.c                                  0x00000000   Number         0  queue.o ABSOLUTE
    startup_stm32l422xx.s                    0x00000000   Number         0  startup_stm32l422xx.o ABSOLUTE
    stm32l4xx_hal.c                          0x00000000   Number         0  stm32l4xx_hal.o ABSOLUTE
    stm32l4xx_hal_cortex.c                   0x00000000   Number         0  stm32l4xx_hal_cortex.o ABSOLUTE
    stm32l4xx_hal_crc.c                      0x00000000   Number         0  stm32l4xx_hal_crc.o ABSOLUTE
    stm32l4xx_hal_crc_ex.c                   0x00000000   Number         0  stm32l4xx_hal_crc_ex.o ABSOLUTE
    stm32l4xx_hal_cryp.c                     0x00000000   Number         0  stm32l4xx_hal_cryp.o ABSOLUTE
    stm32l4xx_hal_cryp_ex.c                  0x00000000   Number         0  stm32l4xx_hal_cryp_ex.o ABSOLUTE
    stm32l4xx_hal_dma.c                      0x00000000   Number         0  stm32l4xx_hal_dma.o ABSOLUTE
    stm32l4xx_hal_dma_ex.c                   0x00000000   Number         0  stm32l4xx_hal_dma_ex.o ABSOLUTE
    stm32l4xx_hal_exti.c                     0x00000000   Number         0  stm32l4xx_hal_exti.o ABSOLUTE
    stm32l4xx_hal_flash.c                    0x00000000   Number         0  stm32l4xx_hal_flash.o ABSOLUTE
    stm32l4xx_hal_flash_ex.c                 0x00000000   Number         0  stm32l4xx_hal_flash_ex.o ABSOLUTE
    stm32l4xx_hal_gpio.c                     0x00000000   Number         0  stm32l4xx_hal_gpio.o ABSOLUTE
    stm32l4xx_hal_i2c.c                      0x00000000   Number         0  stm32l4xx_hal_i2c.o ABSOLUTE
    stm32l4xx_hal_i2c_ex.c                   0x00000000   Number         0  stm32l4xx_hal_i2c_ex.o ABSOLUTE
    stm32l4xx_hal_iwdg.c                     0x00000000   Number         0  stm32l4xx_hal_iwdg.o ABSOLUTE
    stm32l4xx_hal_lptim.c                    0x00000000   Number         0  stm32l4xx_hal_lptim.o ABSOLUTE
    stm32l4xx_hal_msp.c                      0x00000000   Number         0  stm32l4xx_hal_msp.o ABSOLUTE
    stm32l4xx_hal_pwr.c                      0x00000000   Number         0  stm32l4xx_hal_pwr.o ABSOLUTE
    stm32l4xx_hal_pwr_ex.c                   0x00000000   Number         0  stm32l4xx_hal_pwr_ex.o ABSOLUTE
    stm32l4xx_hal_qspi.c                     0x00000000   Number         0  stm32l4xx_hal_qspi.o ABSOLUTE
    stm32l4xx_hal_rcc.c                      0x00000000   Number         0  stm32l4xx_hal_rcc.o ABSOLUTE
    stm32l4xx_hal_rcc_ex.c                   0x00000000   Number         0  stm32l4xx_hal_rcc_ex.o ABSOLUTE
    stm32l4xx_hal_rtc.c                      0x00000000   Number         0  stm32l4xx_hal_rtc.o ABSOLUTE
    stm32l4xx_hal_rtc_ex.c                   0x00000000   Number         0  stm32l4xx_hal_rtc_ex.o ABSOLUTE
    stm32l4xx_hal_spi.c                      0x00000000   Number         0  stm32l4xx_hal_spi.o ABSOLUTE
    stm32l4xx_hal_spi_ex.c                   0x00000000   Number         0  stm32l4xx_hal_spi_ex.o ABSOLUTE
    stm32l4xx_hal_tim.c                      0x00000000   Number         0  stm32l4xx_hal_tim.o ABSOLUTE
    stm32l4xx_hal_tim_ex.c                   0x00000000   Number         0  stm32l4xx_hal_tim_ex.o ABSOLUTE
    stm32l4xx_hal_uart.c                     0x00000000   Number         0  stm32l4xx_hal_uart.o ABSOLUTE
    stm32l4xx_hal_uart_ex.c                  0x00000000   Number         0  stm32l4xx_hal_uart_ex.o ABSOLUTE
    stm32l4xx_hal_usart.c                    0x00000000   Number         0  stm32l4xx_hal_usart.o ABSOLUTE
    stm32l4xx_hal_usart_ex.c                 0x00000000   Number         0  stm32l4xx_hal_usart_ex.o ABSOLUTE
    stm32l4xx_hal_wwdg.c                     0x00000000   Number         0  stm32l4xx_hal_wwdg.o ABSOLUTE
    stm32l4xx_it.c                           0x00000000   Number         0  stm32l4xx_it.o ABSOLUTE
    system_stm32l4xx.c                       0x00000000   Number         0  system_stm32l4xx.o ABSOLUTE
    ublox_gps.c                              0x00000000   Number         0  ublox_gps.o ABSOLUTE
    ublox_r4.c                               0x00000000   Number         0  ublox_r4.o ABSOLUTE
    RESET                                    0x08000000   Section      396  startup_stm32l422xx.o(RESET)
    .ARM.Collect$$$$00000000                 0x0800018c   Section        0  entry.o(.ARM.Collect$$$$00000000)
    .ARM.Collect$$$$00000001                 0x0800018c   Section        4  entry2.o(.ARM.Collect$$$$00000001)
    .ARM.Collect$$$$00000004                 0x08000190   Section        4  entry5.o(.ARM.Collect$$$$00000004)
    .ARM.Collect$$$$00000008                 0x08000194   Section        0  entry7b.o(.ARM.Collect$$$$00000008)
    .ARM.Collect$$$$0000000A                 0x08000194   Section        0  entry8b.o(.ARM.Collect$$$$0000000A)
    .ARM.Collect$$$$0000000B                 0x08000194   Section        8  entry9a.o(.ARM.Collect$$$$0000000B)
    __lit__00000000                          0x0800019c   Data           4  entry2.o(.ARM.Collect$$$$00002712)
    .ARM.Collect$$$$0000000D                 0x0800019c   Section        0  entry10a.o(.ARM.Collect$$$$0000000D)
    .ARM.Collect$$$$0000000F                 0x0800019c   Section        0  entry11a.o(.ARM.Collect$$$$0000000F)
    .ARM.Collect$$$$00002712                 0x0800019c   Section        4  entry2.o(.ARM.Collect$$$$00002712)
    $v0                                      0x080001a0   Number         0  startup_stm32l422xx.o(.text)
    .text                                    0x080001a0   Section       36  startup_stm32l422xx.o(.text)
    .text                                    0x080001c4   Section        0  uldiv.o(.text)
    .text                                    0x0800022c   Section        0  memseta.o(.text)
    .text                                    0x08000250   Section        0  llshl.o(.text)
    .text                                    0x0800026e   Section        0  llushr.o(.text)
    .text                                    0x08000290   Section       36  init.o(.text)
    [Anonymous Symbol]                       0x080002b4   Section        0  stm32l4xx_it.o(.text.BusFault_Handler)
    [Anonymous Symbol]                       0x080002b8   Section        0  stm32l4xx_it.o(.text.DebugMon_Handler)
    [Anonymous Symbol]                       0x080002bc   Section        0  main.o(.text.Error_Handler)
    [Anonymous Symbol]                       0x080002c0   Section        0  stm32l4xx_hal.o(.text.HAL_Delay)
    [Anonymous Symbol]                       0x08000304   Section        0  stm32l4xx_hal_gpio.o(.text.HAL_GPIO_Init)
    [Anonymous Symbol]                       0x08000644   Section        0  stm32l4xx_hal_gpio.o(.text.HAL_GPIO_TogglePin)
    [Anonymous Symbol]                       0x08000674   Section        0  stm32l4xx_hal_gpio.o(.text.HAL_GPIO_WritePin)
    [Anonymous Symbol]                       0x080006a8   Section        0  stm32l4xx_hal.o(.text.HAL_GetTick)
    [Anonymous Symbol]                       0x080006b4   Section        0  stm32l4xx_hal.o(.text.HAL_IncTick)
    [Anonymous Symbol]                       0x080006d0   Section        0  stm32l4xx_hal.o(.text.HAL_Init)
    [Anonymous Symbol]                       0x08000708   Section        0  stm32l4xx_hal.o(.text.HAL_InitTick)
    [Anonymous Symbol]                       0x08000794   Section        0  stm32l4xx_hal_msp.o(.text.HAL_MspInit)
    [Anonymous Symbol]                       0x080007d8   Section        0  stm32l4xx_hal_cortex.o(.text.HAL_NVIC_EnableIRQ)
    [Anonymous Symbol]                       0x080007f0   Section        0  stm32l4xx_hal_cortex.o(.text.HAL_NVIC_SetPriority)
    [Anonymous Symbol]                       0x08000830   Section        0  stm32l4xx_hal_cortex.o(.text.HAL_NVIC_SetPriorityGrouping)
    [Anonymous Symbol]                       0x08000840   Section        0  stm32l4xx_hal_pwr_ex.o(.text.HAL_PWREx_ControlVoltageScaling)
    [Anonymous Symbol]                       0x08000928   Section        0  stm32l4xx_hal_pwr_ex.o(.text.HAL_PWREx_GetVoltageRange)
    [Anonymous Symbol]                       0x08000938   Section        0  stm32l4xx_hal_rcc_ex.o(.text.HAL_RCCEx_PeriphCLKConfig)
    [Anonymous Symbol]                       0x08000c98   Section        0  stm32l4xx_hal_rcc.o(.text.HAL_RCC_ClockConfig)
    [Anonymous Symbol]                       0x08000ee8   Section        0  stm32l4xx_hal_rcc.o(.text.HAL_RCC_GetHCLKFreq)
    [Anonymous Symbol]                       0x08000ef4   Section        0  stm32l4xx_hal_rcc.o(.text.HAL_RCC_GetPCLK1Freq)
    [Anonymous Symbol]                       0x08000f1c   Section        0  stm32l4xx_hal_rcc.o(.text.HAL_RCC_GetPCLK2Freq)
    [Anonymous Symbol]                       0x08000f44   Section        0  stm32l4xx_hal_rcc.o(.text.HAL_RCC_GetSysClockFreq)
    [Anonymous Symbol]                       0x080010a4   Section        0  stm32l4xx_hal_rcc.o(.text.HAL_RCC_OscConfig)
    [Anonymous Symbol]                       0x08001bb0   Section        0  stm32l4xx_hal_cortex.o(.text.HAL_SYSTICK_Config)
    [Anonymous Symbol]                       0x08001bc0   Section        0  stm32l4xx_hal_uart.o(.text.HAL_UART_Init)
    [Anonymous Symbol]                       0x08001c70   Section        0  stm32l4xx_hal_msp.o(.text.HAL_UART_MspInit)
    [Anonymous Symbol]                       0x08001d98   Section        0  stm32l4xx_it.o(.text.HardFault_Handler)
    MX_GPIO_Init                             0x08001d9d   Thumb Code   348  main.o(.text.MX_GPIO_Init)
    [Anonymous Symbol]                       0x08001d9c   Section        0  main.o(.text.MX_GPIO_Init)
    MX_USART1_UART_Init                      0x08001ef9   Thumb Code    64  main.o(.text.MX_USART1_UART_Init)
    [Anonymous Symbol]                       0x08001ef8   Section        0  main.o(.text.MX_USART1_UART_Init)
    MX_USART2_UART_Init                      0x08001f39   Thumb Code    68  main.o(.text.MX_USART2_UART_Init)
    [Anonymous Symbol]                       0x08001f38   Section        0  main.o(.text.MX_USART2_UART_Init)
    [Anonymous Symbol]                       0x08001f7c   Section        0  stm32l4xx_it.o(.text.MemManage_Handler)
    [Anonymous Symbol]                       0x08001f80   Section        0  stm32l4xx_it.o(.text.NMI_Handler)
    NVIC_EncodePriority                      0x08001f85   Thumb Code   110  stm32l4xx_hal_cortex.o(.text.NVIC_EncodePriority)
    [Anonymous Symbol]                       0x08001f84   Section        0  stm32l4xx_hal_cortex.o(.text.NVIC_EncodePriority)
    [Anonymous Symbol]                       0x08001ff4   Section        0  stm32l4xx_it.o(.text.PendSV_Handler)
    RCC_SetFlashLatencyFromMSIRange          0x08001ff9   Thumb Code   238  stm32l4xx_hal_rcc.o(.text.RCC_SetFlashLatencyFromMSIRange)
    [Anonymous Symbol]                       0x08001ff8   Section        0  stm32l4xx_hal_rcc.o(.text.RCC_SetFlashLatencyFromMSIRange)
    [Anonymous Symbol]                       0x080020e8   Section        0  stm32l4xx_it.o(.text.SVC_Handler)
    SysTick_Config                           0x080020ed   Thumb Code    82  stm32l4xx_hal_cortex.o(.text.SysTick_Config)
    [Anonymous Symbol]                       0x080020ec   Section        0  stm32l4xx_hal_cortex.o(.text.SysTick_Config)
    [Anonymous Symbol]                       0x08002140   Section        0  stm32l4xx_it.o(.text.SysTick_Handler)
    [Anonymous Symbol]                       0x08002148   Section        0  main.o(.text.SystemClock_Config)
    [Anonymous Symbol]                       0x08002200   Section        0  system_stm32l4xx.o(.text.SystemInit)
    [Anonymous Symbol]                       0x0800226c   Section        0  stm32l4xx_hal_uart.o(.text.UART_AdvFeatureConfig)
    [Anonymous Symbol]                       0x080023b8   Section        0  stm32l4xx_hal_uart.o(.text.UART_CheckIdleState)
    [Anonymous Symbol]                       0x08002458   Section        0  stm32l4xx_hal_uart.o(.text.UART_SetConfig)
    [Anonymous Symbol]                       0x080029f4   Section        0  stm32l4xx_hal_uart.o(.text.UART_WaitOnFlagUntilTimeout)
    [Anonymous Symbol]                       0x08002afc   Section        0  stm32l4xx_it.o(.text.USART1_IRQHandler)
    [Anonymous Symbol]                       0x08002b60   Section        0  stm32l4xx_it.o(.text.USART2_IRQHandler)
    [Anonymous Symbol]                       0x08002bc4   Section        0  stm32l4xx_it.o(.text.UsageFault_Handler)
    __NVIC_EnableIRQ                         0x08002bc9   Thumb Code    52  stm32l4xx_hal_cortex.o(.text.__NVIC_EnableIRQ)
    [Anonymous Symbol]                       0x08002bc8   Section        0  stm32l4xx_hal_cortex.o(.text.__NVIC_EnableIRQ)
    __NVIC_GetPriorityGrouping               0x08002bfd   Thumb Code    16  stm32l4xx_hal_cortex.o(.text.__NVIC_GetPriorityGrouping)
    [Anonymous Symbol]                       0x08002bfc   Section        0  stm32l4xx_hal_cortex.o(.text.__NVIC_GetPriorityGrouping)
    __NVIC_SetPriority                       0x08002c0d   Thumb Code    68  stm32l4xx_hal_cortex.o(.text.__NVIC_SetPriority)
    [Anonymous Symbol]                       0x08002c0c   Section        0  stm32l4xx_hal_cortex.o(.text.__NVIC_SetPriority)
    __NVIC_SetPriorityGrouping               0x08002c51   Thumb Code    60  stm32l4xx_hal_cortex.o(.text.__NVIC_SetPriorityGrouping)
    [Anonymous Symbol]                       0x08002c50   Section        0  stm32l4xx_hal_cortex.o(.text.__NVIC_SetPriorityGrouping)
    [Anonymous Symbol]                       0x08002c8c   Section        0  main.o(.text.main)
    i.__scatterload_copy                     0x08002d00   Section       14  handlers.o(i.__scatterload_copy)
    i.__scatterload_null                     0x08002d0e   Section        2  handlers.o(i.__scatterload_null)
    i.__scatterload_zeroinit                 0x08002d10   Section       14  handlers.o(i.__scatterload_zeroinit)
    STACK                                    0x20000118   Section     1024  startup_stm32l422xx.o(STACK)

    Global Symbols

    Symbol Name                              Value     Ov Type        Size  Object(Section)

    BuildAttributes$$THM_ISAv4$E$P$D$K$B$S$7EM$VFPi3$EXTD16$VFPS$VFMA$PE$A:L22UL41UL21$X:L11$S22US41US21$IEEE1$IW$~IW$USESV6$~STKCKD$USESV7$~SHL$OSPACE$ROPI$EBA8$MICROLIB$REQ8$PRES8$EABIv2 0x00000000   Number         0  anon$$obj.o ABSOLUTE
    __cpp_initialize__aeabi_                  - Undefined Weak Reference
    __cxa_finalize                            - Undefined Weak Reference
    __decompress                              - Undefined Weak Reference
    _clock_init                               - Undefined Weak Reference
    _microlib_exit                            - Undefined Weak Reference
    __Vectors_Size                           0x0000018c   Number         0  startup_stm32l422xx.o ABSOLUTE
    __Vectors                                0x08000000   Data           4  startup_stm32l422xx.o(RESET)
    __Vectors_End                            0x0800018c   Data           0  startup_stm32l422xx.o(RESET)
    __main                                   0x0800018d   Thumb Code     0  entry.o(.ARM.Collect$$$$00000000)
    _main_stk                                0x0800018d   Thumb Code     0  entry2.o(.ARM.Collect$$$$00000001)
    _main_scatterload                        0x08000191   Thumb Code     0  entry5.o(.ARM.Collect$$$$00000004)
    __main_after_scatterload                 0x08000195   Thumb Code     0  entry5.o(.ARM.Collect$$$$00000004)
    _main_clock                              0x08000195   Thumb Code     0  entry7b.o(.ARM.Collect$$$$00000008)
    _main_cpp_init                           0x08000195   Thumb Code     0  entry8b.o(.ARM.Collect$$$$0000000A)
    _main_init                               0x08000195   Thumb Code     0  entry9a.o(.ARM.Collect$$$$0000000B)
    __rt_final_cpp                           0x0800019d   Thumb Code     0  entry10a.o(.ARM.Collect$$$$0000000D)
    __rt_final_exit                          0x0800019d   Thumb Code     0  entry11a.o(.ARM.Collect$$$$0000000F)
    Reset_Handler                            0x080001a1   Thumb Code     8  startup_stm32l422xx.o(.text)
    ADC1_2_IRQHandler                        0x080001bb   Thumb Code     0  startup_stm32l422xx.o(.text)
    AES_IRQHandler                           0x080001bb   Thumb Code     0  startup_stm32l422xx.o(.text)
    COMP_IRQHandler                          0x080001bb   Thumb Code     0  startup_stm32l422xx.o(.text)
    CRS_IRQHandler                           0x080001bb   Thumb Code     0  startup_stm32l422xx.o(.text)
    DMA1_Channel1_IRQHandler                 0x080001bb   Thumb Code     0  startup_stm32l422xx.o(.text)
    DMA1_Channel2_IRQHandler                 0x080001bb   Thumb Code     0  startup_stm32l422xx.o(.text)
    DMA1_Channel3_IRQHandler                 0x080001bb   Thumb Code     0  startup_stm32l422xx.o(.text)
    DMA1_Channel4_IRQHandler                 0x080001bb   Thumb Code     0  startup_stm32l422xx.o(.text)
    DMA1_Channel5_IRQHandler                 0x080001bb   Thumb Code     0  startup_stm32l422xx.o(.text)
    DMA1_Channel6_IRQHandler                 0x080001bb   Thumb Code     0  startup_stm32l422xx.o(.text)
    DMA1_Channel7_IRQHandler                 0x080001bb   Thumb Code     0  startup_stm32l422xx.o(.text)
    DMA2_Channel1_IRQHandler                 0x080001bb   Thumb Code     0  startup_stm32l422xx.o(.text)
    DMA2_Channel2_IRQHandler                 0x080001bb   Thumb Code     0  startup_stm32l422xx.o(.text)
    DMA2_Channel3_IRQHandler                 0x080001bb   Thumb Code     0  startup_stm32l422xx.o(.text)
    DMA2_Channel4_IRQHandler                 0x080001bb   Thumb Code     0  startup_stm32l422xx.o(.text)
    DMA2_Channel5_IRQHandler                 0x080001bb   Thumb Code     0  startup_stm32l422xx.o(.text)
    DMA2_Channel6_IRQHandler                 0x080001bb   Thumb Code     0  startup_stm32l422xx.o(.text)
    DMA2_Channel7_IRQHandler                 0x080001bb   Thumb Code     0  startup_stm32l422xx.o(.text)
    EXTI0_IRQHandler                         0x080001bb   Thumb Code     0  startup_stm32l422xx.o(.text)
    EXTI15_10_IRQHandler                     0x080001bb   Thumb Code     0  startup_stm32l422xx.o(.text)
    EXTI1_IRQHandler                         0x080001bb   Thumb Code     0  startup_stm32l422xx.o(.text)
    EXTI2_IRQHandler                         0x080001bb   Thumb Code     0  startup_stm32l422xx.o(.text)
    EXTI3_IRQHandler                         0x080001bb   Thumb Code     0  startup_stm32l422xx.o(.text)
    EXTI4_IRQHandler                         0x080001bb   Thumb Code     0  startup_stm32l422xx.o(.text)
    EXTI9_5_IRQHandler                       0x080001bb   Thumb Code     0  startup_stm32l422xx.o(.text)
    FLASH_IRQHandler                         0x080001bb   Thumb Code     0  startup_stm32l422xx.o(.text)
    FPU_IRQHandler                           0x080001bb   Thumb Code     0  startup_stm32l422xx.o(.text)
    I2C1_ER_IRQHandler                       0x080001bb   Thumb Code     0  startup_stm32l422xx.o(.text)
    I2C1_EV_IRQHandler                       0x080001bb   Thumb Code     0  startup_stm32l422xx.o(.text)
    I2C2_ER_IRQHandler                       0x080001bb   Thumb Code     0  startup_stm32l422xx.o(.text)
    I2C2_EV_IRQHandler                       0x080001bb   Thumb Code     0  startup_stm32l422xx.o(.text)
    I2C3_ER_IRQHandler                       0x080001bb   Thumb Code     0  startup_stm32l422xx.o(.text)
    I2C3_EV_IRQHandler                       0x080001bb   Thumb Code     0  startup_stm32l422xx.o(.text)
    LPTIM1_IRQHandler                        0x080001bb   Thumb Code     0  startup_stm32l422xx.o(.text)
    LPTIM2_IRQHandler                        0x080001bb   Thumb Code     0  startup_stm32l422xx.o(.text)
    LPUART1_IRQHandler                       0x080001bb   Thumb Code     0  startup_stm32l422xx.o(.text)
    PVD_PVM_IRQHandler                       0x080001bb   Thumb Code     0  startup_stm32l422xx.o(.text)
    QUADSPI_IRQHandler                       0x080001bb   Thumb Code     0  startup_stm32l422xx.o(.text)
    RCC_IRQHandler                           0x080001bb   Thumb Code     0  startup_stm32l422xx.o(.text)
    RNG_IRQHandler                           0x080001bb   Thumb Code     0  startup_stm32l422xx.o(.text)
    RTC_Alarm_IRQHandler                     0x080001bb   Thumb Code     0  startup_stm32l422xx.o(.text)
    RTC_WKUP_IRQHandler                      0x080001bb   Thumb Code     0  startup_stm32l422xx.o(.text)
    SPI1_IRQHandler                          0x080001bb   Thumb Code     0  startup_stm32l422xx.o(.text)
    SPI2_IRQHandler                          0x080001bb   Thumb Code     0  startup_stm32l422xx.o(.text)
    TAMP_STAMP_IRQHandler                    0x080001bb   Thumb Code     0  startup_stm32l422xx.o(.text)
    TIM1_BRK_TIM15_IRQHandler                0x080001bb   Thumb Code     0  startup_stm32l422xx.o(.text)
    TIM1_CC_IRQHandler                       0x080001bb   Thumb Code     0  startup_stm32l422xx.o(.text)
    TIM1_TRG_COM_IRQHandler                  0x080001bb   Thumb Code     0  startup_stm32l422xx.o(.text)
    TIM1_UP_TIM16_IRQHandler                 0x080001bb   Thumb Code     0  startup_stm32l422xx.o(.text)
    TIM2_IRQHandler                          0x080001bb   Thumb Code     0  startup_stm32l422xx.o(.text)
    TIM6_IRQHandler                          0x080001bb   Thumb Code     0  startup_stm32l422xx.o(.text)
    TSC_IRQHandler                           0x080001bb   Thumb Code     0  startup_stm32l422xx.o(.text)
    USART3_IRQHandler                        0x080001bb   Thumb Code     0  startup_stm32l422xx.o(.text)
    USB_IRQHandler                           0x080001bb   Thumb Code     0  startup_stm32l422xx.o(.text)
    WWDG_IRQHandler                          0x080001bb   Thumb Code     0  startup_stm32l422xx.o(.text)
    __aeabi_uldivmod                         0x080001c5   Thumb Code    98  uldiv.o(.text)
    __aeabi_memset                           0x0800022d   Thumb Code    14  memseta.o(.text)
    __aeabi_memset4                          0x0800022d   Thumb Code     0  memseta.o(.text)
    __aeabi_memset8                          0x0800022d   Thumb Code     0  memseta.o(.text)
    __aeabi_memclr                           0x0800023b   Thumb Code     4  memseta.o(.text)
    __aeabi_memclr4                          0x0800023b   Thumb Code     0  memseta.o(.text)
    __aeabi_memclr8                          0x0800023b   Thumb Code     0  memseta.o(.text)
    _memset$wrapper                          0x0800023f   Thumb Code    18  memseta.o(.text)
    __aeabi_llsl                             0x08000251   Thumb Code    30  llshl.o(.text)
    _ll_shift_l                              0x08000251   Thumb Code     0  llshl.o(.text)
    __aeabi_llsr                             0x0800026f   Thumb Code    32  llushr.o(.text)
    _ll_ushift_r                             0x0800026f   Thumb Code     0  llushr.o(.text)
    __scatterload                            0x08000291   Thumb Code    28  init.o(.text)
    __scatterload_rt2                        0x08000291   Thumb Code     0  init.o(.text)
    BusFault_Handler                         0x080002b5   Thumb Code     4  stm32l4xx_it.o(.text.BusFault_Handler)
    DebugMon_Handler                         0x080002b9   Thumb Code     2  stm32l4xx_it.o(.text.DebugMon_Handler)
    Error_Handler                            0x080002bd   Thumb Code     4  main.o(.text.Error_Handler)
    HAL_Delay                                0x080002c1   Thumb Code    68  stm32l4xx_hal.o(.text.HAL_Delay)
    HAL_GPIO_Init                            0x08000305   Thumb Code   830  stm32l4xx_hal_gpio.o(.text.HAL_GPIO_Init)
    HAL_GPIO_TogglePin                       0x08000645   Thumb Code    48  stm32l4xx_hal_gpio.o(.text.HAL_GPIO_TogglePin)
    HAL_GPIO_WritePin                        0x08000675   Thumb Code    50  stm32l4xx_hal_gpio.o(.text.HAL_GPIO_WritePin)
    HAL_GetTick                              0x080006a9   Thumb Code    12  stm32l4xx_hal.o(.text.HAL_GetTick)
    HAL_IncTick                              0x080006b5   Thumb Code    26  stm32l4xx_hal.o(.text.HAL_IncTick)
    HAL_Init                                 0x080006d1   Thumb Code    54  stm32l4xx_hal.o(.text.HAL_Init)
    HAL_InitTick                             0x08000709   Thumb Code   140  stm32l4xx_hal.o(.text.HAL_InitTick)
    HAL_MspInit                              0x08000795   Thumb Code    66  stm32l4xx_hal_msp.o(.text.HAL_MspInit)
    HAL_NVIC_EnableIRQ                       0x080007d9   Thumb Code    24  stm32l4xx_hal_cortex.o(.text.HAL_NVIC_EnableIRQ)
    HAL_NVIC_SetPriority                     0x080007f1   Thumb Code    64  stm32l4xx_hal_cortex.o(.text.HAL_NVIC_SetPriority)
    HAL_NVIC_SetPriorityGrouping             0x08000831   Thumb Code    16  stm32l4xx_hal_cortex.o(.text.HAL_NVIC_SetPriorityGrouping)
    HAL_PWREx_ControlVoltageScaling          0x08000841   Thumb Code   230  stm32l4xx_hal_pwr_ex.o(.text.HAL_PWREx_ControlVoltageScaling)
    HAL_PWREx_GetVoltageRange                0x08000929   Thumb Code    16  stm32l4xx_hal_pwr_ex.o(.text.HAL_PWREx_GetVoltageRange)
    HAL_RCCEx_PeriphCLKConfig                0x08000939   Thumb Code   864  stm32l4xx_hal_rcc_ex.o(.text.HAL_RCCEx_PeriphCLKConfig)
    HAL_RCC_ClockConfig                      0x08000c99   Thumb Code   590  stm32l4xx_hal_rcc.o(.text.HAL_RCC_ClockConfig)
    HAL_RCC_GetHCLKFreq                      0x08000ee9   Thumb Code    12  stm32l4xx_hal_rcc.o(.text.HAL_RCC_GetHCLKFreq)
    HAL_RCC_GetPCLK1Freq                     0x08000ef5   Thumb Code    38  stm32l4xx_hal_rcc.o(.text.HAL_RCC_GetPCLK1Freq)
    HAL_RCC_GetPCLK2Freq                     0x08000f1d   Thumb Code    38  stm32l4xx_hal_rcc.o(.text.HAL_RCC_GetPCLK2Freq)
    HAL_RCC_GetSysClockFreq                  0x08000f45   Thumb Code   350  stm32l4xx_hal_rcc.o(.text.HAL_RCC_GetSysClockFreq)
    HAL_RCC_OscConfig                        0x080010a5   Thumb Code  2828  stm32l4xx_hal_rcc.o(.text.HAL_RCC_OscConfig)
    HAL_SYSTICK_Config                       0x08001bb1   Thumb Code    16  stm32l4xx_hal_cortex.o(.text.HAL_SYSTICK_Config)
    HAL_UART_Init                            0x08001bc1   Thumb Code   174  stm32l4xx_hal_uart.o(.text.HAL_UART_Init)
    HAL_UART_MspInit                         0x08001c71   Thumb Code   294  stm32l4xx_hal_msp.o(.text.HAL_UART_MspInit)
    HardFault_Handler                        0x08001d99   Thumb Code     4  stm32l4xx_it.o(.text.HardFault_Handler)
    MemManage_Handler                        0x08001f7d   Thumb Code     4  stm32l4xx_it.o(.text.MemManage_Handler)
    NMI_Handler                              0x08001f81   Thumb Code     2  stm32l4xx_it.o(.text.NMI_Handler)
    PendSV_Handler                           0x08001ff5   Thumb Code     2  stm32l4xx_it.o(.text.PendSV_Handler)
    SVC_Handler                              0x080020e9   Thumb Code     2  stm32l4xx_it.o(.text.SVC_Handler)
    SysTick_Handler                          0x08002141   Thumb Code     8  stm32l4xx_it.o(.text.SysTick_Handler)
    SystemClock_Config                       0x08002149   Thumb Code   182  main.o(.text.SystemClock_Config)
    SystemInit                               0x08002201   Thumb Code   106  system_stm32l4xx.o(.text.SystemInit)
    UART_AdvFeatureConfig                    0x0800226d   Thumb Code   330  stm32l4xx_hal_uart.o(.text.UART_AdvFeatureConfig)
    UART_CheckIdleState                      0x080023b9   Thumb Code   160  stm32l4xx_hal_uart.o(.text.UART_CheckIdleState)
    UART_SetConfig                           0x08002459   Thumb Code  1436  stm32l4xx_hal_uart.o(.text.UART_SetConfig)
    UART_WaitOnFlagUntilTimeout              0x080029f5   Thumb Code   262  stm32l4xx_hal_uart.o(.text.UART_WaitOnFlagUntilTimeout)
    USART1_IRQHandler                        0x08002afd   Thumb Code    98  stm32l4xx_it.o(.text.USART1_IRQHandler)
    USART2_IRQHandler                        0x08002b61   Thumb Code    98  stm32l4xx_it.o(.text.USART2_IRQHandler)
    UsageFault_Handler                       0x08002bc5   Thumb Code     4  stm32l4xx_it.o(.text.UsageFault_Handler)
    main                                     0x08002c8d   Thumb Code   116  main.o(.text.main)
    __scatterload_copy                       0x08002d01   Thumb Code    14  handlers.o(i.__scatterload_copy)
    __scatterload_null                       0x08002d0f   Thumb Code     2  handlers.o(i.__scatterload_null)
    __scatterload_zeroinit                   0x08002d11   Thumb Code    14  handlers.o(i.__scatterload_zeroinit)
    AHBPrescTable                            0x08002d1e   Data          16  system_stm32l4xx.o(.rodata.AHBPrescTable)
    APBPrescTable                            0x08002d2e   Data           8  system_stm32l4xx.o(.rodata.APBPrescTable)
    MSIRangeTable                            0x08002d38   Data          48  system_stm32l4xx.o(.rodata.MSIRangeTable)
    Region$$Table$$Base                      0x08002d68   Number         0  anon$$obj.o(Region$$Table)
    Region$$Table$$Limit                     0x08002d88   Number         0  anon$$obj.o(Region$$Table)
    SystemCoreClock                          0x20000000   Data           4  system_stm32l4xx.o(.data.SystemCoreClock)
    uwTickFreq                               0x20000004   Data           4  stm32l4xx_hal.o(.data.uwTickFreq)
    uwTickPrio                               0x20000008   Data           4  stm32l4xx_hal.o(.data.uwTickPrio)
    huart1                                   0x20000010   Data         128  main.o(.bss.huart1)
    huart2                                   0x20000090   Data         128  main.o(.bss.huart2)
    uwTick                                   0x20000110   Data           4  stm32l4xx_hal.o(.bss.uwTick)
    __initial_sp                             0x20000518   Data           0  startup_stm32l422xx.o(STACK)



==============================================================================

Memory Map of the image

  Image Entry point : 0x0800018d

  Load Region LR_IROM1 (Base: 0x08000000, Size: 0x00002d98, Max: 0x00020000, ABSOLUTE)

    Execution Region ER_IROM1 (Exec base: 0x08000000, Load base: 0x08000000, Size: 0x00002d88, Max: 0x00020000, ABSOLUTE)

    Exec Addr    Load Addr    Size         Type   Attr      Idx    E Section Name        Object

    0x08000000   0x08000000   0x0000018c   Data   RO         1131    RESET               startup_stm32l422xx.o
    0x0800018c   0x0800018c   0x00000000   Code   RO         1146  * .ARM.Collect$$$$00000000  mc_w.l(entry.o)
    0x0800018c   0x0800018c   0x00000004   Code   RO         1223    .ARM.Collect$$$$00000001  mc_w.l(entry2.o)
    0x08000190   0x08000190   0x00000004   Code   RO         1226    .ARM.Collect$$$$00000004  mc_w.l(entry5.o)
    0x08000194   0x08000194   0x00000000   Code   RO         1228    .ARM.Collect$$$$00000008  mc_w.l(entry7b.o)
    0x08000194   0x08000194   0x00000000   Code   RO         1230    .ARM.Collect$$$$0000000A  mc_w.l(entry8b.o)
    0x08000194   0x08000194   0x00000008   Code   RO         1231    .ARM.Collect$$$$0000000B  mc_w.l(entry9a.o)
    0x0800019c   0x0800019c   0x00000000   Code   RO         1233    .ARM.Collect$$$$0000000D  mc_w.l(entry10a.o)
    0x0800019c   0x0800019c   0x00000000   Code   RO         1235    .ARM.Collect$$$$0000000F  mc_w.l(entry11a.o)
    0x0800019c   0x0800019c   0x00000004   Code   RO         1224    .ARM.Collect$$$$00002712  mc_w.l(entry2.o)
    0x080001a0   0x080001a0   0x00000024   Code   RO         1132    .text               startup_stm32l422xx.o
    0x080001c4   0x080001c4   0x00000068   Code   RO         1149    .text               mc_w.l(uldiv.o)
    0x0800022c   0x0800022c   0x00000024   Code   RO         1153    .text               mc_w.l(memseta.o)
    0x08000250   0x08000250   0x0000001e   Code   RO         1253    .text               mc_w.l(llshl.o)
    0x0800026e   0x0800026e   0x00000020   Code   RO         1255    .text               mc_w.l(llushr.o)
    0x0800028e   0x0800028e   0x00000002   PAD
    0x08000290   0x08000290   0x00000024   Code   RO         1279    .text               mc_w.l(init.o)
    0x080002b4   0x080002b4   0x00000004   Code   RO          949    .text.BusFault_Handler  stm32l4xx_it.o
    0x080002b8   0x080002b8   0x00000002   Code   RO          955    .text.DebugMon_Handler  stm32l4xx_it.o
    0x080002ba   0x080002ba   0x00000002   PAD
    0x080002bc   0x080002bc   0x00000004   Code   RO          891    .text.Error_Handler  main.o
    0x080002c0   0x080002c0   0x00000044   Code   RO           22    .text.HAL_Delay     stm32l4xx_hal.o
    0x08000304   0x08000304   0x0000033e   Code   RO          279    .text.HAL_GPIO_Init  stm32l4xx_hal_gpio.o
    0x08000642   0x08000642   0x00000002   PAD
    0x08000644   0x08000644   0x00000030   Code   RO          287    .text.HAL_GPIO_TogglePin  stm32l4xx_hal_gpio.o
    0x08000674   0x08000674   0x00000032   Code   RO          285    .text.HAL_GPIO_WritePin  stm32l4xx_hal_gpio.o
    0x080006a6   0x080006a6   0x00000002   PAD
    0x080006a8   0x080006a8   0x0000000c   Code   RO           14    .text.HAL_GetTick   stm32l4xx_hal.o
    0x080006b4   0x080006b4   0x0000001a   Code   RO           12    .text.HAL_IncTick   stm32l4xx_hal.o
    0x080006ce   0x080006ce   0x00000002   PAD
    0x080006d0   0x080006d0   0x00000036   Code   RO            2    .text.HAL_Init      stm32l4xx_hal.o
    0x08000706   0x08000706   0x00000002   PAD
    0x08000708   0x08000708   0x0000008c   Code   RO            4    .text.HAL_InitTick  stm32l4xx_hal.o
    0x08000794   0x08000794   0x00000042   Code   RO          930    .text.HAL_MspInit   stm32l4xx_hal_msp.o
    0x080007d6   0x080007d6   0x00000002   PAD
    0x080007d8   0x080007d8   0x00000018   Code   RO           84    .text.HAL_NVIC_EnableIRQ  stm32l4xx_hal_cortex.o
    0x080007f0   0x080007f0   0x00000040   Code   RO           76    .text.HAL_NVIC_SetPriority  stm32l4xx_hal_cortex.o
    0x08000830   0x08000830   0x00000010   Code   RO           72    .text.HAL_NVIC_SetPriorityGrouping  stm32l4xx_hal_cortex.o
    0x08000840   0x08000840   0x000000e6   Code   RO          529    .text.HAL_PWREx_ControlVoltageScaling  stm32l4xx_hal_pwr_ex.o
    0x08000926   0x08000926   0x00000002   PAD
    0x08000928   0x08000928   0x00000010   Code   RO          527    .text.HAL_PWREx_GetVoltageRange  stm32l4xx_hal_pwr_ex.o
    0x08000938   0x08000938   0x00000360   Code   RO          646    .text.HAL_RCCEx_PeriphCLKConfig  stm32l4xx_hal_rcc_ex.o
    0x08000c98   0x08000c98   0x0000024e   Code   RO          619    .text.HAL_RCC_ClockConfig  stm32l4xx_hal_rcc.o
    0x08000ee6   0x08000ee6   0x00000002   PAD
    0x08000ee8   0x08000ee8   0x0000000c   Code   RO          623    .text.HAL_RCC_GetHCLKFreq  stm32l4xx_hal_rcc.o
    0x08000ef4   0x08000ef4   0x00000026   Code   RO          625    .text.HAL_RCC_GetPCLK1Freq  stm32l4xx_hal_rcc.o
    0x08000f1a   0x08000f1a   0x00000002   PAD
    0x08000f1c   0x08000f1c   0x00000026   Code   RO          627    .text.HAL_RCC_GetPCLK2Freq  stm32l4xx_hal_rcc.o
    0x08000f42   0x08000f42   0x00000002   PAD
    0x08000f44   0x08000f44   0x0000015e   Code   RO          617    .text.HAL_RCC_GetSysClockFreq  stm32l4xx_hal_rcc.o
    0x080010a2   0x080010a2   0x00000002   PAD
    0x080010a4   0x080010a4   0x00000b0c   Code   RO          613    .text.HAL_RCC_OscConfig  stm32l4xx_hal_rcc.o
    0x08001bb0   0x08001bb0   0x00000010   Code   RO           96    .text.HAL_SYSTICK_Config  stm32l4xx_hal_cortex.o
    0x08001bc0   0x08001bc0   0x000000ae   Code   RO          705    .text.HAL_UART_Init  stm32l4xx_hal_uart.o
    0x08001c6e   0x08001c6e   0x00000002   PAD
    0x08001c70   0x08001c70   0x00000126   Code   RO          932    .text.HAL_UART_MspInit  stm32l4xx_hal_msp.o
    0x08001d96   0x08001d96   0x00000002   PAD
    0x08001d98   0x08001d98   0x00000004   Code   RO          945    .text.HardFault_Handler  stm32l4xx_it.o
    0x08001d9c   0x08001d9c   0x0000015c   Code   RO          885    .text.MX_GPIO_Init  main.o
    0x08001ef8   0x08001ef8   0x00000040   Code   RO          887    .text.MX_USART1_UART_Init  main.o
    0x08001f38   0x08001f38   0x00000044   Code   RO          889    .text.MX_USART2_UART_Init  main.o
    0x08001f7c   0x08001f7c   0x00000004   Code   RO          947    .text.MemManage_Handler  stm32l4xx_it.o
    0x08001f80   0x08001f80   0x00000002   Code   RO          943    .text.NMI_Handler   stm32l4xx_it.o
    0x08001f82   0x08001f82   0x00000002   PAD
    0x08001f84   0x08001f84   0x0000006e   Code   RO           82    .text.NVIC_EncodePriority  stm32l4xx_hal_cortex.o
    0x08001ff2   0x08001ff2   0x00000002   PAD
    0x08001ff4   0x08001ff4   0x00000002   Code   RO          957    .text.PendSV_Handler  stm32l4xx_it.o
    0x08001ff6   0x08001ff6   0x00000002   PAD
    0x08001ff8   0x08001ff8   0x000000ee   Code   RO          615    .text.RCC_SetFlashLatencyFromMSIRange  stm32l4xx_hal_rcc.o
    0x080020e6   0x080020e6   0x00000002   PAD
    0x080020e8   0x080020e8   0x00000002   Code   RO          953    .text.SVC_Handler   stm32l4xx_it.o
    0x080020ea   0x080020ea   0x00000002   PAD
    0x080020ec   0x080020ec   0x00000052   Code   RO           98    .text.SysTick_Config  stm32l4xx_hal_cortex.o
    0x0800213e   0x0800213e   0x00000002   PAD
    0x08002140   0x08002140   0x00000008   Code   RO          959    .text.SysTick_Handler  stm32l4xx_it.o
    0x08002148   0x08002148   0x000000b6   Code   RO          883    .text.SystemClock_Config  main.o
    0x080021fe   0x080021fe   0x00000002   PAD
    0x08002200   0x08002200   0x0000006a   Code   RO          972    .text.SystemInit    system_stm32l4xx.o
    0x0800226a   0x0800226a   0x00000002   PAD
    0x0800226c   0x0800226c   0x0000014a   Code   RO          711    .text.UART_AdvFeatureConfig  stm32l4xx_hal_uart.o
    0x080023b6   0x080023b6   0x00000002   PAD
    0x080023b8   0x080023b8   0x000000a0   Code   RO          713    .text.UART_CheckIdleState  stm32l4xx_hal_uart.o
    0x08002458   0x08002458   0x0000059c   Code   RO          709    .text.UART_SetConfig  stm32l4xx_hal_uart.o
    0x080029f4   0x080029f4   0x00000106   Code   RO          727    .text.UART_WaitOnFlagUntilTimeout  stm32l4xx_hal_uart.o
    0x08002afa   0x08002afa   0x00000002   PAD
    0x08002afc   0x08002afc   0x00000062   Code   RO          961    .text.USART1_IRQHandler  stm32l4xx_it.o
    0x08002b5e   0x08002b5e   0x00000002   PAD
    0x08002b60   0x08002b60   0x00000062   Code   RO          963    .text.USART2_IRQHandler  stm32l4xx_it.o
    0x08002bc2   0x08002bc2   0x00000002   PAD
    0x08002bc4   0x08002bc4   0x00000004   Code   RO          951    .text.UsageFault_Handler  stm32l4xx_it.o
    0x08002bc8   0x08002bc8   0x00000034   Code   RO           86    .text.__NVIC_EnableIRQ  stm32l4xx_hal_cortex.o
    0x08002bfc   0x08002bfc   0x00000010   Code   RO           78    .text.__NVIC_GetPriorityGrouping  stm32l4xx_hal_cortex.o
    0x08002c0c   0x08002c0c   0x00000044   Code   RO           80    .text.__NVIC_SetPriority  stm32l4xx_hal_cortex.o
    0x08002c50   0x08002c50   0x0000003c   Code   RO           74    .text.__NVIC_SetPriorityGrouping  stm32l4xx_hal_cortex.o
    0x08002c8c   0x08002c8c   0x00000074   Code   RO          881    .text.main          main.o
    0x08002d00   0x08002d00   0x0000000e   Code   RO         1321    i.__scatterload_copy  mc_w.l(handlers.o)
    0x08002d0e   0x08002d0e   0x00000002   Code   RO         1322    i.__scatterload_null  mc_w.l(handlers.o)
    0x08002d10   0x08002d10   0x0000000e   Code   RO         1323    i.__scatterload_zeroinit  mc_w.l(handlers.o)
    0x08002d1e   0x08002d1e   0x00000010   Data   RO          977    .rodata.AHBPrescTable  system_stm32l4xx.o
    0x08002d2e   0x08002d2e   0x00000008   Data   RO          978    .rodata.APBPrescTable  system_stm32l4xx.o
    0x08002d36   0x08002d36   0x00000002   PAD
    0x08002d38   0x08002d38   0x00000030   Data   RO          979    .rodata.MSIRangeTable  system_stm32l4xx.o
    0x08002d68   0x08002d68   0x00000020   Data   RO         1320    Region$$Table       anon$$obj.o


    Execution Region RW_IRAM1 (Exec base: 0x20000000, Load base: 0x08002d88, Size: 0x00000518, Max: 0x0000a000, ABSOLUTE)

    Exec Addr    Load Addr    Size         Type   Attr      Idx    E Section Name        Object

    0x20000000   0x08002d88   0x00000004   Data   RW          976    .data.SystemCoreClock  system_stm32l4xx.o
    0x20000004   0x08002d8c   0x00000004   Data   RW           63    .data.uwTickFreq    stm32l4xx_hal.o
    0x20000008   0x08002d90   0x00000004   Data   RW           62    .data.uwTickPrio    stm32l4xx_hal.o
    0x2000000c   0x08002d94   0x00000004   PAD
    0x20000010        -       0x00000080   Zero   RW          895    .bss.huart1         main.o
    0x20000090        -       0x00000080   Zero   RW          897    .bss.huart2         main.o
    0x20000110        -       0x00000004   Zero   RW           64    .bss.uwTick         stm32l4xx_hal.o
    0x20000114   0x08002d94   0x00000004   PAD
    0x20000118        -       0x00000400   Zero   RW         1129    STACK               startup_stm32l422xx.o


==============================================================================

Image component sizes


      Code (inc. data)   RO Data    RW Data    ZI Data      Debug   Object Name

       782          0          0          0        256       7623   main.o
        36          8        396          0       1024        852   startup_stm32l422xx.o
       300          0          0          8          4       7200   stm32l4xx_hal.o
       508          0          0          0          0       9121   stm32l4xx_hal_cortex.o
       928          0          0          0          0       5329   stm32l4xx_hal_gpio.o
       360          0          0          0          0       6566   stm32l4xx_hal_msp.o
       246          0          0          0          0       7872   stm32l4xx_hal_pwr_ex.o
      4094          0          0          0          0      10096   stm32l4xx_hal_rcc.o
       864          0          0          0          0      10444   stm32l4xx_hal_rcc_ex.o
      2362         58          0          0          0      19845   stm32l4xx_hal_uart.o
       228          0          0          0          0       1565   stm32l4xx_it.o
       106          0         72          4          0       3079   system_stm32l4xx.o

    ----------------------------------------------------------------------
     10864         66        502         12       1292      89592   Object Totals
         0          0         32          0          0          0   (incl. Generated)
        50          0          2          0          8          0   (incl. Padding)

    ----------------------------------------------------------------------

      Code (inc. data)   RO Data    RW Data    ZI Data      Debug   Library Member Name

         0          0          0          0          0          0   entry.o
         0          0          0          0          0          0   entry10a.o
         0          0          0          0          0          0   entry11a.o
         8          4          0          0          0          0   entry2.o
         4          0          0          0          0          0   entry5.o
         0          0          0          0          0          0   entry7b.o
         0          0          0          0          0          0   entry8b.o
         8          4          0          0          0          0   entry9a.o
        30          0          0          0          0          0   handlers.o
        36          8          0          0          0         68   init.o
        30          0          0          0          0         68   llshl.o
        32          0          0          0          0         68   llushr.o
        36          0          0          0          0        108   memseta.o
       104          0          0          0          0         92   uldiv.o

    ----------------------------------------------------------------------
       290         16          0          0          0        404   Library Totals
         2          0          0          0          0          0   (incl. Padding)

    ----------------------------------------------------------------------

      Code (inc. data)   RO Data    RW Data    ZI Data      Debug   Library Name

       288         16          0          0          0        404   mc_w.l

    ----------------------------------------------------------------------
       290         16          0          0          0        404   Library Totals

    ----------------------------------------------------------------------

==============================================================================


      Code (inc. data)   RO Data    RW Data    ZI Data      Debug   

     11154         82        502         12       1292      89936   Grand Totals
     11154         82        502         12       1292      89936   ELF Image Totals
     11154         82        502         12          0          0   ROM Totals

==============================================================================

    Total RO  Size (Code + RO Data)                11656 (  11.38kB)
    Total RW  Size (RW Data + ZI Data)              1304 (   1.27kB)
    Total ROM Size (Code + RO Data + RW Data)      11668 (  11.39kB)

==============================================================================

