Archive member included to satisfy reference by file (symbol)

c:/program files (x86)/gnu arm embedded toolchain/10 2020-q4-major/bin/../lib/gcc/arm-none-eabi/10.2.1/thumb/nofp\libgcc.a(_aeabi_uldivmod.o)
                              ./stm32l4xx_hal_uart.o (__aeabi_uldivmod)
c:/program files (x86)/gnu arm embedded toolchain/10 2020-q4-major/bin/../lib/gcc/arm-none-eabi/10.2.1/thumb/nofp\libgcc.a(_udivmoddi4.o)
                              c:/program files (x86)/gnu arm embedded toolchain/10 2020-q4-major/bin/../lib/gcc/arm-none-eabi/10.2.1/thumb/nofp\libgcc.a(_aeabi_uldivmod.o) (__udivmoddi4)
c:/program files (x86)/gnu arm embedded toolchain/10 2020-q4-major/bin/../lib/gcc/arm-none-eabi/10.2.1/thumb/nofp\libgcc.a(_dvmd_tls.o)
                              c:/program files (x86)/gnu arm embedded toolchain/10 2020-q4-major/bin/../lib/gcc/arm-none-eabi/10.2.1/thumb/nofp\libgcc.a(_aeabi_uldivmod.o) (__aeabi_ldiv0)
c:/program files (x86)/gnu arm embedded toolchain/10 2020-q4-major/bin/../lib/gcc/arm-none-eabi/10.2.1/thumb/nofp\libgcc.a(_clzdi2.o)
                              c:/program files (x86)/gnu arm embedded toolchain/10 2020-q4-major/bin/../lib/gcc/arm-none-eabi/10.2.1/thumb/nofp\libgcc.a(_udivmoddi4.o) (__clzdi2)
c:/program files (x86)/gnu arm embedded toolchain/10 2020-q4-major/bin/../lib/gcc/arm-none-eabi/10.2.1/thumb/nofp\libgcc.a(_clzsi2.o)
                              c:/program files (x86)/gnu arm embedded toolchain/10 2020-q4-major/bin/../lib/gcc/arm-none-eabi/10.2.1/thumb/nofp\libgcc.a(_clzdi2.o) (__clzsi2)
c:/program files (x86)/gnu arm embedded toolchain/10 2020-q4-major/bin/../lib/gcc/arm-none-eabi/10.2.1/../../../../arm-none-eabi/lib/thumb/nofp\libc.a(lib_a-atoi.o)
                              ./ublox_r4.o (atoi)
c:/program files (x86)/gnu arm embedded toolchain/10 2020-q4-major/bin/../lib/gcc/arm-none-eabi/10.2.1/../../../../arm-none-eabi/lib/thumb/nofp\libc.a(lib_a-exit.o)
                              c:/program files (x86)/gnu arm embedded toolchain/10 2020-q4-major/bin/../lib/gcc/arm-none-eabi/10.2.1/../../../../arm-none-eabi/lib/thumb/nofp/crt0.o (exit)
c:/program files (x86)/gnu arm embedded toolchain/10 2020-q4-major/bin/../lib/gcc/arm-none-eabi/10.2.1/../../../../arm-none-eabi/lib/thumb/nofp\libc.a(lib_a-impure.o)
                              c:/program files (x86)/gnu arm embedded toolchain/10 2020-q4-major/bin/../lib/gcc/arm-none-eabi/10.2.1/../../../../arm-none-eabi/lib/thumb/nofp\libc.a(lib_a-exit.o) (_global_impure_ptr)
c:/program files (x86)/gnu arm embedded toolchain/10 2020-q4-major/bin/../lib/gcc/arm-none-eabi/10.2.1/../../../../arm-none-eabi/lib/thumb/nofp\libc.a(lib_a-init.o)
                              c:/program files (x86)/gnu arm embedded toolchain/10 2020-q4-major/bin/../lib/gcc/arm-none-eabi/10.2.1/../../../../arm-none-eabi/lib/thumb/nofp/crt0.o (__libc_init_array)
c:/program files (x86)/gnu arm embedded toolchain/10 2020-q4-major/bin/../lib/gcc/arm-none-eabi/10.2.1/../../../../arm-none-eabi/lib/thumb/nofp\libc.a(lib_a-malloc.o)
                              ./list.o (malloc)
c:/program files (x86)/gnu arm embedded toolchain/10 2020-q4-major/bin/../lib/gcc/arm-none-eabi/10.2.1/../../../../arm-none-eabi/lib/thumb/nofp\libc.a(lib_a-mallocr.o)
                              c:/program files (x86)/gnu arm embedded toolchain/10 2020-q4-major/bin/../lib/gcc/arm-none-eabi/10.2.1/../../../../arm-none-eabi/lib/thumb/nofp\libc.a(lib_a-malloc.o) (_malloc_r)
c:/program files (x86)/gnu arm embedded toolchain/10 2020-q4-major/bin/../lib/gcc/arm-none-eabi/10.2.1/../../../../arm-none-eabi/lib/thumb/nofp\libc.a(lib_a-memcpy-stub.o)
                              ./list.o (memcpy)
c:/program files (x86)/gnu arm embedded toolchain/10 2020-q4-major/bin/../lib/gcc/arm-none-eabi/10.2.1/../../../../arm-none-eabi/lib/thumb/nofp\libc.a(lib_a-memset.o)
                              c:/program files (x86)/gnu arm embedded toolchain/10 2020-q4-major/bin/../lib/gcc/arm-none-eabi/10.2.1/../../../../arm-none-eabi/lib/thumb/nofp/crt0.o (memset)
c:/program files (x86)/gnu arm embedded toolchain/10 2020-q4-major/bin/../lib/gcc/arm-none-eabi/10.2.1/../../../../arm-none-eabi/lib/thumb/nofp\libc.a(lib_a-mlock.o)
                              c:/program files (x86)/gnu arm embedded toolchain/10 2020-q4-major/bin/../lib/gcc/arm-none-eabi/10.2.1/../../../../arm-none-eabi/lib/thumb/nofp\libc.a(lib_a-mallocr.o) (__malloc_lock)
c:/program files (x86)/gnu arm embedded toolchain/10 2020-q4-major/bin/../lib/gcc/arm-none-eabi/10.2.1/../../../../arm-none-eabi/lib/thumb/nofp\libc.a(lib_a-printf.o)
                              ./ublox_r4.o (printf)
c:/program files (x86)/gnu arm embedded toolchain/10 2020-q4-major/bin/../lib/gcc/arm-none-eabi/10.2.1/../../../../arm-none-eabi/lib/thumb/nofp\libc.a(lib_a-putchar.o)
                              ./ublox_r4.o (putchar)
[...]
Memory Configuration

Name             Origin             Length             Attributes
RAM              0x20000000         0x0000a000         xrw
FLASH            0x08000000         0x00020000         xr
*default*        0x00000000         0xffffffff

Linker script and memory map

LOAD c:/program files (x86)/gnu arm embedded toolchain/10 2020-q4-major/bin/../lib/gcc/arm-none-eabi/10.2.1/thumb/nofp/crti.o
LOAD c:/program files (x86)/gnu arm embedded toolchain/10 2020-q4-major/bin/../lib/gcc/arm-none-eabi/10.2.1/thumb/nofp/crtbegin.o
LOAD c:/program files (x86)/gnu arm embedded toolchain/10 2020-q4-major/bin/../lib/gcc/arm-none-eabi/10.2.1/../../../../arm-none-eabi/lib/thumb/nofp/crt0.o
LOAD ./stm32l4xx_hal.o
LOAD ./stm32l4xx_hal_cortex.o
LOAD ./stm32l4xx_hal_crc.o
LOAD ./stm32l4xx_hal_crc_ex.o
LOAD ./stm32l4xx_hal_cryp.o
LOAD ./stm32l4xx_hal_cryp_ex.o
LOAD ./stm32l4xx_hal_dma.o
LOAD ./stm32l4xx_hal_dma_ex.o
LOAD ./stm32l4xx_hal_exti.o
LOAD ./stm32l4xx_hal_flash.o
LOAD ./stm32l4xx_hal_flash_ex.o
LOAD ./stm32l4xx_hal_gpio.o
LOAD ./stm32l4xx_hal_i2c.o
LOAD ./stm32l4xx_hal_i2c_ex.o
LOAD ./stm32l4xx_hal_iwdg.o
LOAD ./stm32l4xx_hal_lptim.o
LOAD ./stm32l4xx_hal_pwr.o
LOAD ./stm32l4xx_hal_pwr_ex.o
LOAD ./stm32l4xx_hal_qspi.o
LOAD ./stm32l4xx_hal_rcc.o
LOAD ./stm32l4xx_hal_rcc_ex.o
LOAD ./stm32l4xx_hal_rtc.o
LOAD ./stm32l4xx_hal_rtc_ex.o
LOAD ./stm32l4xx_hal_spi.o
LOAD ./stm32l4xx_hal_spi_ex.o
LOAD ./stm32l4xx_hal_tim.o
LOAD ./stm32l4xx_hal_tim_ex.o
LOAD ./stm32l4xx_hal_uart.o
LOAD ./stm32l4xx_hal_uart_ex.o
LOAD ./stm32l4xx_hal_usart.o
LOAD ./stm32l4xx_hal_usart_ex.o
LOAD ./stm32l4xx_hal_wwdg.o
LOAD ./list.o
LOAD ./main.o
LOAD ./print.o
LOAD ./queue.o
LOAD ./stm32l4xx_hal_msp.o
LOAD ./stm32l4xx_it.o
LOAD ./system_stm32l4xx.o
LOAD ./ublox_gps.o
LOAD ./ublox_r4.o
LOAD ./startup_stm32l422xx.o
LOAD c:/program files (x86)/gnu arm embedded toolchain/10 2020-q4-major/bin/../lib/gcc/arm-none-eabi/10.2.1/../../../../arm-none-eabi/lib/thumb/nofp\libm.a
START GROUP
LOAD c:/program files (x86)/gnu arm embedded toolchain/10 2020-q4-major/bin/../lib/gcc/arm-none-eabi/10.2.1/thumb/nofp\libgcc.a
LOAD c:/program files (x86)/gnu arm embedded toolchain/10 2020-q4-major/bin/../lib/gcc/arm-none-eabi/10.2.1/../../../../arm-none-eabi/lib/thumb/nofp\libc.a
END GROUP
START GROUP
LOAD c:/program files (x86)/gnu arm embedded toolchain/10 2020-q4-major/bin/../lib/gcc/arm-none-eabi/10.2.1/thumb/nofp\libgcc.a
LOAD c:/program files (x86)/gnu arm embedded toolchain/10 2020-q4-major/bin/../lib/gcc/arm-none-eabi/10.2.1/../../../../arm-none-eabi/lib/thumb/nofp\libc.a
LOAD c:/program files (x86)/gnu arm embedded toolchain/10 2020-q4-major/bin/../lib/gcc/arm-none-eabi/10.2.1/../../../../arm-none-eabi/lib/thumb/nofp\libnosys.a
END GROUP
LOAD c:/program files (x86)/gnu arm embedded toolchain/10 2020-q4-major/bin/../lib/gcc/arm-none-eabi/10.2.1/thumb/nofp/crtend.o
LOAD c:/program files (x86)/gnu arm embedded toolchain/10 2020-q4-major/bin/../lib/gcc/arm-none-eabi/10.2.1/thumb/nofp/crtn.o
                0x2000a000                _estack = 0x2000a000
                0x00000200                _Min_Heap_Size = 0x200
                0x00000400                _Min_Stack_Size = 0x400

.isr_vector     0x08000000      0x18c
                0x08000000                . = ALIGN (0x4)
 *(.isr_vector)
 .isr_vector    0x08000000      0x18c ./startup_stm32l422xx.o
                0x08000000                g_pfnVectors
                0x0800018c                . = ALIGN (0x4)

.text           0x08000190    0x155b8
                0x08000190                . = ALIGN (0x4)
 *(.text)
 .text          0x08000190        0x0 c:/program files (x86)/gnu arm embedded toolchain/10 2020-q4-major/bin/../lib/gcc/arm-none-eabi/10.2.1/thumb/nofp/crti.o
 .text          0x08000190       0x50 c:/program files (x86)/gnu arm embedded toolchain/10 2020-q4-major/bin/../lib/gcc/arm-none-eabi/10.2.1/thumb/nofp/crtbegin.o
 .text          0x080001e0      0x120 c:/program files (x86)/gnu arm embedded toolchain/10 2020-q4-major/bin/../lib/gcc/arm-none-eabi/10.2.1/../../../../arm-none-eabi/lib/thumb/nofp/crt0.o
                0x080001e0                _stack_init
                0x08000268                _mainCRTStartup
                0x08000268                _start
                0x0800029c                __change_mode
                0x080002dc                change_back
 .text          0x08000300      0x23c ./stm32l4xx_hal.o
                0x08000302                HAL_MspDeInit
                0x08000304                HAL_DeInit
                0x08000330                HAL_InitTick
                0x0800037c                HAL_Init
                0x0800039a                HAL_IncTick
                0x080003b0                HAL_GetTick
                0x080003bc                HAL_GetTickPrio
                0x080003c8                HAL_SetTickFreq
                0x080003f0                HAL_GetTickFreq
                0x080003fc                HAL_Delay
                0x08000424                HAL_SuspendTick
                0x08000432                HAL_ResumeTick
                0x08000440                HAL_GetHalVersion
                0x08000448                HAL_GetREVID
                0x08000454                HAL_GetDEVID
                0x08000464                HAL_GetUIDw0
                0x08000470                HAL_GetUIDw1
                0x0800047c                HAL_GetUIDw2
                0x08000488                HAL_DBGMCU_EnableDBGSleepMode
                0x08000498                HAL_DBGMCU_DisableDBGSleepMode
                0x080004a8                HAL_DBGMCU_EnableDBGStopMode
                0x080004b8                HAL_DBGMCU_DisableDBGStopMode
                0x080004c8                HAL_DBGMCU_EnableDBGStandbyMode
                0x080004d8                HAL_DBGMCU_DisableDBGStandbyMode
                0x080004e8                HAL_SYSCFG_SRAM2Erase
                0x08000504                HAL_SYSCFG_EnableMemorySwappingBank
                0x08000510                HAL_SYSCFG_DisableMemorySwappingBank
                0x0800051c                HAL_SYSCFG_EnableIOAnalogSwitchBooster
                0x0800052c                HAL_SYSCFG_DisableIOAnalogSwitchBooster
 .text          0x0800053c      0x2c4 ./stm32l4xx_hal_cortex.o
                0x0800053c                HAL_NVIC_SetPriorityGrouping
                0x08000560                HAL_NVIC_SetPriority
                0x080005cc                HAL_NVIC_EnableIRQ
                0x080005e8                HAL_NVIC_DisableIRQ
                0x08000610                HAL_NVIC_SystemReset
                0x08000634                HAL_SYSTICK_Config
                0x0800065c                HAL_NVIC_GetPriorityGrouping
                0x0800066c                HAL_NVIC_GetPriority
                0x080006cc                HAL_NVIC_SetPendingIRQ
                0x080006ec                HAL_NVIC_GetPendingIRQ
                0x08000710                HAL_NVIC_ClearPendingIRQ
                0x08000730                HAL_NVIC_GetActive
                0x08000754                HAL_SYSTICK_CLKSourceConfig
                0x0800076a                HAL_SYSTICK_Callback
                0x0800076c                HAL_SYSTICK_IRQHandler
                0x08000774                HAL_MPU_Enable
                0x0800078c                HAL_MPU_Disable
                0x080007a0                HAL_MPU_ConfigRegion
 .text          0x08000800        0x0 ./stm32l4xx_hal_crc.o
 .text          0x08000800        0x0 ./stm32l4xx_hal_crc_ex.o
 .text          0x08000800        0x0 ./stm32l4xx_hal_cryp.o
 .text          0x08000800        0x0 ./stm32l4xx_hal_cryp_ex.o
 .text          0x08000800      0x5d8 ./stm32l4xx_hal_dma.o
                0x08000800                HAL_DMA_Init
                0x08000904                HAL_DMA_DeInit
                0x080009c8                HAL_DMA_Start
                0x08000a48                HAL_DMA_Start_IT
                0x08000aec                HAL_DMA_Abort
                0x08000b36                HAL_DMA_Abort_IT
                0x08000b86                HAL_DMA_PollForTransfer
                0x08000c66                HAL_DMA_IRQHandler
                0x08000d2a                HAL_DMA_RegisterCallback
                0x08000d70                HAL_DMA_UnRegisterCallback
                0x08000dcc                HAL_DMA_GetState
                0x08000dd2                HAL_DMA_GetError
 .text          0x08000dd8        0x0 ./stm32l4xx_hal_dma_ex.o
 .text          0x08000dd8      0x2c0 ./stm32l4xx_hal_exti.o
                0x08000dd8                HAL_EXTI_SetConfigLine
                0x08000ea4                HAL_EXTI_GetConfigLine
                0x08000f5c                HAL_EXTI_ClearConfigLine
                0x08000ffc                HAL_EXTI_RegisterCallback
                0x0800100a                HAL_EXTI_GetHandle
                0x08001016                HAL_EXTI_IRQHandler
                0x08001040                HAL_EXTI_GetPending
                0x08001060                HAL_EXTI_ClearPending
                0x0800107c                HAL_EXTI_GenerateSWI
 .text          0x08001098      0x3b8 ./stm32l4xx_hal_flash.o
                0x080010c8                HAL_FLASH_Program_IT
                0x08001164                HAL_FLASH_EndOfOperationCallback
                0x08001166                HAL_FLASH_OperationErrorCallback
                0x08001168                HAL_FLASH_IRQHandler
                0x0800128c                HAL_FLASH_Unlock
                0x080012b4                HAL_FLASH_Lock
                0x080012c8                HAL_FLASH_OB_Unlock
                0x080012f0                HAL_FLASH_OB_Lock
                0x08001304                HAL_FLASH_GetError
                0x08001310                FLASH_WaitForLastOperation
                0x08001378                HAL_FLASH_Program
                0x08001434                HAL_FLASH_OB_Launch
 .text          0x08001450      0x588 ./stm32l4xx_hal_flash_ex.o
                0x08001470                HAL_FLASHEx_OBProgram
                0x080016f4                HAL_FLASHEx_OBGetConfig
                0x08001794                FLASH_PageErase
                0x080017bc                HAL_FLASHEx_Erase_IT
                0x08001874                FLASH_FlushCaches
                0x080018d4                HAL_FLASHEx_Erase
 .text          0x080019d8      0x304 ./stm32l4xx_hal_gpio.o
                0x080019d8                HAL_GPIO_Init
                0x08001b78                HAL_GPIO_DeInit
                0x08001c74                HAL_GPIO_ReadPin
                0x08001c80                HAL_GPIO_WritePin
                0x08001c8a                HAL_GPIO_TogglePin
                0x08001c96                HAL_GPIO_LockPin
                0x08001cc0                HAL_GPIO_EXTI_Callback
                0x08001cc2                HAL_GPIO_EXTI_IRQHandler
 .text          0x08001cdc     0x3214 ./stm32l4xx_hal_i2c.o
                0x0800214c                HAL_I2C_MspInit
                0x0800214e                HAL_I2C_Init
                0x08002202                HAL_I2C_MspDeInit
                0x08002204                HAL_I2C_DeInit
                0x08002236                HAL_I2C_Master_Transmit
                0x080023c4                HAL_I2C_Master_Receive
                0x08002550                HAL_I2C_Slave_Transmit
                0x080026e2                HAL_I2C_Slave_Receive
                0x08002854                HAL_I2C_Master_Transmit_IT
                0x080028ec                HAL_I2C_Master_Receive_IT
                0x08002984                HAL_I2C_Slave_Transmit_IT
                0x080029e8                HAL_I2C_Slave_Receive_IT
                0x08002a4c                HAL_I2C_Master_Transmit_DMA
                0x08002b9c                HAL_I2C_Master_Receive_DMA
                0x08002ce8                HAL_I2C_Slave_Transmit_DMA
                0x08002dd8                HAL_I2C_Slave_Receive_DMA
                0x08002ecc                HAL_I2C_Mem_Write
                0x0800307c                HAL_I2C_Mem_Read
                0x08003238                HAL_I2C_Mem_Write_IT
                0x0800331c                HAL_I2C_Mem_Read_IT
                0x08003404                HAL_I2C_Mem_Write_DMA
                0x08003568                HAL_I2C_Mem_Read_DMA
                0x080036d4                HAL_I2C_IsDeviceReady
                0x0800383e                HAL_I2C_Master_Seq_Transmit_IT
                0x080038f4                HAL_I2C_Master_Seq_Transmit_DMA
                0x08003a68                HAL_I2C_Master_Seq_Receive_IT
                0x08003b1c                HAL_I2C_Master_Seq_Receive_DMA
                0x08003c90                HAL_I2C_Slave_Seq_Transmit_IT
                0x08003d68                HAL_I2C_Slave_Seq_Transmit_DMA
                0x08003f08                HAL_I2C_Slave_Seq_Receive_IT
                0x08003fe0                HAL_I2C_Slave_Seq_Receive_DMA
                0x0800417c                HAL_I2C_EnableListen_IT
                0x080041a8                HAL_I2C_DisableListen_IT
                0x080041e2                HAL_I2C_Master_Abort_IT
                0x08004268                HAL_I2C_EV_IRQHandler
                0x08004278                HAL_I2C_MasterTxCpltCallback
                0x0800427a                HAL_I2C_MasterRxCpltCallback
                0x080042d0                HAL_I2C_SlaveTxCpltCallback
                0x080042d2                HAL_I2C_SlaveRxCpltCallback
                0x08004398                HAL_I2C_AddrCallback
                0x08004438                HAL_I2C_ListenCpltCallback
                0x080044a0                HAL_I2C_MemTxCpltCallback
                0x080044a2                HAL_I2C_MemRxCpltCallback
                0x080044a4                HAL_I2C_ErrorCallback
                0x080044a6                HAL_I2C_AbortCpltCallback
                0x08004e40                HAL_I2C_ER_IRQHandler
                0x08004ee0                HAL_I2C_GetState
                0x08004ee6                HAL_I2C_GetMode
                0x08004eec                HAL_I2C_GetError
 .text          0x08004ef0      0x1b4 ./stm32l4xx_hal_i2c_ex.o
                0x08004ef0                HAL_I2CEx_ConfigAnalogFilter
                0x08004f4c                HAL_I2CEx_ConfigDigitalFilter
                0x08004fa4                HAL_I2CEx_EnableWakeUp
                0x08004ff8                HAL_I2CEx_DisableWakeUp
                0x0800504c                HAL_I2CEx_EnableFastModePlus
                0x08005078                HAL_I2CEx_DisableFastModePlus
 .text          0x080050a4        0x0 ./stm32l4xx_hal_iwdg.o
 .text          0x080050a4        0x0 ./stm32l4xx_hal_lptim.o
 .text          0x080050a4      0x1dc ./stm32l4xx_hal_pwr.o
                0x080050a4                HAL_PWR_DeInit
                0x080050bc                HAL_PWR_EnableBkUpAccess
                0x080050cc                HAL_PWR_DisableBkUpAccess
                0x080050dc                HAL_PWR_ConfigPVD
                0x08005160                HAL_PWR_EnablePVD
                0x08005170                HAL_PWR_DisablePVD
                0x08005180                HAL_PWR_EnableWakeUpPin
                0x080051a0                HAL_PWR_DisableWakeUpPin
                0x080051b4                HAL_PWR_EnterSLEEPMode
                0x08005200                HAL_PWR_EnterSTOPMode
                0x08005218                HAL_PWR_EnterSTANDBYMode
                0x0800523c                HAL_PWR_EnableSleepOnExit
                0x0800524c                HAL_PWR_DisableSleepOnExit
                0x0800525c                HAL_PWR_EnableSEVOnPend
                0x0800526c                HAL_PWR_DisableSEVOnPend
                0x0800527c                HAL_PWR_PVDCallback
 .text          0x08005280      0x70c ./stm32l4xx_hal_pwr_ex.o
                0x08005280                HAL_PWREx_GetVoltageRange
                0x08005290                HAL_PWREx_ControlVoltageScaling
                0x08005324                HAL_PWREx_EnableBatteryCharging
                0x08005340                HAL_PWREx_DisableBatteryCharging
                0x08005350                HAL_PWREx_EnableVddUSB
                0x08005360                HAL_PWREx_DisableVddUSB
                0x08005370                HAL_PWREx_EnableInternalWakeUpLine
                0x08005380                HAL_PWREx_DisableInternalWakeUpLine
                0x08005390                HAL_PWREx_EnableGPIOPullUp
                0x0800541c                HAL_PWREx_DisableGPIOPullUp
                0x08005484                HAL_PWREx_EnableGPIOPullDown
                0x08005510                HAL_PWREx_DisableGPIOPullDown
                0x0800557c                HAL_PWREx_EnablePullUpPullDownConfig
                0x0800558c                HAL_PWREx_DisablePullUpPullDownConfig
                0x0800559c                HAL_PWREx_SetSRAM2ContentRetention
                0x080055c8                HAL_PWREx_EnableSRAM2ContentRetention
                0x080055d4                HAL_PWREx_DisableSRAM2ContentRetention
                0x080055de                HAL_PWREx_EnableBORPVD_ULP
                0x080055f0                HAL_PWREx_DisableBORPVD_ULP
                0x08005600                HAL_PWREx_EnableExtSMPS_0V95
                0x08005610                HAL_PWREx_DisableExtSMPS_0V95
                0x08005620                HAL_PWREx_EnablePVM1
                0x08005630                HAL_PWREx_DisablePVM1
                0x08005640                HAL_PWREx_EnablePVM3
                0x08005650                HAL_PWREx_DisablePVM3
                0x08005660                HAL_PWREx_EnablePVM4
                0x08005670                HAL_PWREx_DisablePVM4
                0x08005680                HAL_PWREx_ConfigPVM
                0x080057ec                HAL_PWREx_EnableLowPowerRunMode
                0x080057fc                HAL_PWREx_DisableLowPowerRunMode
                0x08005850                HAL_PWREx_EnterSTOP0Mode
                0x08005888                HAL_PWREx_EnterSTOP1Mode
                0x080058c4                HAL_PWREx_EnterSTOP2Mode
                0x08005900                HAL_PWREx_EnterSHUTDOWNMode
                0x08005924                HAL_PWREx_PVM1Callback
                0x08005926                HAL_PWREx_PVM3Callback
                0x08005928                HAL_PWREx_PVM4Callback
                0x0800592a                HAL_PWREx_PVD_PVM_IRQHandler
 .text          0x0800598c        0x0 ./stm32l4xx_hal_qspi.o
 .text          0x0800598c      0xc70 ./stm32l4xx_hal_rcc.o
                0x08005a14                HAL_RCC_DeInit
                0x08005af4                HAL_RCC_MCOConfig
                0x08005b44                HAL_RCC_GetSysClockFreq
                0x08005bec                HAL_RCC_OscConfig
                0x080062dc                HAL_RCC_ClockConfig
                0x0800643c                HAL_RCC_GetHCLKFreq
                0x08006448                HAL_RCC_GetPCLK1Freq
                0x0800646c                HAL_RCC_GetPCLK2Freq
                0x08006490                HAL_RCC_GetOscConfig
                0x0800658c                HAL_RCC_GetClockConfig
                0x080065c8                HAL_RCC_EnableCSS
                0x080065d8                HAL_RCC_CSSCallback
                0x080065da                HAL_RCC_NMI_IRQHandler
 .text          0x080065fc      0xb98 ./stm32l4xx_hal_rcc_ex.o
                0x080065fc                HAL_RCCEx_PeriphCLKConfig
                0x08006838                HAL_RCCEx_GetPeriphCLKConfig
                0x080068c0                HAL_RCCEx_GetPeriphCLKFreq
                0x08006df4                HAL_RCCEx_WakeUpStopCLKConfig
                0x08006e08                HAL_RCCEx_StandbyMSIRangeConfig
                0x08006e20                HAL_RCCEx_EnableLSECSS
                0x08006e34                HAL_RCCEx_DisableLSECSS
                0x08006e50                HAL_RCCEx_EnableLSECSS_IT
                0x08006e80                HAL_RCCEx_LSECSS_Callback
                0x08006e82                HAL_RCCEx_LSECSS_IRQHandler
                0x08006ea4                HAL_RCCEx_EnableLSCO
                0x08006f50                HAL_RCCEx_DisableLSCO
                0x08006fc4                HAL_RCCEx_EnableMSIPLLMode
                0x08006fd4                HAL_RCCEx_DisableMSIPLLMode
                0x08006fe4                HAL_RCCEx_CRSConfig
                0x08007030                HAL_RCCEx_CRSSoftwareSynchronizationGenerate
                0x08007040                HAL_RCCEx_CRSGetSynchronizationInfo
                0x08007064                HAL_RCCEx_CRSWaitSynchronization
                0x08007104                HAL_RCCEx_CRS_SyncOkCallback
                0x08007106                HAL_RCCEx_CRS_SyncWarnCallback
                0x08007108                HAL_RCCEx_CRS_ExpectedSyncCallback
                0x0800710a                HAL_RCCEx_CRS_ErrorCallback
                0x0800710c                HAL_RCCEx_CRS_IRQHandler
 .text          0x08007194        0x0 ./stm32l4xx_hal_rtc.o
 .text          0x08007194        0x0 ./stm32l4xx_hal_rtc_ex.o
 .text          0x08007194        0x0 ./stm32l4xx_hal_spi.o
 .text          0x08007194        0x0 ./stm32l4xx_hal_spi_ex.o
 .text          0x08007194        0x0 ./stm32l4xx_hal_tim.o
 .text          0x08007194        0x0 ./stm32l4xx_hal_tim_ex.o
 .text          0x08007194     0x1730 ./stm32l4xx_hal_uart.o
                0x0800723e                HAL_UART_DeInit
                0x08007276                HAL_UART_Transmit_IT
                0x080072e0                HAL_UART_Receive_IT
                0x080073b8                HAL_UART_Transmit_DMA
                0x0800745c                HAL_UART_Receive_DMA
                0x08007508                HAL_UART_DMAPause
                0x08007570                HAL_UART_DMAResume
                0x080075ca                HAL_UART_DMAStop
                0x08007658                HAL_UART_Abort
                0x080076fe                HAL_UART_AbortTransmit
                0x0800774c                HAL_UART_AbortReceive
                0x080077b6                HAL_UART_TxCpltCallback
                0x080077ea                HAL_UART_TxHalfCpltCallback
                0x080077f6                HAL_UART_RxCpltCallback
                0x080078fa                HAL_UART_RxHalfCpltCallback
                0x08007906                HAL_UART_ErrorCallback
                0x0800795e                HAL_UART_IRQHandler
                0x08007b14                HAL_UART_AbortCpltCallback
                0x08007b16                HAL_UART_Abort_IT
                0x08007c5c                HAL_UART_AbortTransmitCpltCallback
                0x08007c5e                HAL_UART_AbortTransmit_IT
                0x08007cd4                HAL_UART_AbortReceiveCpltCallback
                0x08007cd6                HAL_UART_AbortReceive_IT
                0x08007d7e                HAL_UART_ReceiverTimeout_Config
                0x08007d98                HAL_UART_EnableReceiverTimeout
                0x08007de0                HAL_UART_DisableReceiverTimeout
                0x08007e28                HAL_MultiProcessor_EnterMuteMode
                0x08007e36                HAL_HalfDuplex_EnableTransmitter
                0x08007e6e                HAL_HalfDuplex_EnableReceiver
                0x08007ea6                HAL_LIN_SendBreak
                0x08007ed6                HAL_UART_GetState
                0x08007ede                HAL_UART_GetError
                0x08007ee2                UART_SetConfig
                0x08008290                UART_AdvFeatureConfig
                0x0800835a                UART_WaitOnFlagUntilTimeout
                0x08008410                HAL_UART_Transmit
                0x080084f4                HAL_UART_Receive
                0x08008614                UART_CheckIdleState
                0x08008680                HAL_UART_Init
                0x080086e2                HAL_HalfDuplex_Init
                0x08008750                HAL_LIN_Init
                0x080087e2                HAL_MultiProcessor_Init
                0x0800886c                HAL_MultiProcessor_EnableMuteMode
                0x08008898                HAL_MultiProcessor_DisableMuteMode
 .text          0x080088c4      0x1e8 ./stm32l4xx_hal_uart_ex.o
                0x080088c4                HAL_RS485Ex_Init
                0x08008946                HAL_UARTEx_WakeupCallback
                0x08008948                HAL_UARTEx_EnableClockStopMode
                0x0800896e                HAL_UARTEx_DisableClockStopMode
                0x08008994                HAL_MultiProcessorEx_AddressLength_Set
                0x080089ca                HAL_UARTEx_StopModeWakeUpSourceConfig
                0x08008a60                HAL_UARTEx_EnableStopMode
                0x08008a86                HAL_UARTEx_DisableStopMode
 .text          0x08008aac        0x0 ./stm32l4xx_hal_usart.o
 .text          0x08008aac        0x0 ./stm32l4xx_hal_usart_ex.o
 .text          0x08008aac        0x0 ./stm32l4xx_hal_wwdg.o
 .text          0x08008aac       0xf8 ./list.o
                0x08008aac                List_Init
                0x08008ace                List_Add_To_End
                0x08008b36                List_Add_To_Beginning
                0x08008ba0                List_Is_Empty
 .text          0x08008ba4      0x29c ./main.o
                0x08008ba4                SystemClock_Config
                0x08008c40                main
                0x08008e08                debugPrintln
                0x08008e3c                Error_Handler
 .text          0x08008e40        0x0 ./print.o
 .text          0x08008e40       0xf6 ./queue.o
                0x08008e40                Queue_Init
                0x08008e68                Queue_Get
                0x08008eac                Queue_Clear
                0x08008eae                Queue_IsEmpty
                0x08008eb2                Queue_IsFull
                0x08008ec8                Queue_Append
                0x08008f0a                Queue_Size
                0x08008f32                Queue_MaxSize
 *fill*         0x08008f36        0x2 
 .text          0x08008f38      0x154 ./stm32l4xx_hal_msp.o
                0x08008f38                HAL_MspInit
                0x08008f68                HAL_UART_MspInit
                0x08009040                HAL_UART_MspDeInit
 .text          0x0800908c       0x88 ./stm32l4xx_it.o
                0x0800908c                NMI_Handler
                0x0800908e                HardFault_Handler
                0x08009090                MemManage_Handler
                0x08009092                BusFault_Handler
                0x08009094                UsageFault_Handler
                0x08009096                SVC_Handler
                0x08009098                DebugMon_Handler
                0x0800909a                PendSV_Handler
                0x0800909c                SysTick_Handler
                0x080090a4                USART1_IRQHandler
                0x080090dc                USART2_IRQHandler
 .text          0x08009114      0x110 ./system_stm32l4xx.o
                0x08009114                SystemInit
                0x08009150                SystemCoreClockUpdate
 .text          0x08009224      0x288 ./ublox_gps.o
                0x080092e4                UBX_Get_Port_Config
                0x08009300                UBX_Set_Port_Config
                0x0800935e                UBX_Manage_Config
                0x0800938a                UBX_Set_Message_Rate
                0x080093ac                UBX_GPS_Init
                0x08009430                UBX_Get_Message_Rate
                0x0800944e                UBX_IRQ_Handler
 .text          0x080094ac      0xcc4 ./ublox_r4.o
                0x080094ac                SARA_R4_Init
                0x08009510                SARA_R4_Process_Messages
                0x08009512                SARA_R4_HW_Power_On
                0x08009536                SARA_R4_HW_Reset
                0x0800955a                SARA_R4_Set_Functionality_Level
                0x0800955e                SARA_R4_Set_Event_Reporting
                0x08009562                SARA_R4_Set_Timezone_Update
                0x08009566                SARA_R4_Get_Subscriber_Number
                0x0800956a                SARA_R4_Set_Operator
                0x0800956e                SARA_R4_Set_Network_Registration
                0x08009572                SARA_R4_Set_Network_Selection
                0x08009576                SARA_R4_Get_Band_Selection
                0x0800957a                SARA_R4_Set_Band_Selection
                0x0800957e                SARA_R4_Clear_Socket
                0x08009582                SARA_R4_Setup_Socket
                0x08009586                SARA_R4_Write_Socket
                0x0800958a                SARA_R4_Download_File
                0x0800958e                SARA_R4_Send
                0x080095e8                SARA_R4_Hex_Mode_Config
                0x080095f8                SARA_R4_Get_Functionality_Level
                0x08009614                SARA_R4_Get_Indications
                0x08009674                SARA_R4_Get_Signal_Quality
                0x08009690                SARA_R4_SendN
                0x08009704                SARA_R4_Receive
                0x08009764                SARA_R4_Get_Manufacturer_ID
                0x080097a8                SARA_R4_Get_Model_ID
                0x080097ec                SARA_R4_Get_Firmware_ID
                0x08009830                SARA_R4_Get_IMEI
                0x08009874                SARA_R4_Get_IMSI
                0x080098b8                SARA_R4_Get_ICCID
                0x080098fc                SARA_R4_Shutdown
                0x0800991c                SARA_R4_Get_Extended_Signal_Quality
                0x08009a68                SARA_R4_Get_RAT
                0x08009aa4                SARA_R4_Get_Operator
                0x08009ae8                SARA_R4_Get_Network_Registration
                0x08009b24                SARA_R4_Get_Network_Selection
                0x08009b60                SARA_R4_CPRF_Set_TLS
                0x08009d88                SARA_R4_Hex_Mode
                0x08009db8                SARA_R4_Create_Socket
                0x08009e10                SARA_R4_SSL_Mode_Config
                0x08009e44                SARA_R4_Connect_Socket
                0x08009e78                SARA_R4_Clear_File
                0x08009edc                SARA_R4_List_File
                0x08009f38                SARA_R4_Download_Block
                0x0800a03c                SARA_R4_IRQ_Handler
                0x0800a16c                Convert_From_ASCII
 .text          0x0800a170       0x14 ./startup_stm32l422xx.o
 .text          0x0800a184       0x3c c:/program files (x86)/gnu arm embedded toolchain/10 2020-q4-major/bin/../lib/gcc/arm-none-eabi/10.2.1/thumb/nofp\libgcc.a(_aeabi_uldivmod.o)
                0x0800a184                __aeabi_uldivmod
 .text          0x0800a1c0      0x19c c:/program files (x86)/gnu arm embedded toolchain/10 2020-q4-major/bin/../lib/gcc/arm-none-eabi/10.2.1/thumb/nofp\libgcc.a(_udivmoddi4.o)
                0x0800a1c0                __udivmoddi4
 .text          0x0800a35c        0x4 c:/program files (x86)/gnu arm embedded toolchain/10 2020-q4-major/bin/../lib/gcc/arm-none-eabi/10.2.1/thumb/nofp\libgcc.a(_dvmd_tls.o)
                0x0800a35c                __aeabi_idiv0
                0x0800a35c                __aeabi_ldiv0
 .text          0x0800a360       0x28 c:/program files (x86)/gnu arm embedded toolchain/10 2020-q4-major/bin/../lib/gcc/arm-none-eabi/10.2.1/thumb/nofp\libgcc.a(_clzdi2.o)
                0x0800a360                __clzdi2
 .text          0x0800a388       0x48 c:/program files (x86)/gnu arm embedded toolchain/10 2020-q4-major/bin/../lib/gcc/arm-none-eabi/10.2.1/thumb/nofp\libgcc.a(_clzsi2.o)
                0x0800a388                __clzsi2
 .text          0x0800a3d0        0x0 c:/program files (x86)/gnu arm embedded toolchain/10 2020-q4-major/bin/../lib/gcc/arm-none-eabi/10.2.1/../../../../arm-none-eabi/lib/thumb/nofp\libc.a(lib_a-atoi.o)
 .text          0x0800a3d0        0x0 c:/program files (x86)/gnu arm embedded toolchain/10 2020-q4-major/bin/../lib/gcc/arm-none-eabi/10.2.1/../../../../arm-none-eabi/lib/thumb/nofp\libc.a(lib_a-exit.o)
 .text          0x0800a3d0        0x0 c:/program files (x86)/gnu arm embedded toolchain/10 2020-q4-major/bin/../lib/gcc/arm-none-eabi/10.2.1/../../../../arm-none-eabi/lib/thumb/nofp\libc.a(lib_a-impure.o)
 .text          0x0800a3d0        0x0 c:/program files (x86)/gnu arm embedded toolchain/10 2020-q4-major/bin/../lib/gcc/arm-none-eabi/10.2.1/../../../../arm-none-eabi/lib/thumb/nofp\libc.a(lib_a-init.o)
 .text          0x0800a3d0        0x0 c:/program files (x86)/gnu arm embedded toolchain/10 2020-q4-major/bin/../lib/gcc/arm-none-eabi/10.2.1/../../../../arm-none-eabi/lib/thumb/nofp\libc.a(lib_a-malloc.o)
 .text          0x0800a3d0        0x0 c:/program files (x86)/gnu arm embedded toolchain/10 2020-q4-major/bin/../lib/gcc/arm-none-eabi/10.2.1/../../../../arm-none-eabi/lib/thumb/nofp\libc.a(lib_a-mallocr.o)
 .text          0x0800a3d0        0x0 c:/program files (x86)/gnu arm embedded toolchain/10 2020-q4-major/bin/../lib/gcc/arm-none-eabi/10.2.1/../../../../arm-none-eabi/lib/thumb/nofp\libc.a(lib_a-memcpy-stub.o)
 .text          0x0800a3d0        0x0 c:/program files (x86)/gnu arm embedded toolchain/10 2020-q4-major/bin/../lib/gcc/arm-none-eabi/10.2.1/../../../../arm-none-eabi/lib/thumb/nofp\libc.a(lib_a-memset.o)
 .text          0x0800a3d0        0x0 c:/program files (x86)/gnu arm embedded toolchain/10 2020-q4-major/bin/../lib/gcc/arm-none-eabi/10.2.1/../../../../arm-none-eabi/lib/thumb/nofp\libc.a(lib_a-mlock.o)
 .text          0x0800a3d0        0x0 c:/program files (x86)/gnu arm embedded toolchain/10 2020-q4-major/bin/../lib/gcc/arm-none-eabi/10.2.1/../../../../arm-none-eabi/lib/thumb/nofp\libc.a(lib_a-printf.o)
 .text          0x0800a3d0        0x0 c:/program files (x86)/gnu arm embedded toolchain/10 2020-q4-major/bin/../lib/gcc/arm-none-eabi/10.2.1/../../../../arm-none-eabi/lib/thumb/nofp\libc.a(lib_a-putchar.o)
 .text          0x0800a3d0        0x0 c:/program files (x86)/gnu arm embedded toolchain/10 2020-q4-major/bin/../lib/gcc/arm-none-eabi/10.2.1/../../../../arm-none-eabi/lib/thumb/nofp\libc.a(lib_a-sbrkr.o)
 .text          0x0800a3d0        0x0 c:/program files (x86)/gnu arm embedded toolchain/10 2020-q4-major/bin/../lib/gcc/arm-none-eabi/10.2.1/../../../../arm-none-eabi/lib/thumb/nofp\libc.a(lib_a-sprintf.o)
 .text          0x0800a3d0        0x0 c:/program files (x86)/gnu arm embedded toolchain/10 2020-q4-major/bin/../lib/gcc/arm-none-eabi/10.2.1/../../../../arm-none-eabi/lib/thumb/nofp\libc.a(lib_a-strchr.o)
 .text          0x0800a3d0        0x0 c:/program files (x86)/gnu arm embedded toolchain/10 2020-q4-major/bin/../lib/gcc/arm-none-eabi/10.2.1/../../../../arm-none-eabi/lib/thumb/nofp\libc.a(lib_a-strcpy.o)
 .text          0x0800a3d0        0x0 c:/program files (x86)/gnu arm embedded toolchain/10 2020-q4-major/bin/../lib/gcc/arm-none-eabi/10.2.1/../../../../arm-none-eabi/lib/thumb/nofp\libc.a(lib_a-strlen-stub.o)
 .text          0x0800a3d0        0x0 c:/program files (x86)/gnu arm embedded toolchain/10 2020-q4-major/bin/../lib/gcc/arm-none-eabi/10.2.1/../../../../arm-none-eabi/lib/thumb/nofp\libc.a(lib_a-strncat.o)
 .text          0x0800a3d0        0x0 c:/program files (x86)/gnu arm embedded toolchain/10 2020-q4-major/bin/../lib/gcc/arm-none-eabi/10.2.1/../../../../arm-none-eabi/lib/thumb/nofp\libc.a(lib_a-strtol.o)
 .text          0x0800a3d0        0x0 c:/program files (x86)/gnu arm embedded toolchain/10 2020-q4-major/bin/../lib/gcc/arm-none-eabi/10.2.1/../../../../arm-none-eabi/lib/thumb/nofp\libc.a(lib_a-svfprintf.o)
 .text          0x0800a3d0        0x0 c:/program files (x86)/gnu arm embedded toolchain/10 2020-q4-major/bin/../lib/gcc/arm-none-eabi/10.2.1/../../../../arm-none-eabi/lib/thumb/nofp\libc.a(lib_a-vfprintf.o)
 .text          0x0800a3d0        0x0 c:/program files (x86)/gnu arm embedded toolchain/10 2020-q4-major/bin/../lib/gcc/arm-none-eabi/10.2.1/../../../../arm-none-eabi/lib/thumb/nofp\libc.a(lib_a-wsetup.o)
 .text          0x0800a3d0        0x0 c:/program files (x86)/gnu arm embedded toolchain/10 2020-q4-major/bin/../lib/gcc/arm-none-eabi/10.2.1/../../../../arm-none-eabi/lib/thumb/nofp\libc.a(lib_a-__call_atexit.o)
 .text          0x0800a3d0        0x0 c:/program files (x86)/gnu arm embedded toolchain/10 2020-q4-major/bin/../lib/gcc/arm-none-eabi/10.2.1/../../../../arm-none-eabi/lib/thumb/nofp\libc.a(lib_a-atexit.o)
 .text          0x0800a3d0        0x0 c:/program files (x86)/gnu arm embedded toolchain/10 2020-q4-major/bin/../lib/gcc/arm-none-eabi/10.2.1/../../../../arm-none-eabi/lib/thumb/nofp\libc.a(lib_a-ctype_.o)
 .text          0x0800a3d0        0x0 c:/program files (x86)/gnu arm embedded toolchain/10 2020-q4-major/bin/../lib/gcc/arm-none-eabi/10.2.1/../../../../arm-none-eabi/lib/thumb/nofp\libc.a(lib_a-dtoa.o)
 .text          0x0800a3d0        0x0 c:/program files (x86)/gnu arm embedded toolchain/10 2020-q4-major/bin/../lib/gcc/arm-none-eabi/10.2.1/../../../../arm-none-eabi/lib/thumb/nofp\libc.a(lib_a-errno.o)
 .text          0x0800a3d0        0x0 c:/program files (x86)/gnu arm embedded toolchain/10 2020-q4-major/bin/../lib/gcc/arm-none-eabi/10.2.1/../../../../arm-none-eabi/lib/thumb/nofp\libc.a(lib_a-fflush.o)
 .text          0x0800a3d0        0x0 c:/program files (x86)/gnu arm embedded toolchain/10 2020-q4-major/bin/../lib/gcc/arm-none-eabi/10.2.1/../../../../arm-none-eabi/lib/thumb/nofp\libc.a(lib_a-findfp.o)
 .text          0x0800a3d0        0x0 c:/program files (x86)/gnu arm embedded toolchain/10 2020-q4-major/bin/../lib/gcc/arm-none-eabi/10.2.1/../../../../arm-none-eabi/lib/thumb/nofp\libc.a(lib_a-fini.o)
 .text          0x0800a3d0        0x0 c:/program files (x86)/gnu arm embedded toolchain/10 2020-q4-major/bin/../lib/gcc/arm-none-eabi/10.2.1/../../../../arm-none-eabi/lib/thumb/nofp\libc.a(lib_a-freer.o)
 .text          0x0800a3d0        0x0 c:/program files (x86)/gnu arm embedded toolchain/10 2020-q4-major/bin/../lib/gcc/arm-none-eabi/10.2.1/../../../../arm-none-eabi/lib/thumb/nofp\libc.a(lib_a-fwalk.o)
 .text          0x0800a3d0        0x0 c:/program files (x86)/gnu arm embedded toolchain/10 2020-q4-major/bin/../lib/gcc/arm-none-eabi/10.2.1/../../../../arm-none-eabi/lib/thumb/nofp\libc.a(lib_a-localeconv.o)
 .text          0x0800a3d0        0x0 c:/program files (x86)/gnu arm embedded toolchain/10 2020-q4-major/bin/../lib/gcc/arm-none-eabi/10.2.1/../../../../arm-none-eabi/lib/thumb/nofp\libc.a(lib_a-lock.o)
 .text          0x0800a3d0        0x0 c:/program files (x86)/gnu arm embedded toolchain/10 2020-q4-major/bin/../lib/gcc/arm-none-eabi/10.2.1/../../../../arm-none-eabi/lib/thumb/nofp\libc.a(lib_a-makebuf.o)
 .text          0x0800a3d0        0x0 c:/program files (x86)/gnu arm embedded toolchain/10 2020-q4-major/bin/../lib/gcc/arm-none-eabi/10.2.1/../../../../arm-none-eabi/lib/thumb/nofp\libc.a(lib_a-memchr-stub.o)
 .text          0x0800a3d0        0x0 c:/program files (x86)/gnu arm embedded toolchain/10 2020-q4-major/bin/../lib/gcc/arm-none-eabi/10.2.1/../../../../arm-none-eabi/lib/thumb/nofp\libc.a(lib_a-mprec.o)
 .text          0x0800a3d0        0x0 c:/program files (x86)/gnu arm embedded toolchain/10 2020-q4-major/bin/../lib/gcc/arm-none-eabi/10.2.1/../../../../arm-none-eabi/lib/thumb/nofp\libc.a(lib_a-putc.o)
 .text          0x0800a3d0        0x0 c:/program files (x86)/gnu arm embedded toolchain/10 2020-q4-major/bin/../lib/gcc/arm-none-eabi/10.2.1/../../../../arm-none-eabi/lib/thumb/nofp\libc.a(lib_a-reent.o)
 .text          0x0800a3d0        0x0 c:/program files (x86)/gnu arm embedded toolchain/10 2020-q4-major/bin/../lib/gcc/arm-none-eabi/10.2.1/../../../../arm-none-eabi/lib/thumb/nofp\libc.a(lib_a-s_frexp.o)
 .text          0x0800a3d0        0x0 c:/program files (x86)/gnu arm embedded toolchain/10 2020-q4-major/bin/../lib/gcc/arm-none-eabi/10.2.1/../../../../arm-none-eabi/lib/thumb/nofp\libc.a(lib_a-stdio.o)
 .text          0x0800a3d0        0x0 c:/program files (x86)/gnu arm embedded toolchain/10 2020-q4-major/bin/../lib/gcc/arm-none-eabi/10.2.1/../../../../arm-none-eabi/lib/thumb/nofp\libc.a(lib_a-strncpy.o)
 .text          0x0800a3d0        0x0 c:/program files (x86)/gnu arm embedded toolchain/10 2020-q4-major/bin/../lib/gcc/arm-none-eabi/10.2.1/../../../../arm-none-eabi/lib/thumb/nofp\libc.a(lib_a-svfiprintf.o)
 .text          0x0800a3d0        0x0 c:/program files (x86)/gnu arm embedded toolchain/10 2020-q4-major/bin/../lib/gcc/arm-none-eabi/10.2.1/../../../../arm-none-eabi/lib/thumb/nofp\libc.a(lib_a-vfiprintf.o)
 .text          0x0800a3d0        0x0 c:/program files (x86)/gnu arm embedded toolchain/10 2020-q4-major/bin/../lib/gcc/arm-none-eabi/10.2.1/../../../../arm-none-eabi/lib/thumb/nofp\libc.a(lib_a-wbuf.o)
 .text          0x0800a3d0        0x0 c:/program files (x86)/gnu arm embedded toolchain/10 2020-q4-major/bin/../lib/gcc/arm-none-eabi/10.2.1/../../../../arm-none-eabi/lib/thumb/nofp\libc.a(lib_a-writer.o)
 .text          0x0800a3d0        0x0 c:/program files (x86)/gnu arm embedded toolchain/10 2020-q4-major/bin/../lib/gcc/arm-none-eabi/10.2.1/../../../../arm-none-eabi/lib/thumb/nofp\libc.a(lib_a-__atexit.o)
 .text          0x0800a3d0        0x0 c:/program files (x86)/gnu arm embedded toolchain/10 2020-q4-major/bin/../lib/gcc/arm-none-eabi/10.2.1/../../../../arm-none-eabi/lib/thumb/nofp\libc.a(lib_a-assert.o)
 .text          0x0800a3d0        0x0 c:/program files (x86)/gnu arm embedded toolchain/10 2020-q4-major/bin/../lib/gcc/arm-none-eabi/10.2.1/../../../../arm-none-eabi/lib/thumb/nofp\libc.a(lib_a-callocr.o)
 .text          0x0800a3d0        0x0 c:/program files (x86)/gnu arm embedded toolchain/10 2020-q4-major/bin/../lib/gcc/arm-none-eabi/10.2.1/../../../../arm-none-eabi/lib/thumb/nofp\libc.a(lib_a-closer.o)
 .text          0x0800a3d0        0x0 c:/program files (x86)/gnu arm embedded toolchain/10 2020-q4-major/bin/../lib/gcc/arm-none-eabi/10.2.1/../../../../arm-none-eabi/lib/thumb/nofp\libc.a(lib_a-fclose.o)
 .text          0x0800a3d0        0x0 c:/program files (x86)/gnu arm embedded toolchain/10 2020-q4-major/bin/../lib/gcc/arm-none-eabi/10.2.1/../../../../arm-none-eabi/lib/thumb/nofp\libc.a(lib_a-fiprintf.o)
 .text          0x0800a3d0        0x0 c:/program files (x86)/gnu arm embedded toolchain/10 2020-q4-major/bin/../lib/gcc/arm-none-eabi/10.2.1/../../../../arm-none-eabi/lib/thumb/nofp\libc.a(lib_a-fputwc.o)
 .text          0x0800a3d0        0x0 c:/program files (x86)/gnu arm embedded toolchain/10 2020-q4-major/bin/../lib/gcc/arm-none-eabi/10.2.1/../../../../arm-none-eabi/lib/thumb/nofp\libc.a(lib_a-fstatr.o)
 .text          0x0800a3d0        0x0 c:/program files (x86)/gnu arm embedded toolchain/10 2020-q4-major/bin/../lib/gcc/arm-none-eabi/10.2.1/../../../../arm-none-eabi/lib/thumb/nofp\libc.a(lib_a-fvwrite.o)
 .text          0x0800a3d0        0x0 c:/program files (x86)/gnu arm embedded toolchain/10 2020-q4-major/bin/../lib/gcc/arm-none-eabi/10.2.1/../../../../arm-none-eabi/lib/thumb/nofp\libc.a(lib_a-isattyr.o)
 .text          0x0800a3d0        0x0 c:/program files (x86)/gnu arm embedded toolchain/10 2020-q4-major/bin/../lib/gcc/arm-none-eabi/10.2.1/../../../../arm-none-eabi/lib/thumb/nofp\libc.a(lib_a-locale.o)
 .text          0x0800a3d0        0x0 c:/program files (x86)/gnu arm embedded toolchain/10 2020-q4-major/bin/../lib/gcc/arm-none-eabi/10.2.1/../../../../arm-none-eabi/lib/thumb/nofp\libc.a(lib_a-lseekr.o)
 .text          0x0800a3d0        0x0 c:/program files (x86)/gnu arm embedded toolchain/10 2020-q4-major/bin/../lib/gcc/arm-none-eabi/10.2.1/../../../../arm-none-eabi/lib/thumb/nofp\libc.a(lib_a-mbtowc_r.o)
 .text          0x0800a3d0        0x0 c:/program files (x86)/gnu arm embedded toolchain/10 2020-q4-major/bin/../lib/gcc/arm-none-eabi/10.2.1/../../../../arm-none-eabi/lib/thumb/nofp\libc.a(lib_a-memmove.o)
 .text          0x0800a3d0        0x0 c:/program files (x86)/gnu arm embedded toolchain/10 2020-q4-major/bin/../lib/gcc/arm-none-eabi/10.2.1/../../../../arm-none-eabi/lib/thumb/nofp\libc.a(lib_a-readr.o)
 .text          0x0800a3d0        0x0 c:/program files (x86)/gnu arm embedded toolchain/10 2020-q4-major/bin/../lib/gcc/arm-none-eabi/10.2.1/../../../../arm-none-eabi/lib/thumb/nofp\libc.a(lib_a-reallocr.o)
 .text          0x0800a3d0      0x224 c:/program files (x86)/gnu arm embedded toolchain/10 2020-q4-major/bin/../lib/gcc/arm-none-eabi/10.2.1/../../../../arm-none-eabi/lib/thumb/nofp\libc.a(lib_a-strcmp.o)
                0x0800a3d0                strcmp
 .text          0x0800a5f4        0x0 c:/program files (x86)/gnu arm embedded toolchain/10 2020-q4-major/bin/../lib/gcc/arm-none-eabi/10.2.1/../../../../arm-none-eabi/lib/thumb/nofp\libc.a(lib_a-wcrtomb.o)
 .text          0x0800a5f4        0x0 c:/program files (x86)/gnu arm embedded toolchain/10 2020-q4-major/bin/../lib/gcc/arm-none-eabi/10.2.1/../../../../arm-none-eabi/lib/thumb/nofp\libc.a(lib_a-wctomb_r.o)
 .text          0x0800a5f4        0x0 c:/program files (x86)/gnu arm embedded toolchain/10 2020-q4-major/bin/../lib/gcc/arm-none-eabi/10.2.1/../../../../arm-none-eabi/lib/thumb/nofp\libc.a(lib_a-abort.o)
 .text          0x0800a5f4        0x0 c:/program files (x86)/gnu arm embedded toolchain/10 2020-q4-major/bin/../lib/gcc/arm-none-eabi/10.2.1/../../../../arm-none-eabi/lib/thumb/nofp\libc.a(lib_a-signal.o)
 .text          0x0800a5f4        0x0 c:/program files (x86)/gnu arm embedded toolchain/10 2020-q4-major/bin/../lib/gcc/arm-none-eabi/10.2.1/../../../../arm-none-eabi/lib/thumb/nofp\libc.a(lib_a-signalr.o)
 .text          0x0800a5f4      0x290 c:/program files (x86)/gnu arm embedded toolchain/10 2020-q4-major/bin/../lib/gcc/arm-none-eabi/10.2.1/thumb/nofp\libgcc.a(_arm_muldf3.o)
 .text          0x0800a884      0x11c c:/program files (x86)/gnu arm embedded toolchain/10 2020-q4-major/bin/../lib/gcc/arm-none-eabi/10.2.1/thumb/nofp\libgcc.a(_udivsi3.o)
                0x0800a884                __aeabi_uidiv
                0x0800a884                __udivsi3
                0x0800a980                __aeabi_uidivmod
 .text          0x0800a9a0      0x150 c:/program files (x86)/gnu arm embedded toolchain/10 2020-q4-major/bin/../lib/gcc/arm-none-eabi/10.2.1/thumb/nofp\libgcc.a(_divsi3.o)
                0x0800a9a0                __divsi3
                0x0800a9a0                __aeabi_idiv
                0x0800aad0                __aeabi_idivmod
 .text          0x0800aaf0      0x424 c:/program files (x86)/gnu arm embedded toolchain/10 2020-q4-major/bin/../lib/gcc/arm-none-eabi/10.2.1/thumb/nofp\libgcc.a(_arm_addsubdf3.o)
                0x0800aaf0                __aeabi_drsub
                0x0800aaf8                __aeabi_dsub
                0x0800aaf8                __subdf3
                0x0800aafc                __aeabi_dadd
                0x0800aafc                __adddf3
                0x0800ae0c                __floatunsidf
                0x0800ae0c                __aeabi_ui2d
                0x0800ae30                __floatsidf
                0x0800ae30                __aeabi_i2d
                0x0800ae58                __aeabi_f2d
                0x0800ae58                __extendsfdf2
                0x0800aea0                __floatundidf
                0x0800aea0                __aeabi_ul2d
                0x0800aeb4                __floatdidf
                0x0800aeb4                __aeabi_l2d
 .text          0x0800af14      0x49c c:/program files (x86)/gnu arm embedded toolchain/10 2020-q4-major/bin/../lib/gcc/arm-none-eabi/10.2.1/thumb/nofp\libgcc.a(_arm_muldivdf3.o)
                0x0800af14                __aeabi_dmul
                0x0800af14                __muldf3
                0x0800b1a4                __divdf3
                0x0800b1a4                __aeabi_ddiv
 .text          0x0800b3b0      0x144 c:/program files (x86)/gnu arm embedded toolchain/10 2020-q4-major/bin/../lib/gcc/arm-none-eabi/10.2.1/thumb/nofp\libgcc.a(_arm_cmpdf2.o)
                0x0800b3b0                __gtdf2
                0x0800b3b0                __gedf2
                0x0800b3b8                __ltdf2
                0x0800b3b8                __ledf2
                0x0800b3c0                __nedf2
                0x0800b3c0                __eqdf2
                0x0800b3c0                __cmpdf2
                0x0800b448                __aeabi_cdrcmple
                0x0800b464                __aeabi_cdcmpeq
                0x0800b464                __aeabi_cdcmple
                0x0800b47c                __aeabi_dcmpeq
                0x0800b494                __aeabi_dcmplt
                0x0800b4ac                __aeabi_dcmple
                0x0800b4c4                __aeabi_dcmpge
                0x0800b4dc                __aeabi_dcmpgt
 .text          0x0800b4f4       0x38 c:/program files (x86)/gnu arm embedded toolchain/10 2020-q4-major/bin/../lib/gcc/arm-none-eabi/10.2.1/thumb/nofp\libgcc.a(_arm_unorddf2.o)
                0x0800b4f4                __unorddf2
                0x0800b4f4                __aeabi_dcmpun
 .text          0x0800b52c       0x5c c:/program files (x86)/gnu arm embedded toolchain/10 2020-q4-major/bin/../lib/gcc/arm-none-eabi/10.2.1/thumb/nofp\libgcc.a(_arm_fixdfsi.o)
                0x0800b52c                __aeabi_d2iz
                0x0800b52c                __fixdfsi
 .text          0x0800b588        0x0 c:/program files (x86)/gnu arm embedded toolchain/10 2020-q4-major/bin/../lib/gcc/arm-none-eabi/10.2.1/../../../../arm-none-eabi/lib/thumb/nofp\libnosys.a(close.o)
 .text          0x0800b588        0x0 c:/program files (x86)/gnu arm embedded toolchain/10 2020-q4-major/bin/../lib/gcc/arm-none-eabi/10.2.1/../../../../arm-none-eabi/lib/thumb/nofp\libnosys.a(fstat.o)
 .text          0x0800b588        0x0 c:/program files (x86)/gnu arm embedded toolchain/10 2020-q4-major/bin/../lib/gcc/arm-none-eabi/10.2.1/../../../../arm-none-eabi/lib/thumb/nofp\libnosys.a(getpid.o)
 .text          0x0800b588        0x0 c:/program files (x86)/gnu arm embedded toolchain/10 2020-q4-major/bin/../lib/gcc/arm-none-eabi/10.2.1/../../../../arm-none-eabi/lib/thumb/nofp\libnosys.a(isatty.o)
 .text          0x0800b588        0x0 c:/program files (x86)/gnu arm embedded toolchain/10 2020-q4-major/bin/../lib/gcc/arm-none-eabi/10.2.1/../../../../arm-none-eabi/lib/thumb/nofp\libnosys.a(kill.o)
 .text          0x0800b588        0x0 c:/program files (x86)/gnu arm embedded toolchain/10 2020-q4-major/bin/../lib/gcc/arm-none-eabi/10.2.1/../../../../arm-none-eabi/lib/thumb/nofp\libnosys.a(lseek.o)
 .text          0x0800b588        0x0 c:/program files (x86)/gnu arm embedded toolchain/10 2020-q4-major/bin/../lib/gcc/arm-none-eabi/10.2.1/../../../../arm-none-eabi/lib/thumb/nofp\libnosys.a(read.o)
 .text          0x0800b588        0x0 c:/program files (x86)/gnu arm embedded toolchain/10 2020-q4-major/bin/../lib/gcc/arm-none-eabi/10.2.1/../../../../arm-none-eabi/lib/thumb/nofp\libnosys.a(sbrk.o)
 .text          0x0800b588        0x0 c:/program files (x86)/gnu arm embedded toolchain/10 2020-q4-major/bin/../lib/gcc/arm-none-eabi/10.2.1/../../../../arm-none-eabi/lib/thumb/nofp\libnosys.a(write.o)
 .text          0x0800b588        0x0 c:/program files (x86)/gnu arm embedded toolchain/10 2020-q4-major/bin/../lib/gcc/arm-none-eabi/10.2.1/../../../../arm-none-eabi/lib/thumb/nofp\libnosys.a(_exit.o)
 .text          0x0800b588        0x0 c:/program files (x86)/gnu arm embedded toolchain/10 2020-q4-major/bin/../lib/gcc/arm-none-eabi/10.2.1/thumb/nofp/crtend.o
 .text          0x0800b588        0x0 c:/program files (x86)/gnu arm embedded toolchain/10 2020-q4-major/bin/../lib/gcc/arm-none-eabi/10.2.1/thumb/nofp/crtn.o
 *(.text*)
 .text.Reset_Handler
                0x0800b588       0x50 ./startup_stm32l422xx.o
                0x0800b588                Reset_Handler
 .text.Default_Handler
                0x0800b5d8        0x2 ./startup_stm32l422xx.o
                0x0800b5d8                RTC_Alarm_IRQHandler
                0x0800b5d8                EXTI2_IRQHandler
                0x0800b5d8                TIM1_CC_IRQHandler
                0x0800b5d8                TSC_IRQHandler
                0x0800b5d8                TIM6_IRQHandler
                0x0800b5d8                TAMP_STAMP_IRQHandler
                0x0800b5d8                EXTI3_IRQHandler
                0x0800b5d8                LPTIM2_IRQHandler
                0x0800b5d8                I2C3_ER_IRQHandler
                0x0800b5d8                EXTI0_IRQHandler
                0x0800b5d8                I2C2_EV_IRQHandler
                0x0800b5d8                FPU_IRQHandler
                0x0800b5d8                TIM1_UP_TIM16_IRQHandler
                0x0800b5d8                ADC1_2_IRQHandler
                0x0800b5d8                SPI1_IRQHandler
                0x0800b5d8                DMA2_Channel2_IRQHandler
                0x0800b5d8                DMA1_Channel4_IRQHandler
                0x0800b5d8                USART3_IRQHandler
                0x0800b5d8                DMA1_Channel7_IRQHandler
                0x0800b5d8                DMA2_Channel1_IRQHandler
                0x0800b5d8                QUADSPI_IRQHandler
                0x0800b5d8                I2C1_EV_IRQHandler
                0x0800b5d8                DMA1_Channel6_IRQHandler
                0x0800b5d8                DMA2_Channel4_IRQHandler
                0x0800b5d8                RCC_IRQHandler
                0x0800b5d8                TIM1_TRG_COM_IRQHandler
                0x0800b5d8                DMA1_Channel1_IRQHandler
                0x0800b5d8                Default_Handler
                0x0800b5d8                DMA2_Channel7_IRQHandler
                0x0800b5d8                EXTI15_10_IRQHandler
                0x0800b5d8                I2C3_EV_IRQHandler
                0x0800b5d8                USB_IRQHandler
                0x0800b5d8                EXTI9_5_IRQHandler
                0x0800b5d8                RTC_WKUP_IRQHandler
                0x0800b5d8                PVD_PVM_IRQHandler
                0x0800b5d8                SPI2_IRQHandler
                0x0800b5d8                DMA2_Channel5_IRQHandler
                0x0800b5d8                CRS_IRQHandler
                0x0800b5d8                DMA1_Channel5_IRQHandler
                0x0800b5d8                EXTI4_IRQHandler
                0x0800b5d8                RNG_IRQHandler
                0x0800b5d8                DMA1_Channel3_IRQHandler
                0x0800b5d8                COMP_IRQHandler
                0x0800b5d8                WWDG_IRQHandler
                0x0800b5d8                LPUART1_IRQHandler
                0x0800b5d8                DMA2_Channel6_IRQHandler
                0x0800b5d8                TIM2_IRQHandler
                0x0800b5d8                EXTI1_IRQHandler
                0x0800b5d8                AES_IRQHandler
                0x0800b5d8                I2C2_ER_IRQHandler
                0x0800b5d8                DMA1_Channel2_IRQHandler
                0x0800b5d8                FLASH_IRQHandler
                0x0800b5d8                I2C1_ER_IRQHandler
                0x0800b5d8                LPTIM1_IRQHandler
                0x0800b5d8                DMA2_Channel3_IRQHandler
                0x0800b5d8                TIM1_BRK_TIM15_IRQHandler
 *fill*         0x0800b5da        0x2 
 .text.atoi     0x0800b5dc       0x10 c:/program files (x86)/gnu arm embedded toolchain/10 2020-q4-major/bin/../lib/gcc/arm-none-eabi/10.2.1/../../../../arm-none-eabi/lib/thumb/nofp\libc.a(lib_a-atoi.o)
                0x0800b5dc                atoi
 .text._atoi_r  0x0800b5ec       0x10 c:/program files (x86)/gnu arm embedded toolchain/10 2020-q4-major/bin/../lib/gcc/arm-none-eabi/10.2.1/../../../../arm-none-eabi/lib/thumb/nofp\libc.a(lib_a-atoi.o)
                0x0800b5ec                _atoi_r
 .text.exit     0x0800b5fc       0x28 c:/program files (x86)/gnu arm embedded toolchain/10 2020-q4-major/bin/../lib/gcc/arm-none-eabi/10.2.1/../../../../arm-none-eabi/lib/thumb/nofp\libc.a(lib_a-exit.o)
                0x0800b5fc                exit
 .text.__libc_init_array
                0x0800b624       0x50 c:/program files (x86)/gnu arm embedded toolchain/10 2020-q4-major/bin/../lib/gcc/arm-none-eabi/10.2.1/../../../../arm-none-eabi/lib/thumb/nofp\libc.a(lib_a-init.o)
                0x0800b624                __libc_init_array
 .text.malloc   0x0800b674       0x18 c:/program files (x86)/gnu arm embedded toolchain/10 2020-q4-major/bin/../lib/gcc/arm-none-eabi/10.2.1/../../../../arm-none-eabi/lib/thumb/nofp\libc.a(lib_a-malloc.o)
                0x0800b674                malloc
 .text.free     0x0800b68c       0x18 c:/program files (x86)/gnu arm embedded toolchain/10 2020-q4-major/bin/../lib/gcc/arm-none-eabi/10.2.1/../../../../arm-none-eabi/lib/thumb/nofp\libc.a(lib_a-malloc.o)
                0x0800b68c                free
 .text._malloc_r
                0x0800b6a4      0x588 c:/program files (x86)/gnu arm embedded toolchain/10 2020-q4-major/bin/../lib/gcc/arm-none-eabi/10.2.1/../../../../arm-none-eabi/lib/thumb/nofp\libc.a(lib_a-mallocr.o)
                0x0800b6a4                _malloc_r
 .text.memcpy   0x0800bc2c       0xa8 c:/program files (x86)/gnu arm embedded toolchain/10 2020-q4-major/bin/../lib/gcc/arm-none-eabi/10.2.1/../../../../arm-none-eabi/lib/thumb/nofp\libc.a(lib_a-memcpy-stub.o)
                0x0800bc2c                memcpy
 .text.memset   0x0800bcd4       0xb0 c:/program files (x86)/gnu arm embedded toolchain/10 2020-q4-major/bin/../lib/gcc/arm-none-eabi/10.2.1/../../../../arm-none-eabi/lib/thumb/nofp\libc.a(lib_a-memset.o)
                0x0800bcd4                memset
 .text.__malloc_lock
                0x0800bd84       0x14 c:/program files (x86)/gnu arm embedded toolchain/10 2020-q4-major/bin/../lib/gcc/arm-none-eabi/10.2.1/../../../../arm-none-eabi/lib/thumb/nofp\libc.a(lib_a-mlock.o)
                0x0800bd84                __malloc_lock
 .text.__malloc_unlock
                0x0800bd98       0x14 c:/program files (x86)/gnu arm embedded toolchain/10 2020-q4-major/bin/../lib/gcc/arm-none-eabi/10.2.1/../../../../arm-none-eabi/lib/thumb/nofp\libc.a(lib_a-mlock.o)
                0x0800bd98                __malloc_unlock
 .text._printf_r
                0x0800bdac       0x1c c:/program files (x86)/gnu arm embedded toolchain/10 2020-q4-major/bin/../lib/gcc/arm-none-eabi/10.2.1/../../../../arm-none-eabi/lib/thumb/nofp\libc.a(lib_a-printf.o)
                0x0800bdac                _printf_r
 .text.printf   0x0800bdc8       0x24 c:/program files (x86)/gnu arm embedded toolchain/10 2020-q4-major/bin/../lib/gcc/arm-none-eabi/10.2.1/../../../../arm-none-eabi/lib/thumb/nofp\libc.a(lib_a-printf.o)
                0x0800bdc8                printf
 .text._putchar_r
                0x0800bdec       0x10 c:/program files (x86)/gnu arm embedded toolchain/10 2020-q4-major/bin/../lib/gcc/arm-none-eabi/10.2.1/../../../../arm-none-eabi/lib/thumb/nofp\libc.a(lib_a-putchar.o)
                0x0800bdec                _putchar_r
 .text.putchar  0x0800bdfc       0x18 c:/program files (x86)/gnu arm embedded toolchain/10 2020-q4-major/bin/../lib/gcc/arm-none-eabi/10.2.1/../../../../arm-none-eabi/lib/thumb/nofp\libc.a(lib_a-putchar.o)
                0x0800bdfc                putchar
 .text._sbrk_r  0x0800be14       0x28 c:/program files (x86)/gnu arm embedded toolchain/10 2020-q4-major/bin/../lib/gcc/arm-none-eabi/10.2.1/../../../../arm-none-eabi/lib/thumb/nofp\libc.a(lib_a-sbrkr.o)
                0x0800be14                _sbrk_r
 .text._sprintf_r
                0x0800be3c       0x38 c:/program files (x86)/gnu arm embedded toolchain/10 2020-q4-major/bin/../lib/gcc/arm-none-eabi/10.2.1/../../../../arm-none-eabi/lib/thumb/nofp\libc.a(lib_a-sprintf.o)
                0x0800be3c                _sprintf_r
 .text.sprintf  0x0800be74       0x40 c:/program files (x86)/gnu arm embedded toolchain/10 2020-q4-major/bin/../lib/gcc/arm-none-eabi/10.2.1/../../../../arm-none-eabi/lib/thumb/nofp\libc.a(lib_a-sprintf.o)
                0x0800be74                sprintf
 .text.strchr   0x0800beb4       0xc4 c:/program files (x86)/gnu arm embedded toolchain/10 2020-q4-major/bin/../lib/gcc/arm-none-eabi/10.2.1/../../../../arm-none-eabi/lib/thumb/nofp\libc.a(lib_a-strchr.o)
                0x0800beb4                strchr
 .text.strcpy   0x0800bf78       0x10 c:/program files (x86)/gnu arm embedded toolchain/10 2020-q4-major/bin/../lib/gcc/arm-none-eabi/10.2.1/../../../../arm-none-eabi/lib/thumb/nofp\libc.a(lib_a-strcpy.o)
                0x0800bf78                strcpy
 .text.strlen   0x0800bf88       0x60 c:/program files (x86)/gnu arm embedded toolchain/10 2020-q4-major/bin/../lib/gcc/arm-none-eabi/10.2.1/../../../../arm-none-eabi/lib/thumb/nofp\libc.a(lib_a-strlen-stub.o)
                0x0800bf88                strlen
 .text.strncat  0x0800bfe8       0x68 c:/program files (x86)/gnu arm embedded toolchain/10 2020-q4-major/bin/../lib/gcc/arm-none-eabi/10.2.1/../../../../arm-none-eabi/lib/thumb/nofp\libc.a(lib_a-strncat.o)
                0x0800bfe8                strncat
 .text._strtol_l.part.0
                0x0800c050      0x150 c:/program files (x86)/gnu arm embedded toolchain/10 2020-q4-major/bin/../lib/gcc/arm-none-eabi/10.2.1/../../../../arm-none-eabi/lib/thumb/nofp\libc.a(lib_a-strtol.o)
 .text._strtol_r
                0x0800c1a0       0x20 c:/program files (x86)/gnu arm embedded toolchain/10 2020-q4-major/bin/../lib/gcc/arm-none-eabi/10.2.1/../../../../arm-none-eabi/lib/thumb/nofp\libc.a(lib_a-strtol.o)
                0x0800c1a0                _strtol_r
 .text.strtol_l
                0x0800c1c0       0x30 c:/program files (x86)/gnu arm embedded toolchain/10 2020-q4-major/bin/../lib/gcc/arm-none-eabi/10.2.1/../../../../arm-none-eabi/lib/thumb/nofp\libc.a(lib_a-strtol.o)
                0x0800c1c0                strtol_l
 .text.strtol   0x0800c1f0       0x30 c:/program files (x86)/gnu arm embedded toolchain/10 2020-q4-major/bin/../lib/gcc/arm-none-eabi/10.2.1/../../../../arm-none-eabi/lib/thumb/nofp\libc.a(lib_a-strtol.o)
                0x0800c1f0                strtol
 .text._svfprintf_r
                0x0800c220     0x1ba8 c:/program files (x86)/gnu arm embedded toolchain/10 2020-q4-major/bin/../lib/gcc/arm-none-eabi/10.2.1/../../../../arm-none-eabi/lib/thumb/nofp\libc.a(lib_a-svfprintf.o)
                0x0800c220                _svfprintf_r
 .text._vfprintf_r
                0x0800ddc8     0x1c6c c:/program files (x86)/gnu arm embedded toolchain/10 2020-q4-major/bin/../lib/gcc/arm-none-eabi/10.2.1/../../../../arm-none-eabi/lib/thumb/nofp\libc.a(lib_a-vfprintf.o)
                0x0800ddc8                _vfprintf_r
 .text.vfprintf
                0x0800fa34       0x1c c:/program files (x86)/gnu arm embedded toolchain/10 2020-q4-major/bin/../lib/gcc/arm-none-eabi/10.2.1/../../../../arm-none-eabi/lib/thumb/nofp\libc.a(lib_a-vfprintf.o)
                0x0800fa34                vfprintf
 .text.__sbprintf
                0x0800fa50       0x90 c:/program files (x86)/gnu arm embedded toolchain/10 2020-q4-major/bin/../lib/gcc/arm-none-eabi/10.2.1/../../../../arm-none-eabi/lib/thumb/nofp\libc.a(lib_a-vfprintf.o)
 .text.__swsetup_r
                0x0800fae0       0xe8 c:/program files (x86)/gnu arm embedded toolchain/10 2020-q4-major/bin/../lib/gcc/arm-none-eabi/10.2.1/../../../../arm-none-eabi/lib/thumb/nofp\libc.a(lib_a-wsetup.o)
                0x0800fae0                __swsetup_r
 .text.startup.register_fini
                0x0800fbc8       0x1c c:/program files (x86)/gnu arm embedded toolchain/10 2020-q4-major/bin/../lib/gcc/arm-none-eabi/10.2.1/../../../../arm-none-eabi/lib/thumb/nofp\libc.a(lib_a-__call_atexit.o)
 .text.__call_exitprocs
                0x0800fbe4      0x104 c:/program files (x86)/gnu arm embedded toolchain/10 2020-q4-major/bin/../lib/gcc/arm-none-eabi/10.2.1/../../../../arm-none-eabi/lib/thumb/nofp\libc.a(lib_a-__call_atexit.o)
                0x0800fbe4                __call_exitprocs
 .text.atexit   0x0800fce8       0x14 c:/program files (x86)/gnu arm embedded toolchain/10 2020-q4-major/bin/../lib/gcc/arm-none-eabi/10.2.1/../../../../arm-none-eabi/lib/thumb/nofp\libc.a(lib_a-atexit.o)
                0x0800fce8                atexit
 .text.quorem   0x0800fcfc      0x14c c:/program files (x86)/gnu arm embedded toolchain/10 2020-q4-major/bin/../lib/gcc/arm-none-eabi/10.2.1/../../../../arm-none-eabi/lib/thumb/nofp\libc.a(lib_a-dtoa.o)
 .text._dtoa_r  0x0800fe48     0x1020 c:/program files (x86)/gnu arm embedded toolchain/10 2020-q4-major/bin/../lib/gcc/arm-none-eabi/10.2.1/../../../../arm-none-eabi/lib/thumb/nofp\libc.a(lib_a-dtoa.o)
                0x0800fe48                _dtoa_r
 .text.__errno  0x08010e68        0xc c:/program files (x86)/gnu arm embedded toolchain/10 2020-q4-major/bin/../lib/gcc/arm-none-eabi/10.2.1/../../../../arm-none-eabi/lib/thumb/nofp\libc.a(lib_a-errno.o)
                0x08010e68                __errno
 .text.__sflush_r
                0x08010e74      0x16c c:/program files (x86)/gnu arm embedded toolchain/10 2020-q4-major/bin/../lib/gcc/arm-none-eabi/10.2.1/../../../../arm-none-eabi/lib/thumb/nofp\libc.a(lib_a-fflush.o)
                0x08010e74                __sflush_r
 .text._fflush_r
                0x08010fe0       0x70 c:/program files (x86)/gnu arm embedded toolchain/10 2020-q4-major/bin/../lib/gcc/arm-none-eabi/10.2.1/../../../../arm-none-eabi/lib/thumb/nofp\libc.a(lib_a-fflush.o)
                0x08010fe0                _fflush_r
 .text.fflush   0x08011050       0x7c c:/program files (x86)/gnu arm embedded toolchain/10 2020-q4-major/bin/../lib/gcc/arm-none-eabi/10.2.1/../../../../arm-none-eabi/lib/thumb/nofp\libc.a(lib_a-fflush.o)
                0x08011050                fflush
 .text._cleanup_r
                0x080110cc       0x14 c:/program files (x86)/gnu arm embedded toolchain/10 2020-q4-major/bin/../lib/gcc/arm-none-eabi/10.2.1/../../../../arm-none-eabi/lib/thumb/nofp\libc.a(lib_a-findfp.o)
                0x080110cc                _cleanup_r
 .text.__fp_lock
                0x080110e0       0x20 c:/program files (x86)/gnu arm embedded toolchain/10 2020-q4-major/bin/../lib/gcc/arm-none-eabi/10.2.1/../../../../arm-none-eabi/lib/thumb/nofp\libc.a(lib_a-findfp.o)
 .text.__fp_unlock
                0x08011100       0x20 c:/program files (x86)/gnu arm embedded toolchain/10 2020-q4-major/bin/../lib/gcc/arm-none-eabi/10.2.1/../../../../arm-none-eabi/lib/thumb/nofp\libc.a(lib_a-findfp.o)
 .text.__sfmoreglue
                0x08011120       0x34 c:/program files (x86)/gnu arm embedded toolchain/10 2020-q4-major/bin/../lib/gcc/arm-none-eabi/10.2.1/../../../../arm-none-eabi/lib/thumb/nofp\libc.a(lib_a-findfp.o)
                0x08011120                __sfmoreglue
 .text._cleanup
                0x08011154       0x1c c:/program files (x86)/gnu arm embedded toolchain/10 2020-q4-major/bin/../lib/gcc/arm-none-eabi/10.2.1/../../../../arm-none-eabi/lib/thumb/nofp\libc.a(lib_a-findfp.o)
                0x08011154                _cleanup
 .text.__sinit  0x08011170      0x124 c:/program files (x86)/gnu arm embedded toolchain/10 2020-q4-major/bin/../lib/gcc/arm-none-eabi/10.2.1/../../../../arm-none-eabi/lib/thumb/nofp\libc.a(lib_a-findfp.o)
                0x08011170                __sinit
 .text.__sfp    0x08011294       0xdc c:/program files (x86)/gnu arm embedded toolchain/10 2020-q4-major/bin/../lib/gcc/arm-none-eabi/10.2.1/../../../../arm-none-eabi/lib/thumb/nofp\libc.a(lib_a-findfp.o)
                0x08011294                __sfp
 .text.__sfp_lock_acquire
                0x08011370       0x14 c:/program files (x86)/gnu arm embedded toolchain/10 2020-q4-major/bin/../lib/gcc/arm-none-eabi/10.2.1/../../../../arm-none-eabi/lib/thumb/nofp\libc.a(lib_a-findfp.o)
                0x08011370                __sfp_lock_acquire
 .text.__sfp_lock_release
                0x08011384       0x14 c:/program files (x86)/gnu arm embedded toolchain/10 2020-q4-major/bin/../lib/gcc/arm-none-eabi/10.2.1/../../../../arm-none-eabi/lib/thumb/nofp\libc.a(lib_a-findfp.o)
                0x08011384                __sfp_lock_release
 .text.__sinit_lock_acquire
                0x08011398       0x14 c:/program files (x86)/gnu arm embedded toolchain/10 2020-q4-major/bin/../lib/gcc/arm-none-eabi/10.2.1/../../../../arm-none-eabi/lib/thumb/nofp\libc.a(lib_a-findfp.o)
                0x08011398                __sinit_lock_acquire
 .text.__sinit_lock_release
                0x080113ac       0x14 c:/program files (x86)/gnu arm embedded toolchain/10 2020-q4-major/bin/../lib/gcc/arm-none-eabi/10.2.1/../../../../arm-none-eabi/lib/thumb/nofp\libc.a(lib_a-findfp.o)
                0x080113ac                __sinit_lock_release
 .text.__fp_lock_all
                0x080113c0       0x24 c:/program files (x86)/gnu arm embedded toolchain/10 2020-q4-major/bin/../lib/gcc/arm-none-eabi/10.2.1/../../../../arm-none-eabi/lib/thumb/nofp\libc.a(lib_a-findfp.o)
                0x080113c0                __fp_lock_all
 .text.__fp_unlock_all
                0x080113e4       0x24 c:/program files (x86)/gnu arm embedded toolchain/10 2020-q4-major/bin/../lib/gcc/arm-none-eabi/10.2.1/../../../../arm-none-eabi/lib/thumb/nofp\libc.a(lib_a-findfp.o)
                0x080113e4                __fp_unlock_all
 .text.__libc_fini_array
                0x08011408       0x30 c:/program files (x86)/gnu arm embedded toolchain/10 2020-q4-major/bin/../lib/gcc/arm-none-eabi/10.2.1/../../../../arm-none-eabi/lib/thumb/nofp\libc.a(lib_a-fini.o)
                0x08011408                __libc_fini_array
 .text._malloc_trim_r
                0x08011438       0xa0 c:/program files (x86)/gnu arm embedded toolchain/10 2020-q4-major/bin/../lib/gcc/arm-none-eabi/10.2.1/../../../../arm-none-eabi/lib/thumb/nofp\libc.a(lib_a-freer.o)
                0x08011438                _malloc_trim_r
 .text._free_r  0x080114d8      0x1c8 c:/program files (x86)/gnu arm embedded toolchain/10 2020-q4-major/bin/../lib/gcc/arm-none-eabi/10.2.1/../../../../arm-none-eabi/lib/thumb/nofp\libc.a(lib_a-freer.o)
                0x080114d8                _free_r
 .text._fwalk   0x080116a0       0x48 c:/program files (x86)/gnu arm embedded toolchain/10 2020-q4-major/bin/../lib/gcc/arm-none-eabi/10.2.1/../../../../arm-none-eabi/lib/thumb/nofp\libc.a(lib_a-fwalk.o)
                0x080116a0                _fwalk
 .text._fwalk_reent
                0x080116e8       0x50 c:/program files (x86)/gnu arm embedded toolchain/10 2020-q4-major/bin/../lib/gcc/arm-none-eabi/10.2.1/../../../../arm-none-eabi/lib/thumb/nofp\libc.a(lib_a-fwalk.o)
                0x080116e8                _fwalk_reent
 .text.__localeconv_l
                0x08011738        0x4 c:/program files (x86)/gnu arm embedded toolchain/10 2020-q4-major/bin/../lib/gcc/arm-none-eabi/10.2.1/../../../../arm-none-eabi/lib/thumb/nofp\libc.a(lib_a-localeconv.o)
                0x08011738                __localeconv_l
 .text._localeconv_r
                0x0801173c        0x8 c:/program files (x86)/gnu arm embedded toolchain/10 2020-q4-major/bin/../lib/gcc/arm-none-eabi/10.2.1/../../../../arm-none-eabi/lib/thumb/nofp\libc.a(lib_a-localeconv.o)
                0x0801173c                _localeconv_r
 .text.localeconv
                0x08011744        0x8 c:/program files (x86)/gnu arm embedded toolchain/10 2020-q4-major/bin/../lib/gcc/arm-none-eabi/10.2.1/../../../../arm-none-eabi/lib/thumb/nofp\libc.a(lib_a-localeconv.o)
                0x08011744                localeconv
 .text.__retarget_lock_init
                0x0801174c        0x4 c:/program files (x86)/gnu arm embedded toolchain/10 2020-q4-major/bin/../lib/gcc/arm-none-eabi/10.2.1/../../../../arm-none-eabi/lib/thumb/nofp\libc.a(lib_a-lock.o)
                0x0801174c                __retarget_lock_init
 .text.__retarget_lock_init_recursive
                0x08011750        0x4 c:/program files (x86)/gnu arm embedded toolchain/10 2020-q4-major/bin/../lib/gcc/arm-none-eabi/10.2.1/../../../../arm-none-eabi/lib/thumb/nofp\libc.a(lib_a-lock.o)
                0x08011750                __retarget_lock_init_recursive
 .text.__retarget_lock_close
                0x08011754        0x4 c:/program files (x86)/gnu arm embedded toolchain/10 2020-q4-major/bin/../lib/gcc/arm-none-eabi/10.2.1/../../../../arm-none-eabi/lib/thumb/nofp\libc.a(lib_a-lock.o)
                0x08011754                __retarget_lock_close
 .text.__retarget_lock_close_recursive
                0x08011758        0x4 c:/program files (x86)/gnu arm embedded toolchain/10 2020-q4-major/bin/../lib/gcc/arm-none-eabi/10.2.1/../../../../arm-none-eabi/lib/thumb/nofp\libc.a(lib_a-lock.o)
                0x08011758                __retarget_lock_close_recursive
 .text.__retarget_lock_acquire
                0x0801175c        0x4 c:/program files (x86)/gnu arm embedded toolchain/10 2020-q4-major/bin/../lib/gcc/arm-none-eabi/10.2.1/../../../../arm-none-eabi/lib/thumb/nofp\libc.a(lib_a-lock.o)
                0x0801175c                __retarget_lock_acquire
 .text.__retarget_lock_acquire_recursive
                0x08011760        0x4 c:/program files (x86)/gnu arm embedded toolchain/10 2020-q4-major/bin/../lib/gcc/arm-none-eabi/10.2.1/../../../../arm-none-eabi/lib/thumb/nofp\libc.a(lib_a-lock.o)
                0x08011760                __retarget_lock_acquire_recursive
 .text.__retarget_lock_try_acquire
                0x08011764        0x4 c:/program files (x86)/gnu arm embedded toolchain/10 2020-q4-major/bin/../lib/gcc/arm-none-eabi/10.2.1/../../../../arm-none-eabi/lib/thumb/nofp\libc.a(lib_a-lock.o)
                0x08011764                __retarget_lock_try_acquire
 .text.__retarget_lock_try_acquire_recursive
                0x08011768        0x4 c:/program files (x86)/gnu arm embedded toolchain/10 2020-q4-major/bin/../lib/gcc/arm-none-eabi/10.2.1/../../../../arm-none-eabi/lib/thumb/nofp\libc.a(lib_a-lock.o)
                0x08011768                __retarget_lock_try_acquire_recursive
 .text.__retarget_lock_release
                0x0801176c        0x4 c:/program files (x86)/gnu arm embedded toolchain/10 2020-q4-major/bin/../lib/gcc/arm-none-eabi/10.2.1/../../../../arm-none-eabi/lib/thumb/nofp\libc.a(lib_a-lock.o)
                0x0801176c                __retarget_lock_release
 .text.__retarget_lock_release_recursive
                0x08011770        0x4 c:/program files (x86)/gnu arm embedded toolchain/10 2020-q4-major/bin/../lib/gcc/arm-none-eabi/10.2.1/../../../../arm-none-eabi/lib/thumb/nofp\libc.a(lib_a-lock.o)
                0x08011770                __retarget_lock_release_recursive
 .text.__smakebuf_r
                0x08011774       0xec c:/program files (x86)/gnu arm embedded toolchain/10 2020-q4-major/bin/../lib/gcc/arm-none-eabi/10.2.1/../../../../arm-none-eabi/lib/thumb/nofp\libc.a(lib_a-makebuf.o)
                0x08011774                __smakebuf_r
 .text.__swhatbuf_r
                0x08011860       0x64 c:/program files (x86)/gnu arm embedded toolchain/10 2020-q4-major/bin/../lib/gcc/arm-none-eabi/10.2.1/../../../../arm-none-eabi/lib/thumb/nofp\libc.a(lib_a-makebuf.o)
                0x08011860                __swhatbuf_r
 .text.memchr   0x080118c4       0x78 c:/program files (x86)/gnu arm embedded toolchain/10 2020-q4-major/bin/../lib/gcc/arm-none-eabi/10.2.1/../../../../arm-none-eabi/lib/thumb/nofp\libc.a(lib_a-memchr-stub.o)
                0x080118c4                memchr
 .text._Balloc  0x0801193c       0x54 c:/program files (x86)/gnu arm embedded toolchain/10 2020-q4-major/bin/../lib/gcc/arm-none-eabi/10.2.1/../../../../arm-none-eabi/lib/thumb/nofp\libc.a(lib_a-mprec.o)
                0x0801193c                _Balloc
 .text._Bfree   0x08011990       0x14 c:/program files (x86)/gnu arm embedded toolchain/10 2020-q4-major/bin/../lib/gcc/arm-none-eabi/10.2.1/../../../../arm-none-eabi/lib/thumb/nofp\libc.a(lib_a-mprec.o)
                0x08011990                _Bfree
 .text.__multadd
                0x080119a4       0xac c:/program files (x86)/gnu arm embedded toolchain/10 2020-q4-major/bin/../lib/gcc/arm-none-eabi/10.2.1/../../../../arm-none-eabi/lib/thumb/nofp\libc.a(lib_a-mprec.o)
                0x080119a4                __multadd
 .text.__s2b    0x08011a50       0xb4 c:/program files (x86)/gnu arm embedded toolchain/10 2020-q4-major/bin/../lib/gcc/arm-none-eabi/10.2.1/../../../../arm-none-eabi/lib/thumb/nofp\libc.a(lib_a-mprec.o)
                0x08011a50                __s2b
 .text.__hi0bits
                0x08011b04       0x38 c:/program files (x86)/gnu arm embedded toolchain/10 2020-q4-major/bin/../lib/gcc/arm-none-eabi/10.2.1/../../../../arm-none-eabi/lib/thumb/nofp\libc.a(lib_a-mprec.o)
                0x08011b04                __hi0bits
 .text.__lo0bits
                0x08011b3c       0x5c c:/program files (x86)/gnu arm embedded toolchain/10 2020-q4-major/bin/../lib/gcc/arm-none-eabi/10.2.1/../../../../arm-none-eabi/lib/thumb/nofp\libc.a(lib_a-mprec.o)
                0x08011b3c                __lo0bits
 .text.__i2b    0x08011b98       0x64 c:/program files (x86)/gnu arm embedded toolchain/10 2020-q4-major/bin/../lib/gcc/arm-none-eabi/10.2.1/../../../../arm-none-eabi/lib/thumb/nofp\libc.a(lib_a-mprec.o)
                0x08011b98                __i2b
 .text.__multiply
                0x08011bfc      0x1a8 c:/program files (x86)/gnu arm embedded toolchain/10 2020-q4-major/bin/../lib/gcc/arm-none-eabi/10.2.1/../../../../arm-none-eabi/lib/thumb/nofp\libc.a(lib_a-mprec.o)
                0x08011bfc                __multiply
 .text.__pow5mult
                0x08011da4       0xdc c:/program files (x86)/gnu arm embedded toolchain/10 2020-q4-major/bin/../lib/gcc/arm-none-eabi/10.2.1/../../../../arm-none-eabi/lib/thumb/nofp\libc.a(lib_a-mprec.o)
                0x08011da4                __pow5mult
 .text.__lshift
                0x08011e80      0x100 c:/program files (x86)/gnu arm embedded toolchain/10 2020-q4-major/bin/../lib/gcc/arm-none-eabi/10.2.1/../../../../arm-none-eabi/lib/thumb/nofp\libc.a(lib_a-mprec.o)
                0x08011e80                __lshift
 .text.__mcmp   0x08011f80       0x38 c:/program files (x86)/gnu arm embedded toolchain/10 2020-q4-major/bin/../lib/gcc/arm-none-eabi/10.2.1/../../../../arm-none-eabi/lib/thumb/nofp\libc.a(lib_a-mprec.o)
                0x08011f80                __mcmp
 .text.__mdiff  0x08011fb8      0x190 c:/program files (x86)/gnu arm embedded toolchain/10 2020-q4-major/bin/../lib/gcc/arm-none-eabi/10.2.1/../../../../arm-none-eabi/lib/thumb/nofp\libc.a(lib_a-mprec.o)
                0x08011fb8                __mdiff
 .text.__ulp    0x08012148       0x48 c:/program files (x86)/gnu arm embedded toolchain/10 2020-q4-major/bin/../lib/gcc/arm-none-eabi/10.2.1/../../../../arm-none-eabi/lib/thumb/nofp\libc.a(lib_a-mprec.o)
                0x08012148                __ulp
 .text.__b2d    0x08012190       0xcc c:/program files (x86)/gnu arm embedded toolchain/10 2020-q4-major/bin/../lib/gcc/arm-none-eabi/10.2.1/../../../../arm-none-eabi/lib/thumb/nofp\libc.a(lib_a-mprec.o)
                0x08012190                __b2d
 .text.__d2b    0x0801225c       0xdc c:/program files (x86)/gnu arm embedded toolchain/10 2020-q4-major/bin/../lib/gcc/arm-none-eabi/10.2.1/../../../../arm-none-eabi/lib/thumb/nofp\libc.a(lib_a-mprec.o)
                0x0801225c                __d2b
 .text.__ratio  0x08012338       0x6c c:/program files (x86)/gnu arm embedded toolchain/10 2020-q4-major/bin/../lib/gcc/arm-none-eabi/10.2.1/../../../../arm-none-eabi/lib/thumb/nofp\libc.a(lib_a-mprec.o)
                0x08012338                __ratio
 .text._mprec_log10
                0x080123a4       0x38 c:/program files (x86)/gnu arm embedded toolchain/10 2020-q4-major/bin/../lib/gcc/arm-none-eabi/10.2.1/../../../../arm-none-eabi/lib/thumb/nofp\libc.a(lib_a-mprec.o)
                0x080123a4                _mprec_log10
 .text.__copybits
                0x080123dc       0x44 c:/program files (x86)/gnu arm embedded toolchain/10 2020-q4-major/bin/../lib/gcc/arm-none-eabi/10.2.1/../../../../arm-none-eabi/lib/thumb/nofp\libc.a(lib_a-mprec.o)
                0x080123dc                __copybits
 .text.__any_on
                0x08012420       0x54 c:/program files (x86)/gnu arm embedded toolchain/10 2020-q4-major/bin/../lib/gcc/arm-none-eabi/10.2.1/../../../../arm-none-eabi/lib/thumb/nofp\libc.a(lib_a-mprec.o)
                0x08012420                __any_on
 .text._putc_r  0x08012474       0x7c c:/program files (x86)/gnu arm embedded toolchain/10 2020-q4-major/bin/../lib/gcc/arm-none-eabi/10.2.1/../../../../arm-none-eabi/lib/thumb/nofp\libc.a(lib_a-putc.o)
                0x08012474                _putc_r
 .text.putc     0x080124f0       0x84 c:/program files (x86)/gnu arm embedded toolchain/10 2020-q4-major/bin/../lib/gcc/arm-none-eabi/10.2.1/../../../../arm-none-eabi/lib/thumb/nofp\libc.a(lib_a-putc.o)
                0x080124f0                putc
 .text.cleanup_glue
                0x08012574       0x54 c:/program files (x86)/gnu arm embedded toolchain/10 2020-q4-major/bin/../lib/gcc/arm-none-eabi/10.2.1/../../../../arm-none-eabi/lib/thumb/nofp\libc.a(lib_a-reent.o)
                0x08012574                cleanup_glue
 .text._reclaim_reent
                0x080125c8       0xac c:/program files (x86)/gnu arm embedded toolchain/10 2020-q4-major/bin/../lib/gcc/arm-none-eabi/10.2.1/../../../../arm-none-eabi/lib/thumb/nofp\libc.a(lib_a-reent.o)
                0x080125c8                _reclaim_reent
 .text.frexp    0x08012674       0x68 c:/program files (x86)/gnu arm embedded toolchain/10 2020-q4-major/bin/../lib/gcc/arm-none-eabi/10.2.1/../../../../arm-none-eabi/lib/thumb/nofp\libc.a(lib_a-s_frexp.o)
                0x08012674                frexp
 .text.__sread  0x080126dc       0x2c c:/program files (x86)/gnu arm embedded toolchain/10 2020-q4-major/bin/../lib/gcc/arm-none-eabi/10.2.1/../../../../arm-none-eabi/lib/thumb/nofp\libc.a(lib_a-stdio.o)
                0x080126dc                __sread
 .text.__seofread
                0x08012708        0x4 c:/program files (x86)/gnu arm embedded toolchain/10 2020-q4-major/bin/../lib/gcc/arm-none-eabi/10.2.1/../../../../arm-none-eabi/lib/thumb/nofp\libc.a(lib_a-stdio.o)
                0x08012708                __seofread
 .text.__swrite
                0x0801270c       0x44 c:/program files (x86)/gnu arm embedded toolchain/10 2020-q4-major/bin/../lib/gcc/arm-none-eabi/10.2.1/../../../../arm-none-eabi/lib/thumb/nofp\libc.a(lib_a-stdio.o)
                0x0801270c                __swrite
 .text.__sseek  0x08012750       0x30 c:/program files (x86)/gnu arm embedded toolchain/10 2020-q4-major/bin/../lib/gcc/arm-none-eabi/10.2.1/../../../../arm-none-eabi/lib/thumb/nofp\libc.a(lib_a-stdio.o)
                0x08012750                __sseek
 .text.__sclose
                0x08012780       0x10 c:/program files (x86)/gnu arm embedded toolchain/10 2020-q4-major/bin/../lib/gcc/arm-none-eabi/10.2.1/../../../../arm-none-eabi/lib/thumb/nofp\libc.a(lib_a-stdio.o)
                0x08012780                __sclose
 .text.strncpy  0x08012790       0x74 c:/program files (x86)/gnu arm embedded toolchain/10 2020-q4-major/bin/../lib/gcc/arm-none-eabi/10.2.1/../../../../arm-none-eabi/lib/thumb/nofp\libc.a(lib_a-strncpy.o)
                0x08012790                strncpy
 .text.__ssprint_r
                0x08012804      0x118 c:/program files (x86)/gnu arm embedded toolchain/10 2020-q4-major/bin/../lib/gcc/arm-none-eabi/10.2.1/../../../../arm-none-eabi/lib/thumb/nofp\libc.a(lib_a-svfiprintf.o)
                0x08012804                __ssprint_r
 .text._svfiprintf_r
                0x0801291c      0xb84 c:/program files (x86)/gnu arm embedded toolchain/10 2020-q4-major/bin/../lib/gcc/arm-none-eabi/10.2.1/../../../../arm-none-eabi/lib/thumb/nofp\libc.a(lib_a-svfiprintf.o)
                0x0801291c                _svfiprintf_r
 .text.__sprint_r.part.0
                0x080134a0       0x8c c:/program files (x86)/gnu arm embedded toolchain/10 2020-q4-major/bin/../lib/gcc/arm-none-eabi/10.2.1/../../../../arm-none-eabi/lib/thumb/nofp\libc.a(lib_a-vfiprintf.o)
 .text.__sprint_r
                0x0801352c       0x18 c:/program files (x86)/gnu arm embedded toolchain/10 2020-q4-major/bin/../lib/gcc/arm-none-eabi/10.2.1/../../../../arm-none-eabi/lib/thumb/nofp\libc.a(lib_a-vfiprintf.o)
                0x0801352c                __sprint_r
 .text._vfiprintf_r
                0x08013544      0xdd4 c:/program files (x86)/gnu arm embedded toolchain/10 2020-q4-major/bin/../lib/gcc/arm-none-eabi/10.2.1/../../../../arm-none-eabi/lib/thumb/nofp\libc.a(lib_a-vfiprintf.o)
                0x08013544                _vfiprintf_r
 .text.vfiprintf
                0x08014318       0x1c c:/program files (x86)/gnu arm embedded toolchain/10 2020-q4-major/bin/../lib/gcc/arm-none-eabi/10.2.1/../../../../arm-none-eabi/lib/thumb/nofp\libc.a(lib_a-vfiprintf.o)
                0x08014318                vfiprintf
 .text.__sbprintf
                0x08014334       0x90 c:/program files (x86)/gnu arm embedded toolchain/10 2020-q4-major/bin/../lib/gcc/arm-none-eabi/10.2.1/../../../../arm-none-eabi/lib/thumb/nofp\libc.a(lib_a-vfiprintf.o)
 .text.__swbuf_r
                0x080143c4       0xd4 c:/program files (x86)/gnu arm embedded toolchain/10 2020-q4-major/bin/../lib/gcc/arm-none-eabi/10.2.1/../../../../arm-none-eabi/lib/thumb/nofp\libc.a(lib_a-wbuf.o)
                0x080143c4                __swbuf_r
 .text.__swbuf  0x08014498       0x1c c:/program files (x86)/gnu arm embedded toolchain/10 2020-q4-major/bin/../lib/gcc/arm-none-eabi/10.2.1/../../../../arm-none-eabi/lib/thumb/nofp\libc.a(lib_a-wbuf.o)
                0x08014498                __swbuf
 .text._write_r
                0x080144b4       0x2c c:/program files (x86)/gnu arm embedded toolchain/10 2020-q4-major/bin/../lib/gcc/arm-none-eabi/10.2.1/../../../../arm-none-eabi/lib/thumb/nofp\libc.a(lib_a-writer.o)
                0x080144b4                _write_r
 .text.__register_exitproc
                0x080144e0       0xb0 c:/program files (x86)/gnu arm embedded toolchain/10 2020-q4-major/bin/../lib/gcc/arm-none-eabi/10.2.1/../../../../arm-none-eabi/lib/thumb/nofp\libc.a(lib_a-__atexit.o)
                0x080144e0                __register_exitproc
 .text.__assert_func
                0x08014590       0x40 c:/program files (x86)/gnu arm embedded toolchain/10 2020-q4-major/bin/../lib/gcc/arm-none-eabi/10.2.1/../../../../arm-none-eabi/lib/thumb/nofp\libc.a(lib_a-assert.o)
                0x08014590                __assert_func
 .text.__assert
                0x080145d0        0xc c:/program files (x86)/gnu arm embedded toolchain/10 2020-q4-major/bin/../lib/gcc/arm-none-eabi/10.2.1/../../../../arm-none-eabi/lib/thumb/nofp\libc.a(lib_a-assert.o)
                0x080145d0                __assert
 .text._calloc_r
                0x080145dc       0x60 c:/program files (x86)/gnu arm embedded toolchain/10 2020-q4-major/bin/../lib/gcc/arm-none-eabi/10.2.1/../../../../arm-none-eabi/lib/thumb/nofp\libc.a(lib_a-callocr.o)
                0x080145dc                _calloc_r
 .text._close_r
                0x0801463c       0x28 c:/program files (x86)/gnu arm embedded toolchain/10 2020-q4-major/bin/../lib/gcc/arm-none-eabi/10.2.1/../../../../arm-none-eabi/lib/thumb/nofp\libc.a(lib_a-closer.o)
                0x0801463c                _close_r
 .text._fclose_r
                0x08014664       0xe4 c:/program files (x86)/gnu arm embedded toolchain/10 2020-q4-major/bin/../lib/gcc/arm-none-eabi/10.2.1/../../../../arm-none-eabi/lib/thumb/nofp\libc.a(lib_a-fclose.o)
                0x08014664                _fclose_r
 .text.fclose   0x08014748       0x18 c:/program files (x86)/gnu arm embedded toolchain/10 2020-q4-major/bin/../lib/gcc/arm-none-eabi/10.2.1/../../../../arm-none-eabi/lib/thumb/nofp\libc.a(lib_a-fclose.o)
                0x08014748                fclose
 .text._fiprintf_r
                0x08014760       0x18 c:/program files (x86)/gnu arm embedded toolchain/10 2020-q4-major/bin/../lib/gcc/arm-none-eabi/10.2.1/../../../../arm-none-eabi/lib/thumb/nofp\libc.a(lib_a-fiprintf.o)
                0x08014760                _fiprintf_r
 .text.fiprintf
                0x08014778       0x24 c:/program files (x86)/gnu arm embedded toolchain/10 2020-q4-major/bin/../lib/gcc/arm-none-eabi/10.2.1/../../../../arm-none-eabi/lib/thumb/nofp\libc.a(lib_a-fiprintf.o)
                0x08014778                fiprintf
 .text.__fputwc
                0x0801479c       0xb4 c:/program files (x86)/gnu arm embedded toolchain/10 2020-q4-major/bin/../lib/gcc/arm-none-eabi/10.2.1/../../../../arm-none-eabi/lib/thumb/nofp\libc.a(lib_a-fputwc.o)
                0x0801479c                __fputwc
 .text._fputwc_r
                0x08014850       0x64 c:/program files (x86)/gnu arm embedded toolchain/10 2020-q4-major/bin/../lib/gcc/arm-none-eabi/10.2.1/../../../../arm-none-eabi/lib/thumb/nofp\libc.a(lib_a-fputwc.o)
                0x08014850                _fputwc_r
 .text.fputwc   0x080148b4       0x7c c:/program files (x86)/gnu arm embedded toolchain/10 2020-q4-major/bin/../lib/gcc/arm-none-eabi/10.2.1/../../../../arm-none-eabi/lib/thumb/nofp\libc.a(lib_a-fputwc.o)
                0x080148b4                fputwc
 .text._fstat_r
                0x08014930       0x2c c:/program files (x86)/gnu arm embedded toolchain/10 2020-q4-major/bin/../lib/gcc/arm-none-eabi/10.2.1/../../../../arm-none-eabi/lib/thumb/nofp\libc.a(lib_a-fstatr.o)
                0x08014930                _fstat_r
 .text.__sfvwrite_r
                0x0801495c      0x31c c:/program files (x86)/gnu arm embedded toolchain/10 2020-q4-major/bin/../lib/gcc/arm-none-eabi/10.2.1/../../../../arm-none-eabi/lib/thumb/nofp\libc.a(lib_a-fvwrite.o)
                0x0801495c                __sfvwrite_r
 .text._isatty_r
                0x08014c78       0x28 c:/program files (x86)/gnu arm embedded toolchain/10 2020-q4-major/bin/../lib/gcc/arm-none-eabi/10.2.1/../../../../arm-none-eabi/lib/thumb/nofp\libc.a(lib_a-isattyr.o)
                0x08014c78                _isatty_r
 .text._setlocale_r
                0x08014ca0       0x48 c:/program files (x86)/gnu arm embedded toolchain/10 2020-q4-major/bin/../lib/gcc/arm-none-eabi/10.2.1/../../../../arm-none-eabi/lib/thumb/nofp\libc.a(lib_a-locale.o)
                0x08014ca0                _setlocale_r
 .text.__locale_mb_cur_max
                0x08014ce8       0x10 c:/program files (x86)/gnu arm embedded toolchain/10 2020-q4-major/bin/../lib/gcc/arm-none-eabi/10.2.1/../../../../arm-none-eabi/lib/thumb/nofp\libc.a(lib_a-locale.o)
                0x08014ce8                __locale_mb_cur_max
 .text.setlocale
                0x08014cf8       0x48 c:/program files (x86)/gnu arm embedded toolchain/10 2020-q4-major/bin/../lib/gcc/arm-none-eabi/10.2.1/../../../../arm-none-eabi/lib/thumb/nofp\libc.a(lib_a-locale.o)
                0x08014cf8                setlocale
 .text._lseek_r
                0x08014d40       0x2c c:/program files (x86)/gnu arm embedded toolchain/10 2020-q4-major/bin/../lib/gcc/arm-none-eabi/10.2.1/../../../../arm-none-eabi/lib/thumb/nofp\libc.a(lib_a-lseekr.o)
                0x08014d40                _lseek_r
 .text._mbtowc_r
                0x08014d6c       0x24 c:/program files (x86)/gnu arm embedded toolchain/10 2020-q4-major/bin/../lib/gcc/arm-none-eabi/10.2.1/../../../../arm-none-eabi/lib/thumb/nofp\libc.a(lib_a-mbtowc_r.o)
                0x08014d6c                _mbtowc_r
 .text.__ascii_mbtowc
                0x08014d90       0x2c c:/program files (x86)/gnu arm embedded toolchain/10 2020-q4-major/bin/../lib/gcc/arm-none-eabi/10.2.1/../../../../arm-none-eabi/lib/thumb/nofp\libc.a(lib_a-mbtowc_r.o)
                0x08014d90                __ascii_mbtowc
 .text.memmove  0x08014dbc       0xbc c:/program files (x86)/gnu arm embedded toolchain/10 2020-q4-major/bin/../lib/gcc/arm-none-eabi/10.2.1/../../../../arm-none-eabi/lib/thumb/nofp\libc.a(lib_a-memmove.o)
                0x08014dbc                memmove
 .text._read_r  0x08014e78       0x2c c:/program files (x86)/gnu arm embedded toolchain/10 2020-q4-major/bin/../lib/gcc/arm-none-eabi/10.2.1/../../../../arm-none-eabi/lib/thumb/nofp\libc.a(lib_a-readr.o)
                0x08014e78                _read_r
 .text._realloc_r
                0x08014ea4      0x3e8 c:/program files (x86)/gnu arm embedded toolchain/10 2020-q4-major/bin/../lib/gcc/arm-none-eabi/10.2.1/../../../../arm-none-eabi/lib/thumb/nofp\libc.a(lib_a-reallocr.o)
                0x08014ea4                _realloc_r
 .text._wcrtomb_r
                0x0801528c       0x4c c:/program files (x86)/gnu arm embedded toolchain/10 2020-q4-major/bin/../lib/gcc/arm-none-eabi/10.2.1/../../../../arm-none-eabi/lib/thumb/nofp\libc.a(lib_a-wcrtomb.o)
                0x0801528c                _wcrtomb_r
 .text.wcrtomb  0x080152d8       0x50 c:/program files (x86)/gnu arm embedded toolchain/10 2020-q4-major/bin/../lib/gcc/arm-none-eabi/10.2.1/../../../../arm-none-eabi/lib/thumb/nofp\libc.a(lib_a-wcrtomb.o)
                0x080152d8                wcrtomb
 .text._wctomb_r
                0x08015328       0x1c c:/program files (x86)/gnu arm embedded toolchain/10 2020-q4-major/bin/../lib/gcc/arm-none-eabi/10.2.1/../../../../arm-none-eabi/lib/thumb/nofp\libc.a(lib_a-wctomb_r.o)
                0x08015328                _wctomb_r
 .text.__ascii_wctomb
                0x08015344       0x1c c:/program files (x86)/gnu arm embedded toolchain/10 2020-q4-major/bin/../lib/gcc/arm-none-eabi/10.2.1/../../../../arm-none-eabi/lib/thumb/nofp\libc.a(lib_a-wctomb_r.o)
                0x08015344                __ascii_wctomb
 .text.abort    0x08015360       0x10 c:/program files (x86)/gnu arm embedded toolchain/10 2020-q4-major/bin/../lib/gcc/arm-none-eabi/10.2.1/../../../../arm-none-eabi/lib/thumb/nofp\libc.a(lib_a-abort.o)
                0x08015360                abort
 .text._init_signal_r
                0x08015370       0x38 c:/program files (x86)/gnu arm embedded toolchain/10 2020-q4-major/bin/../lib/gcc/arm-none-eabi/10.2.1/../../../../arm-none-eabi/lib/thumb/nofp\libc.a(lib_a-signal.o)